11-17 21:04:17.807 I/BootupListener( 2770): mPendingNetworkManualSelection : false
11-17 21:04:17.812 D/StatusChecker( 3679): onReceive : android.intent.action.SERVICE_STATE
11-17 21:04:17.817 D/StatusChecker( 3679): Service state changed : 0
11-17 21:04:17.842 D/dalvikvm( 5066): GC_CONCURRENT freed 1758K, 26% free 10681K/14288K, paused 3ms+11ms, total 65ms
11-17 21:04:18.663 E/SPPClientService( 5066): [b] __PingReply__
11-17 21:06:57.472 D/KeyguardUpdateMonitor( 2607): received broadcast android.intent.action.TIME_TICK
11-17 21:06:57.477 D/KeyguardUpdateMonitor( 2607): handleTimeUpdate
11-17 21:06:57.482 D/NtpTrustedTime( 2419): currentTimeMillis() cache hit
11-17 21:06:57.532 D/NtpTrustedTime( 2419): currentTimeMillis() cache hit
11-17 21:06:57.542 D/NtpTrustedTime( 2419): currentTimeMillis() cache hit
11-17 21:06:57.552 D/NtpTrustedTime( 2419): currentTimeMillis() cache hit
11-17 21:06:57.652 I/knox    ( 4442): InnerIntentReceiver.onReceive() : com.sec.knox.seandroid.alarm.LOG_UPLOAD_ALARM_INTENT
11-17 21:06:57.672 I/EventLogService( 3344): Aggregate from 1447788943883 (log), 1447788943883 (data)
11-17 21:06:57.682 D/knox    ( 4442): KNOXAgentService. startJobThread() start
11-17 21:06:57.682 D/knox    ( 4442): KNOXAgentService. JobThread()
11-17 21:06:57.682 D/knox    ( 4442): KNOXAgentService. JobThread. notifyAll().
11-17 21:06:57.682 W/Settings( 6065): Setting airplane_mode_on has moved from android.provider.Settings.System to android.provider.Settings.Global, returning read-only value.
11-17 21:06:57.682 D/knox    ( 4442): KNOXAgentService. startJobThread() wait
11-17 21:06:57.697 D/knox    ( 4442): startFileChecker
11-17 21:06:57.697 D/knox    ( 4442): KNOXAgentService : onCreate()
11-17 21:06:57.697 D/knox    ( 4442): KNOXAgentService : set alarms for deniallog and usage data upload
11-17 21:06:57.707 I/knox    ( 4442): start checking file is exist to uploading
11-17 21:06:57.722 D/knox    ( 4442): KNOXAgentService : onDestroy().
11-17 21:06:57.722 D/knox    ( 4442): ModuleBase.cancelAllAlarmManageModule()
11-17 21:08:19.367 D/KeyguardUpdateMonitor( 2607): received broadcast android.intent.action.TIME_TICK
11-17 21:08:19.367 D/KeyguardUpdateMonitor( 2607): handleTimeUpdate
11-17 21:08:21.407 E/SPPClientService( 5066): [b] __PingReply__
11-17 21:08:21.452 V/ClClient( 3872): V	2015-11-17T21:08:21.457+0100	[ci=k1DMXn01HP]	ACQueueManager   	ClClient       	SEND(20598)	GetMoreForFolderRequest_274(accountID:1, folderID:22, forceFolderExpansion:false)
11-17 21:08:21.457 W/ClClient( 3872): W	2015-11-17T21:08:21.459+0100	[ci=k1DMXn01HP]	ACQueueManager   	ClClient       	DISCARD(20598)   STOPPED
11-17 21:08:21.457 E/ACQueueManager( 3872): E	2015-11-17T21:08:21.461+0100	[ci=k1DMXn01HP]	ACQueueManager   	ACQueueManager 	Error on trying to begin sync on folder Kalender : OFFLINE
11-17 21:11:27.287 D/InputReader( 2419): Input event: value=1
11-17 21:11:27.287 D/InputReader( 2419): !@notifyKey(116), action=0
11-17 21:11:27.287 D/InputReader( 2419): Input event: value=0
11-17 21:11:27.287 D/InputReader( 2419): !@notifyKey(116), action=1
11-17 21:11:27.287 D/InputManager-JNI( 2419): !@interceptKeyBeforeQueueing(116), action=0
11-17 21:11:27.317 E/SamsungWindowManager( 2419): mCoreNumLockHelper.acquire
11-17 21:11:27.327 D/InputManager-JNI( 2419): !@handleInterceptActions(116), action=0
11-17 21:11:27.337 D/InputManager-JNI( 2419): !@interceptKeyBeforeQueueing(116), action=1
11-17 21:11:27.342 D/lights  ( 2419): button : 1 +
11-17 21:11:27.342 D/lights  ( 2419): button : 1 -
11-17 21:11:27.342 I/SensorManagerA( 2419): getReportingMode :: sensor.mType = 5
11-17 21:11:27.347 D/Sensors ( 2419): LightSensor setDelay = 200000000
11-17 21:11:27.347 D/Sensors ( 2419): LightSensor setSensorDelay = 200000000
11-17 21:11:27.347 D/Sensors ( 2419): Light sensor flush: not enabled 0
11-17 21:11:27.347 D/Sensors ( 2419): LightSensor enable = 1
11-17 21:11:27.347 D/Sensors ( 2419): LightSensor enableSensor = 1
11-17 21:11:27.347 D/SensorManager( 2419): registerListener :: 16, CM36686 Light Sensor, 200000, 0,  
11-17 21:11:27.347 I/SensorManagerA( 2419): getReportingMode :: sensor.mType = 1
11-17 21:11:27.347 I/Sensors ( 2419): HAL: batch Dry Run is complete
11-17 21:11:27.347 I/Sensors ( 2419): HAL:resetDataRates mEnabled=4
11-17 21:11:27.347 V/KeyguardServiceDelegate( 2419): onScreenTurnedOn(showListener = com.android.internal.policy.impl.PhoneWindowManager$32@43b30160)
11-17 21:11:27.352 D/InputManager-JNI( 2419): !@handleInterceptActions(116), action=1
11-17 21:11:27.352 D/KeyguardViewMediator( 2607): onScreenTurnedOn, seq = 140
11-17 21:11:27.352 D/KeyguardViewMediator( 2607): notifyScreenOnLocked
11-17 21:11:27.352 D/KeyguardViewMediator( 2607): handleNotifyScreenOn
11-17 21:11:27.352 D/KeyguardViewManager( 2607): onScreenTurnedOn()
11-17 21:11:27.352 I/KeyguardEffectViewMain( 2607): *** KeyguardEffectView getInstance ***
11-17 21:11:27.352 D/VisualEffectParticleEffect( 2607): KeyguardEffectViewParticleSpace : screenTurnedOn
11-17 21:11:27.357 D/VisualEffectParticleEffect( 2607): screenOnAnimationStart
11-17 21:11:27.357 V/KeyguardServiceDelegate( 2419): **** SHOWN CALLED ****
11-17 21:11:27.357 D/InputDispatcher( 2419): setInputDispatchMode: enabled=1, frozen=0
11-17 21:11:27.367 D/LockPatternUtils( 2607): isPcwEnable = 10
11-17 21:11:27.392 I/SurfaceFlinger( 1921): id=990 Removed FlectronBea (26/26)
11-17 21:11:27.392 I/SurfaceFlinger( 1921): id=990 Removed FlectronBea (-2/26)
11-17 21:11:27.427 D/SensorManager( 2419): registerListener :: 2, MPL Accelerometer, 200000, 0,  
11-17 21:11:27.447 D/LockPatternUtils( 2607): isPcwEnable = 10
11-17 21:11:27.452 I/FPMS_FingerprintManagerService( 2649): onReceive: android.intent.action.USER_PRESENT
11-17 21:11:27.452 D/KeyguardUpdateMonitor( 2607): sendKeyguardVisibilityChanged(true)
11-17 21:11:27.452 D/KeyguardUpdateMonitor( 2607): sendKeyguardVisibilityChanged(true)
11-17 21:11:27.462 D/SamsungIME( 6369): showDlgMsgBox : false true true
11-17 21:11:27.477 V/AllShare(ASF-DMC)(16727): SystemEventMonitor.checkScreenState - SCREEN STATE: USER_PRESENT
11-17 21:11:27.477 D/AllShare(ASF-DMC)(16727): NetworkStatusListener.eventNotifyReceived - this is not NIC related event!
11-17 21:11:27.477 D/AllShare(ASF-DMC)(16727): DeviceSubscriber.eventNotifyReceived - receive system event: com.sec.android.allshare.event.EVENT_USER_PRESENT
11-17 21:11:27.482 I/libsuspend( 2419): !@[s] autosuspend_autosleep_disable
11-17 21:11:27.482 I/libsuspend( 2419): !@[s] autosuspend_autosleep_disable done
11-17 21:11:27.482 D/lights  ( 2419): lcd : 8 +
11-17 21:11:27.482 D/SurfaceFlinger( 1921): Screen acquired, type=0 flinger=0x416d1550
11-17 21:11:27.482 D/KeyguardUpdateMonitor( 2607): handleKeyguardVisibilityChanged(1)
11-17 21:11:27.487 D/KeyguardUpdateMonitor( 2607): handleKeyguardVisibilityChanged(1)
11-17 21:11:27.487 D/KeyguardUpdateMonitor( 2607): received broadcast android.intent.action.TIME_TICK
11-17 21:11:27.487 D/KeyguardUpdateMonitor( 2607): handleTimeUpdate
11-17 21:11:27.487 D/NfcService( 2774): ####apply routing : screen state off not return
11-17 21:11:27.487 I/AutoBackupUtil( 4184): cancelAutoBackupAlarm is called. Clear autobackup_alarm. 
11-17 21:11:27.487 D/lights  ( 2419): lcd : 8 -
11-17 21:11:27.492 D/Launcher( 2796): onRestart, Launcher: 1137866840
11-17 21:11:27.497 D/Launcher( 2796): onStart, Launcher: 1137866840
11-17 21:11:27.497 D/Launcher.HomeView( 2796): onStart
11-17 21:11:27.497 D/CardEmulationRoutingManager( 2774): HCE ON
11-17 21:11:27.497 D/Launcher( 2796): onResume, Launcher: 1137866840
11-17 21:11:27.502 D/Launcher.HomeView( 2796): onResume
11-17 21:11:27.502 D/LockPatternUtils( 2607): isPcwEnable = 10
11-17 21:11:27.507 D/MenuAppsGridFragment( 2796): onResume
11-17 21:11:27.507 D/PalmMotionService( 2419): 2014 - SURFACE_MOTION_ENGINE: 1 MOTION_MERGED_MUTE_PAUSE & SURFACE_PALM_TOUCH: 1
11-17 21:11:27.507 D/lights  ( 2419): led_pattern : 0 +
11-17 21:11:27.507 D/PalmMotionService( 2419): SURFACE_PALM_SWIPE: 1
11-17 21:11:27.512 D/lights  ( 2419): led_pattern : 0 -
11-17 21:11:27.527 D/PhoneStatusBar( 2607): setTransGradationMode=false, mTransparentMode=false, mSemiTransparentMode=false, mMultiWindowMode=false
11-17 21:11:27.527 D/PhoneStatusBar( 2607): setSemiTransparentMode=false, mTransparentMode=false, mSemiTransparentMode=false, mMultiWindowMode=false
11-17 21:11:27.527 D/Mms/UIEventReceiver( 5632): ui event
11-17 21:11:27.572 D/lights  ( 2419): lcd : 16 +
11-17 21:11:27.572 D/lights  ( 2419): lcd : 16 -
11-17 21:11:27.597 D/lights  ( 2419): lcd : 25 +
11-17 21:11:27.602 D/lights  ( 2419): lcd : 25 -
11-17 21:11:27.607 D/lights  ( 2419): lcd : 35 +
11-17 21:11:27.612 D/lights  ( 2419): lcd : 35 -
11-17 21:11:27.627 D/lights  ( 2419): lcd : 44 +
11-17 21:11:27.627 D/lights  ( 2419): lcd : 44 -
11-17 21:11:27.642 D/lights  ( 2419): lcd : 53 +
11-17 21:11:27.647 D/lights  ( 2419): lcd : 53 -
11-17 21:11:27.662 D/lights  ( 2419): lcd : 62 +
11-17 21:11:27.667 D/lights  ( 2419): lcd : 62 -
11-17 21:11:27.682 D/lights  ( 2419): lcd : 71 +
11-17 21:11:27.687 I/WifiTrafficPoller( 2419): evaluateTrafficStatsPolling
11-17 21:11:27.702 D/NfcService( 2774): we have to wait for ee mode change
11-17 21:11:27.702 D/NfcService( 2774): NFC-C ON
11-17 21:11:27.722 I/AudioHardwareTinyALSA( 1926): setParameters(screen_state=on)
11-17 21:11:27.727 I/SecExternalDisplayIntents_Java( 2419): Intent Recieved ..  -android.intent.action.SCREEN_ONBroadCast Map value - 19
11-17 21:11:27.727 D/SurfaceControl( 2419): Excessive delay in unblankDisplay() while turning screen on: 244ms
11-17 21:11:27.727 D/MISC PowerHAL( 2419): miscpower_set_interactive: /sys/class/input/input1/enabled
11-17 21:11:27.727 D/MISC PowerHAL( 2419): sysfs_write +: /sys/class/input/input1/enabled: 1
11-17 21:11:27.727 D/KeyguardUpdateMonitor( 2607): sendKeyguardVisibilityChanged(true)
11-17 21:11:27.732 D/KeyguardUpdateMonitor( 2607): handleKeyguardVisibilityChanged(1)
11-17 21:11:27.732 D/lights  ( 2419): lcd : 71 -
11-17 21:11:27.732 D/lights  ( 2419): lcd : 90 +
11-17 21:11:27.737 D/SecNfcJni( 2774): setHostRouting : enter
11-17 21:11:27.737 D/SecNfcJni( 2774): clearConflictProtoRouting : exit
11-17 21:11:27.742 D/SecNfcJni( 2774): setDefaultProtoRouting : Enter : SEID - 0, switch_on : 0x10, switch_off : 0x0, battery_off : 0x0
11-17 21:11:27.742 D/SecNfcJni( 2774): RoutingManager::nfaEeCallback: NFA_EE_SET_PROTO_CFG_EVT; status=0x0
11-17 21:11:27.742 D/SecNfcJni( 2774): proto routing SUCCESS (seId: 0)
11-17 21:11:27.742 D/SecNfcJni( 2774): setHostRouting : exit
11-17 21:11:27.752 D/KeyguardUpdateMonitor( 2607): sendKeyguardVisibilityChanged(true)
11-17 21:11:27.752 D/KeyguardUpdateMonitor( 2607): handleKeyguardVisibilityChanged(1)
11-17 21:11:27.762 D/lights  ( 2419): lcd : 90 -
11-17 21:11:27.762 D/lights  ( 2419): lcd : 110 +
11-17 21:11:27.762 D/MISC PowerHAL( 2419): sysfs_write -: /sys/class/input/input1/enabled: 1
11-17 21:11:27.762 D/MISC PowerHAL( 2419): miscpower_set_interactive: /sys/class/input/input0/enabled
11-17 21:11:27.762 D/MISC PowerHAL( 2419): sysfs_write +: /sys/class/input/input0/enabled: 1
11-17 21:11:27.772 E/NfcService( 2774): callback == null
11-17 21:11:27.777 D/IpRemoteDisplayController( 2419): intent received android.intent.action.SCREEN_ON
11-17 21:11:27.777 D/IpRemoteDisplayController( 2419): Bridge Server is not available
11-17 21:11:27.777 D/lights  ( 2419): lcd : 110 -
11-17 21:11:27.777 D/lights  ( 2419): lcd : 118 +
11-17 21:11:27.777 D/PersonaManagerService( 2419): ACTION_SCREEN_ON onReceive
11-17 21:11:27.777 D/PersonaManagerServiceHandler( 2419): MSG_ACTION_SCREEN_ON called
11-17 21:11:27.792 I/NfcService( 2774): NFC: Screen On & Cover Open
11-17 21:11:27.802 D/NfcService( 2774): ####apply routing : screen state off not return
11-17 21:11:27.807 D/NfcService( 2774): we have to wait for ee mode change
11-17 21:11:27.812 D/SecNfcJni( 2774): setHostRouting : enter
11-17 21:11:27.812 D/SecNfcJni( 2774): setHostRouting : exit
11-17 21:11:27.812 D/lights  ( 2419): lcd : 118 -
11-17 21:11:27.812 D/lights  ( 2419): lcd : 137 +
11-17 21:11:27.832 E/NfcService( 2774): callback == null
11-17 21:11:27.847 D/lights  ( 2419): lcd : 137 -
11-17 21:11:27.847 D/lights  ( 2419): lcd : 154 +
11-17 21:11:27.862 I/display ( 1921): [DYNAMIC_RECOMP] HWC_2_GLES by low FPS(0)
11-17 21:11:27.877 D/lights  ( 2419): lcd : 154 -
11-17 21:11:27.877 D/lights  ( 2419): lcd : 162 +
11-17 21:11:27.887 D/MISC PowerHAL( 2419): sysfs_write -: /sys/class/input/input0/enabled: 1
11-17 21:11:27.887 D/MISC PowerHAL( 2419): sysfs_write +: /sys/class/power_supply/battery/lcd: 1
11-17 21:11:27.887 D/MISC PowerHAL( 2419): sysfs_write -: /sys/class/power_supply/battery/lcd: 1
11-17 21:11:27.887 D/PowerManagerService-JNI( 2419): Excessive delay in MISC setInteractive(true) while turning screen on: 160ms
11-17 21:11:27.887 D/SEC PowerHAL( 2419): sysfs_write +: /sys/devices/system/cpu/cpufreq/interactive/timer_rate: 20000
11-17 21:11:27.887 D/SEC PowerHAL( 2419): sysfs_write -: /sys/devices/system/cpu/cpufreq/interactive/timer_rate: 20000
11-17 21:11:27.887 D/SEC PowerHAL( 2419): sysfs_write +: /sys/devices/system/cpu/cpufreq/interactive/hispeed_freq: 900000
11-17 21:11:27.887 D/SEC PowerHAL( 2419): sysfs_write -: /sys/devices/system/cpu/cpufreq/interactive/hispeed_freq: 900000
11-17 21:11:27.887 D/SEC PowerHAL( 2419): sysfs_write +: /sys/devices/system/cpu/cpufreq/interactive/target_loads: 80 900000:93 1300000:98
11-17 21:11:27.887 D/SEC PowerHAL( 2419): sysfs_write -: /sys/devices/system/cpu/cpufreq/interactive/target_loads: 80 900000:93 1300000:98
11-17 21:11:27.887 D/SEC PowerHAL( 2419): sysfs_write +: /sys/devices/system/cpu/cpufreq/interactive/above_hispeed_delay: 39000 1300000:79000
11-17 21:11:27.887 D/SEC PowerHAL( 2419): sysfs_write -: /sys/devices/system/cpu/cpufreq/interactive/above_hispeed_delay: 39000 1300000:79000
11-17 21:11:27.897 D/lights  ( 2419): lcd : 162 -
11-17 21:11:27.897 D/lights  ( 2419): lcd : 179 +
11-17 21:11:27.927 D/lights  ( 2419): lcd : 179 -
11-17 21:11:27.927 D/lights  ( 2419): lcd : 196 +
11-17 21:11:27.962 D/lights  ( 2419): lcd : 196 -
11-17 21:11:27.962 D/lights  ( 2419): lcd : 204 +
11-17 21:11:27.962 D/lights  ( 2419): lcd : 204 -
11-17 21:11:27.962 D/lights  ( 2419): lcd : 212 +
11-17 21:11:27.977 D/QuickConnect[1.1][2] ( 4501): PeriphService.mBroadcastReceiver - SCREEN_ON when user = 0
11-17 21:11:27.982 V/QuickConnect[1.1][2] ( 4501): BleHelper.shouldScanBleBg - 
11-17 21:11:27.982 D/QuickConnect[1.1][2] ( 4501): Utils.getFromDb -  Key[quick_connect_allow_connect], isEnabled [0] /   <0 : Disable, 1 : Enable>
11-17 21:11:27.982 V/QuickConnect[1.1][2] ( 4501): SconnectManager.getInstance - () return existing instance com.samsung.android.sconnect.SconnectManager@42a2dc48
11-17 21:11:27.982 V/QuickConnect[1.1][2] ( 4501): SconnectManager.getInstance - () return existing instance com.samsung.android.sconnect.SconnectManager@42a2dc48
11-17 21:11:27.982 V/QuickConnect[1.1][2] ( 4501): BleHelper.shouldScanBleFg - 
11-17 21:11:27.987 V/QuickConnect[1.1][2] ( 4501): SconnectManager.getInstance - () return existing instance com.samsung.android.sconnect.SconnectManager@42a2dc48
11-17 21:11:27.987 V/QuickConnect[1.1][2] ( 4501): SconnectManager.getInstance - () return existing instance com.samsung.android.sconnect.SconnectManager@42a2dc48
11-17 21:11:27.987 V/QuickConnect[1.1][2] ( 4501): SconnectManager.getInstance - () return existing instance com.samsung.android.sconnect.SconnectManager@42a2dc48
11-17 21:11:27.987 D/QuickConnect[1.1][2] ( 4501): BleHelper.startScan - propDisableScan = 0
11-17 21:11:27.987 D/QuickConnect[1.1][2] ( 4501): BleHelper.startScan - bluetoothActionState = 0
11-17 21:11:27.987 D/QuickConnect[1.1][2] ( 4501): BleHelper.startScan - shouldScanBleBg = false
11-17 21:11:27.987 D/QuickConnect[1.1][2] ( 4501): BleHelper.startScan - shouldScanBleFg = false
11-17 21:11:27.997 D/lights  ( 2419): lcd : 212 -
11-17 21:11:27.997 D/lights  ( 2419): lcd : 229 +
11-17 21:11:28.002 D/daemonapp( 4708): [MSC_Daemon]>>> WU:236 [0:0] regintype : EUR
11-17 21:11:28.002 D/daemonapp( 4708): [MSC_Daemon]>>> WU:292 [0:0] cp type is : cp_eng
11-17 21:11:28.002 D/daemonapp( 4708): [MSC_Daemon]>>> WCP:1100 [0:0] Provider query : content://apaccuweatherprovider/settings
11-17 21:11:28.012 D/lights  ( 2419): lcd : 229 -
11-17 21:11:28.012 D/lights  ( 2419): lcd : 238 +
11-17 21:11:28.017 D/daemonapp( 4708): [MSC_Daemon]>>> WCP:1100 [0:0] Provider query : content://apaccuweatherprovider/weatherinfo
11-17 21:11:28.027 D/daemonapp( 4708): [MSC_Daemon]>>> WDSM:44 [0:0] Act : comsamsungssrmSCREEN_ON, run:true
11-17 21:11:28.032 D/lights  ( 2419): lcd : 238 -
11-17 21:11:28.032 D/lights  ( 2419): lcd : 246 +
11-17 21:11:28.032 D/comsamsunglog( 4708): [MSC_Daemon]>>> ====================================================================================================================
11-17 21:11:28.032 D/comsamsunglog( 4708): [MSC_Daemon]>>> daemonapp [Version : 14052601 ] [ 1 ] 
11-17 21:11:28.032 D/comsamsunglog( 4708): [MSC_Daemon]>>> Header set to : ===> "daemonapp" <===
11-17 21:11:28.032 D/comsamsunglog( 4708): [MSC_Daemon]>>> ====================================================================================================================
11-17 21:11:28.037 D/daemonapp( 4708): [MSC_Daemon]>>> WDSM:85 [0:0] c:31720, r:3
11-17 21:11:28.037 D/daemonapp( 4708): [MSC_Daemon]>>> WDSM:362 [0:0]  ==> Act: SCREEN_ON or COVER_OPEN <==
11-17 21:11:28.037 D/daemonapp( 4708): [MSC_Daemon]>>> WCP:1100 [0:0] Provider query : content://apaccuweatherprovider/settings
11-17 21:11:28.047 D/lights  ( 2419): lcd : 246 -
11-17 21:11:28.047 D/lights  ( 2419): lcd : 254 +
11-17 21:11:28.047 D/lights  ( 2419): lcd : 254 -
11-17 21:11:28.047 D/daemonapp( 4708): [MSC_Daemon]>>> WDSM:365 [0:0] [ASO][AUTOREFRESHKEY] --> 3
11-17 21:11:28.047 D/daemonapp( 4708): [MSC_Daemon]>>> WDSM:366 [0:0] [ASO][NUT] = 1447804380000
11-17 21:11:28.052 D/daemonapp( 4708): [MSC_Daemon]>>> WDSM:367 [0:0] [ASO][CT] = 1447791088055
11-17 21:11:28.052 D/daemonapp( 4708): [MSC_Daemon]>>> WCP:1100 [0:0] Provider query : content://apaccuweatherprovider/packagename
11-17 21:11:28.052 D/dalvikvm( 2750): GC_EXPLICIT freed 1152K, 28% free 11932K/16480K, paused 8ms+14ms, total 119ms
11-17 21:11:28.057 D/daemonapp( 4708): [MSC_Daemon]>>> WU:1485 [0:0] PakNme size = 1
11-17 21:11:28.062 D/lights  ( 2419): lcd : 255 +
11-17 21:11:28.062 D/daemonapp( 4708): [MSC_Daemon]>>> WU:236 [0:0] regintype : EUR
11-17 21:11:28.067 D/daemonapp( 4708): [MSC_Daemon]>>> WU:292 [0:0] cp type is : cp_eng
11-17 21:11:28.067 D/daemonapp( 4708): [MSC_Daemon]>>> WU:1488 [0:0] CP Name cp_eng
11-17 21:11:28.072 D/daemonapp( 4708): [MSC_Daemon]>>> WCP:1100 [0:0] Provider query : content://apaccuweatherprovider/packagename
11-17 21:11:28.097 D/lights  ( 2419): lcd : 255 -
11-17 21:11:28.107 V/AllShare(ASF-DMC)(16727): SystemEventMonitor.checkScreenState - SCREEN STATE: ON
11-17 21:11:28.107 D/AllShare(ASF-DMC)(16727): NetworkStatusListener.eventNotifyReceived - this is not NIC related event!
11-17 21:11:28.107 D/AllShare(ASF-DMC)(16727): DeviceSubscriber.eventNotifyReceived - receive system event: com.sec.android.allshare.event.EVENT_SCREEN_ON
11-17 21:11:28.107 I/AllShare(ASF_DMC)(16727): [JNI] JavaSetScreenStatus: 103: Enter AllShareFrameworkCoreNativeAPI_setScreenStatus, j_on_off=1
11-17 21:11:28.107 I/AllShare(ASF_DMC)(16727): 
11-17 21:11:28.107 E/AllShare(ASF_DMC)(16727): [CP_DISCOVERY] Rescan: 498: SendMulticastPacket failed with error 1
11-17 21:11:28.107 I/AllShare(ASF_DMC)(16727): [CP_DISCOVERY] RescanForRegisteredCP: 289: Auto rescan failed for device type: urn:schemas-upnp-org:device:MediaRenderer:1
11-17 21:11:28.107 E/AllShare(ASF_DMC)(16727): [CP_DISCOVERY] Rescan: 498: SendMulticastPacket failed with error 1
11-17 21:11:28.107 I/AllShare(ASF_DMC)(16727): [CP_DISCOVERY] RescanForRegisteredCP: 289: Auto rescan failed for device type: urn:schemas-upnp-org:device:MediaServer:1
11-17 21:11:28.107 E/AllShare(ASF_DMC)(16727): [CP_DISCOVERY] Rescan: 498: SendMulticastPacket failed with error 1
11-17 21:11:28.107 I/AllShare(ASF_DMC)(16727): [CP_DISCOVERY] RescanForRegisteredCP: 289: Auto rescan failed for device type: urn:dmc-samsung-com:device:SyncServer:1
11-17 21:11:28.842 D/lights  ( 2419): button : 0 +
11-17 21:11:28.842 D/lights  ( 2419): button : 0 -
11-17 21:11:28.917 I/InputReader( 2419): Touch event's action is 0x0 (deviceType=0) [pCnt=1, s=0.2526 ] when=103368855355000
11-17 21:11:28.917 I/InputDispatcher( 2419): Delivering touch to: action: 0x4, toolType: 1
11-17 21:11:28.917 I/InputDispatcher( 2419): Delivering touch to: action: 0x0, toolType: 1
11-17 21:11:28.917 I/InputDispatcher( 2419): Delivering touch to: action: 0x0, toolType: 1
11-17 21:11:29.007 I/InputReader( 2419): Touch event's action is 0x1 (deviceType=0) [pCnt=1, s=] when=103368945985000
11-17 21:11:29.007 I/InputDispatcher( 2419): Delivering touch to: action: 0x1, toolType: 1
11-17 21:11:29.007 I/InputDispatcher( 2419): Delivering touch to: action: 0x1, toolType: 1
11-17 21:11:30.317 D/ClClient( 3872): D	2015-11-17T21:11:30.319+0100	[ci=k1DMXn01HP]	pool-5-thread-1  	ClClient       	Not sending keepalive.  Current connection state=STOPPED
11-17 21:11:30.672 D/InputReader( 2419): Input event: value=1
11-17 21:11:30.677 D/lights  ( 2419): button : 1 +
11-17 21:11:30.677 D/lights  ( 2419): button : 1 -
11-17 21:11:30.677 D/PersonaManager( 2419): in PersonaManager, getShortcutMode() for persona 0, and value is false
11-17 21:11:30.757 V/STATUSBAR-RecentTasksLoader( 2607): Loaded bitmap for task 37: android.graphics.Bitmap@441ac550 isPrivate? false PrivateSetting:false
11-17 21:11:30.782 D/InputReader( 2419): Input event: value=0
11-17 21:11:30.787 D/PersonaManager( 2419): in PersonaManager, getShortcutMode() for persona 0, and value is false
11-17 21:11:30.797 V/STATUSBAR-RecentTasksLoader( 2607): Loaded bitmap for task 80: android.graphics.Bitmap@4324c5f0 isPrivate? false PrivateSetting:false
11-17 21:11:30.817 D/WallpaperManager( 2607): SEC_PRODUCT_FEATURE_COMMON_ENABLE_TEXTURE_COMPRESSION is true
11-17 21:11:30.837 V/ApplicationPolicy( 2419): isApplicationStateBlocked userId 0 pkgname com.android.systemui
11-17 21:11:30.852 D/Launcher.HomeView( 2796): onPause
11-17 21:11:30.862 D/PointerIcon( 2419): setMouseIconStyle1 pointerType: 1001iconType:101 flag:0
11-17 21:11:30.862 D/PointerIcon( 2419): setMouseCustomIcon IconType is same.101
11-17 21:11:30.862 D/PointerIcon( 2419): setHoveringSpenIconStyle1 pointerType: 10001iconType:1 flag:0
11-17 21:11:30.862 D/PointerIcon( 2419): setHoveringSpenCustomIcon IconType is same.1
11-17 21:11:30.862 V/STATUSBAR-RecentTasksLoader( 2607): Loaded bitmap for task 68: android.graphics.Bitmap@44213ed0 isPrivate? false PrivateSetting:false
11-17 21:11:30.887 D/PhoneStatusBar( 2607): setTransGradationMode=false, mTransparentMode=false, mSemiTransparentMode=false, mMultiWindowMode=false
11-17 21:11:30.902 I/ApplicationUsage( 2419): handleMessage : MSG_UPDATE_USAGE_DB
11-17 21:11:30.902 I/ApplicationUsage( 2419): Updating Usage Statistics in DB @ 1447791090910
11-17 21:11:30.992 W/ResourceType( 2607): getEntry failing because entryIndex 642 is beyond type entryCount 549
11-17 21:11:30.992 W/ResourceType( 2607): Failure getting entry for 0x7f020282 (t=1 e=642) in package 0 (error -2147483647)
11-17 21:11:30.992 D/KeyguardUpdateMonitor( 2607): sendKeyguardVisibilityChanged(true)
11-17 21:11:31.027 D/RecentsPanelView( 2607): isEmergencyMode :false isUltraPowerSavingMode:false isEmergencyOrUPSM:false
11-17 21:11:31.052 V/STATUSBAR-RecentTasksLoader( 2607): Loaded bitmap for task 65: android.graphics.Bitmap@42aa60b8 isPrivate? false PrivateSetting:false
11-17 21:11:31.087 V/STATUSBAR-RecentTasksLoader( 2607): Loaded bitmap for task 72: android.graphics.Bitmap@445b4da8 isPrivate? false PrivateSetting:false
11-17 21:11:31.137 D/RecentsPanelView( 2607): isEmergencyMode :false isUltraPowerSavingMode:false isEmergencyOrUPSM:false
11-17 21:11:31.137 D/STATUSBAR-RecentsPanelView( 2607): showTraybarHelpPopup
11-17 21:11:31.142 V/ClClient( 3872): V	2015-11-17T21:11:31.147+0100	[ci=k1DMXn01HP]	ACQueueManager   	ClClient       	SEND(20599)	GetMoreForFolderRequest_274(accountID:1, folderID:22, forceFolderExpansion:false)
11-17 21:11:31.142 W/ClClient( 3872): W	2015-11-17T21:11:31.148+0100	[ci=k1DMXn01HP]	ACQueueManager   	ClClient       	DISCARD(20599)   STOPPED
11-17 21:11:31.142 E/ACQueueManager( 3872): E	2015-11-17T21:11:31.150+0100	[ci=k1DMXn01HP]	ACQueueManager   	ACQueueManager 	Error on trying to begin sync on folder Kalender : OFFLINE
11-17 21:11:31.187 V/STATUSBAR-RecentTasksLoader( 2607): Loaded bitmap for task 76: android.graphics.Bitmap@44245c00 isPrivate? false PrivateSetting:false
11-17 21:11:31.222 D/STATUSBAR-RecentsPanelView( 2607): InformDialog isChecked
11-17 21:11:31.222 D/WallpaperManager( 2607): SEC_PRODUCT_FEATURE_COMMON_ENABLE_TEXTURE_COMPRESSION is true
11-17 21:11:31.232 D/RecentsPanelView( 2607): isEmergencyMode :false isUltraPowerSavingMode:false isEmergencyOrUPSM:false
11-17 21:11:31.247 D/KeyguardUpdateMonitor( 2607): handleKeyguardVisibilityChanged(1)
11-17 21:11:31.252 D/KeyguardUpdateMonitor( 2607): sendKeyguardVisibilityChanged(true)
11-17 21:11:31.257 V/STATUSBAR-RecentTasksLoader( 2607): Loaded bitmap for task 23: android.graphics.Bitmap@42ec1df8 isPrivate? false PrivateSetting:false
11-17 21:11:31.257 D/RecentsPanelView( 2607): isEmergencyMode :false isUltraPowerSavingMode:false isEmergencyOrUPSM:false
11-17 21:11:31.257 D/PhoneStatusBar( 2607): setTransGradationMode=false, mTransparentMode=false, mSemiTransparentMode=false, mMultiWindowMode=false
11-17 21:11:31.272 D/RecentsPanelView( 2607): isEmergencyMode :false isUltraPowerSavingMode:false isEmergencyOrUPSM:false
11-17 21:11:31.277 D/RecentsPanelView( 2607): isEmergencyMode :false isUltraPowerSavingMode:false isEmergencyOrUPSM:false
11-17 21:11:31.287 D/RecentsPanelView( 2607): isEmergencyMode :false isUltraPowerSavingMode:false isEmergencyOrUPSM:false
11-17 21:11:31.297 D/RecentsPanelView( 2607): isEmergencyMode :false isUltraPowerSavingMode:false isEmergencyOrUPSM:false
11-17 21:11:31.322 D/RecentsPanelView( 2607): isEmergencyMode :false isUltraPowerSavingMode:false isEmergencyOrUPSM:false
11-17 21:11:31.327 D/PhoneStatusBar( 2607): setSemiTransparentMode=false, mTransparentMode=false, mSemiTransparentMode=false, mMultiWindowMode=false
11-17 21:11:31.357 I/SurfaceFlinger( 1921): id=992 createSurf (720x1280),1 flag=4, SecentsActi
11-17 21:11:31.362 D/KeyguardUpdateMonitor( 2607): sendKeyguardVisibilityChanged(true)
11-17 21:11:31.367 D/PointerIcon( 2419): setMouseIconStyle1 pointerType: 1001iconType:101 flag:0
11-17 21:11:31.367 D/PointerIcon( 2419): setMouseCustomIcon IconType is same.101
11-17 21:11:31.367 D/PointerIcon( 2419): setHoveringSpenIconStyle1 pointerType: 10001iconType:1 flag:0
11-17 21:11:31.367 D/PointerIcon( 2419): setHoveringSpenCustomIcon IconType is same.1
11-17 21:11:31.387 D/KeyguardUpdateMonitor( 2607): handleKeyguardVisibilityChanged(1)
11-17 21:11:31.402 D/RecentsPanelView( 2607): isEmergencyMode :false isUltraPowerSavingMode:false isEmergencyOrUPSM:false
11-17 21:11:31.417 D/KeyguardUpdateMonitor( 2607): handleKeyguardVisibilityChanged(1)
11-17 21:11:31.477 D/KeyguardUpdateMonitor( 2607): sendKeyguardVisibilityChanged(true)
11-17 21:11:31.492 D/KeyguardUpdateMonitor( 2607): sendKeyguardVisibilityChanged(true)
11-17 21:11:31.492 D/KeyguardUpdateMonitor( 2607): sendKeyguardVisibilityChanged(true)
11-17 21:11:31.502 D/KeyguardUpdateMonitor( 2607): handleKeyguardVisibilityChanged(1)
11-17 21:11:31.507 D/KeyguardUpdateMonitor( 2607): handleKeyguardVisibilityChanged(1)
11-17 21:11:31.507 D/KeyguardUpdateMonitor( 2607): handleKeyguardVisibilityChanged(1)
11-17 21:11:31.507 D/KeyguardUpdateMonitor( 2607): sendKeyguardVisibilityChanged(true)
11-17 21:11:31.522 D/KeyguardUpdateMonitor( 2607): handleKeyguardVisibilityChanged(1)
11-17 21:11:31.522 D/PhoneStatusBar( 2607): Status bar WINDOW_STATE_HIDING
11-17 21:11:31.622 I/display ( 1921): [DYNAMIC_RECOMP] GLES_2_HWC by high FPS(56)
11-17 21:11:31.802 D/KeyguardUpdateMonitor( 2607): sendKeyguardVisibilityChanged(true)
11-17 21:11:31.807 D/KeyguardUpdateMonitor( 2607): handleKeyguardVisibilityChanged(1)
11-17 21:11:31.807 I/SurfaceFlinger( 1921): id=991 Removed Mauncher (24/26)
11-17 21:11:31.807 I/SurfaceFlinger( 1921): id=991 Removed Mauncher (-2/26)
11-17 21:11:31.827 D/Launcher.HomeView( 2796): onStop
11-17 21:11:31.832 D/Launcher( 2796): onTrimMemory. Level: 20
11-17 21:11:31.837 D/KeyguardUpdateMonitor( 2607): sendKeyguardVisibilityChanged(true)
11-17 21:11:31.837 D/KeyguardUpdateMonitor( 2607): handleKeyguardVisibilityChanged(1)
11-17 21:11:31.887 D/KeyguardUpdateMonitor( 2607): sendKeyguardVisibilityChanged(true)
11-17 21:11:31.887 D/KeyguardUpdateMonitor( 2607): handleKeyguardVisibilityChanged(1)
11-17 21:11:31.897 D/KeyguardUpdateMonitor( 2607): sendKeyguardVisibilityChanged(true)
11-17 21:11:31.902 D/KeyguardUpdateMonitor( 2607): handleKeyguardVisibilityChanged(1)
11-17 21:11:31.902 D/PhoneStatusBar( 2607): Status bar WINDOW_STATE_HIDDEN
11-17 21:11:31.972 I/ApplicationUsage( 2419): Done Updating Usage Statistics in DB @ 1447791091981
11-17 21:11:32.182 D/lights  ( 2419): button : 0 +
11-17 21:11:32.182 D/lights  ( 2419): button : 0 -
11-17 21:11:32.197 I/display ( 1921): [DYNAMIC_RECOMP] HWC_2_GLES by low FPS(6)
11-17 21:11:32.377 I/InputReader( 2419): Touch event's action is 0x0 (deviceType=0) [pCnt=1, s=0.2527 ] when=103372314856000
11-17 21:11:32.377 I/InputDispatcher( 2419): Delivering touch to: action: 0x0, toolType: 1
11-17 21:11:32.377 I/InputDispatcher( 2419): Delivering touch to: action: 0x0, toolType: 1
11-17 21:11:32.487 I/InputReader( 2419): Touch event's action is 0x1 (deviceType=0) [pCnt=1, s=] when=103372424872000
11-17 21:11:32.487 I/InputDispatcher( 2419): Delivering touch to: action: 0x1, toolType: 1
11-17 21:11:32.487 I/InputDispatcher( 2419): Delivering touch to: action: 0x1, toolType: 1
11-17 21:11:32.512 V/ApplicationPolicy( 2419): isApplicationStateBlocked userId 0 pkgname gps.fhv.at.gps_hawk
11-17 21:11:32.517 I/SurfaceFlinger( 1921): id=993 createSurf (16x16),-1 flag=20004, EimLayer
11-17 21:11:32.522 I/SurfaceFlinger( 1921): id=994 createSurf (16x16),-1 flag=20004, EimLayer
11-17 21:11:32.522 D/KeyguardUpdateMonitor( 2607): sendKeyguardVisibilityChanged(true)
11-17 21:11:32.547 I/SurfaceFlinger( 1921): id=995 createSurf (1x1),1 flag=404, hps_hawk
11-17 21:11:32.552 D/KeyguardUpdateMonitor( 2607): sendKeyguardVisibilityChanged(true)
11-17 21:11:32.557 I/SQLiteSecureOpenHelper( 3588): getWritableDatabase(pwd)
11-17 21:11:32.557 I/SQLiteSecureOpenHelper( 3588): getDatabaseLocked(b,b,pwd)...
11-17 21:11:32.562 D/KeyguardUpdateMonitor( 2607): sendKeyguardVisibilityChanged(true)
11-17 21:11:32.567 D/STATUSBAR-RecentsPanelView( 2607): dismissHelpPopupWindowTraybar
11-17 21:11:32.572 D/KeyguardUpdateMonitor( 2607): handleKeyguardVisibilityChanged(1)
11-17 21:11:32.572 D/PhoneStatusBar( 2607): setTransGradationMode=false, mTransparentMode=false, mSemiTransparentMode=false, mMultiWindowMode=false
11-17 21:11:32.572 D/KeyguardUpdateMonitor( 2607): handleKeyguardVisibilityChanged(1)
11-17 21:11:32.592 D/PointerIcon( 2419): setMouseIconStyle1 pointerType: 1001iconType:101 flag:0
11-17 21:11:32.592 I/SELinux (13761): Function: selinux_android_load_priority [0], There is no sepolicy file.
11-17 21:11:32.592 I/SELinux (13761):  
11-17 21:11:32.597 D/PointerIcon( 2419): setMouseCustomIcon IconType is same.101
11-17 21:11:32.597 D/PointerIcon( 2419): setHoveringSpenIconStyle1 pointerType: 10001iconType:1 flag:0
11-17 21:11:32.597 D/PointerIcon( 2419): setHoveringSpenCustomIcon IconType is same.1
11-17 21:11:32.597 D/KeyguardUpdateMonitor( 2607): sendKeyguardVisibilityChanged(true)
11-17 21:11:32.602 D/KeyguardUpdateMonitor( 2607): sendKeyguardVisibilityChanged(true)
11-17 21:11:32.612 D/KeyguardUpdateMonitor( 2607): handleKeyguardVisibilityChanged(1)
11-17 21:11:32.622 D/KeyguardUpdateMonitor( 2607): handleKeyguardVisibilityChanged(1)
11-17 21:11:32.622 D/KeyguardUpdateMonitor( 2607): handleKeyguardVisibilityChanged(1)
11-17 21:11:32.632 I/SELinux (13761): Function: selinux_android_load_priority , spota verifySig and checkHash pass. priority version is VE=SEPF_SM-G800F_4.4.2_0046
11-17 21:11:32.632 I/SELinux (13761):  
11-17 21:11:32.632 I/SELinux (13761):  
11-17 21:11:32.632 I/SELinux (13761): selinux_android_seapp_context_reload: seapp_contexts file is loaded from /data/security/spota/seapp_contexts
11-17 21:11:32.632 E/SELinux (13761): [DEBUG] seapp_context_lookup: seinfoCategory = default
11-17 21:11:32.632 E/dalvikvm(13761): >>>>> Normal User
11-17 21:11:32.632 E/dalvikvm(13761): >>>>> gps.fhv.at.gps_hawk [ userId:0 | appId:10180 ]
11-17 21:11:32.637 E/SELinux (13761): [DEBUG] seapp_context_lookup: seinfoCategory = default
11-17 21:11:32.637 D/dalvikvm(13761): Late-enabling CheckJNI
11-17 21:11:32.662 D/TimaKeyStoreProvider(13761): in addTimaSignatureService
11-17 21:11:32.667 D/TimaKeyStoreProvider(13761): Cannot add TimaSignature Service, License check Failed
11-17 21:11:32.672 D/ActivityThread(13761): Added TimaKesytore provider
11-17 21:11:32.692 D/KeyguardUpdateMonitor( 2607): sendKeyguardVisibilityChanged(true)
11-17 21:11:32.692 D/KeyguardUpdateMonitor( 2607): handleKeyguardVisibilityChanged(1)
11-17 21:11:32.697 I/SurfaceFlinger( 1921): id=996 createSurf (286x268),1 flag=4, uhumbnail a
11-17 21:11:32.702 D/KeyguardUpdateMonitor( 2607): sendKeyguardVisibilityChanged(true)
11-17 21:11:32.707 D/KeyguardUpdateMonitor( 2607): sendKeyguardVisibilityChanged(true)
11-17 21:11:32.717 D/KeyguardUpdateMonitor( 2607): sendKeyguardVisibilityChanged(true)
11-17 21:11:32.732 D/KeyguardUpdateMonitor( 2607): sendKeyguardVisibilityChanged(true)
11-17 21:11:32.737 D/KeyguardUpdateMonitor( 2607): handleKeyguardVisibilityChanged(1)
11-17 21:11:32.737 D/KeyguardUpdateMonitor( 2607): handleKeyguardVisibilityChanged(1)
11-17 21:11:32.737 D/PhoneStatusBar( 2607): Status bar WINDOW_STATE_SHOWING
11-17 21:11:32.737 D/KeyguardUpdateMonitor( 2607): handleKeyguardVisibilityChanged(1)
11-17 21:11:32.737 D/KeyguardUpdateMonitor( 2607): handleKeyguardVisibilityChanged(1)
11-17 21:11:32.762 I/display ( 1921): [DYNAMIC_RECOMP] GLES_2_HWC by high FPS(32)
11-17 21:11:32.787 D/dalvikvm(13761): GC_CONCURRENT freed 2999K, 32% free 9632K/14100K, paused 3ms+1ms, total 20ms
11-17 21:11:32.787 D/dalvikvm(13761): WAIT_FOR_CONCURRENT_GC blocked 16ms
11-17 21:11:32.877 I/dalvikvm(13761): Could not find method android.app.Notification$Builder.setLocalOnly, referenced from method com.google.android.gms.common.GooglePlayServicesUtil.zza
11-17 21:11:32.882 W/dalvikvm(13761): VFY: unable to resolve virtual method 261: Landroid/app/Notification$Builder;.setLocalOnly (Z)Landroid/app/Notification$Builder;
11-17 21:11:32.882 D/dalvikvm(13761): VFY: replacing opcode 0x6e at 0x00c8
11-17 21:11:32.892 I/dalvikvm(13761): Could not find method android.content.pm.PackageManager.getPackageInstaller, referenced from method com.google.android.gms.common.GooglePlayServicesUtil.zzj
11-17 21:11:32.892 W/dalvikvm(13761): VFY: unable to resolve virtual method 561: Landroid/content/pm/PackageManager;.getPackageInstaller ()Landroid/content/pm/PackageInstaller;
11-17 21:11:32.892 D/dalvikvm(13761): VFY: replacing opcode 0x6e at 0x000b
11-17 21:11:32.952 I/GMPM    (13761): App measurement is starting up
11-17 21:11:32.957 E/GMPM    (13761): getGoogleAppId failed with status: 10
11-17 21:11:32.957 E/GMPM    (13761): Uploading is not possible. App measurement disabled
11-17 21:11:32.972 I/gps.fhv.at.gps_hawk(13761): Started application
11-17 21:11:32.997 I/SurfaceFlinger( 1921): id=996 Removed uhumbnail a (27/29)
11-17 21:11:32.997 I/SurfaceFlinger( 1921): id=996 Removed uhumbnail a (-2/29)
11-17 21:11:33.002 D/KeyguardUpdateMonitor( 2607): sendKeyguardVisibilityChanged(true)
11-17 21:11:33.002 D/KeyguardUpdateMonitor( 2607): handleKeyguardVisibilityChanged(1)
11-17 21:11:33.002 I/SurfaceFlinger( 1921): id=992 Removed SecentsActi (23/28)
11-17 21:11:33.007 I/SurfaceFlinger( 1921): id=992 Removed SecentsActi (-2/28)
11-17 21:11:33.007 D/KeyguardUpdateMonitor( 2607): sendKeyguardVisibilityChanged(true)
11-17 21:11:33.012 D/KeyguardUpdateMonitor( 2607): handleKeyguardVisibilityChanged(1)
11-17 21:11:33.017 W/dalvikvm(13761): VFY: unable to find class referenced in signature (Landroid/view/SearchEvent;)
11-17 21:11:33.017 I/dalvikvm(13761): Could not find method android.view.Window$Callback.onSearchRequested, referenced from method android.support.v7.internal.view.WindowCallbackWrapper.onSearchRequested
11-17 21:11:33.017 W/dalvikvm(13761): VFY: unable to resolve interface method 19963: Landroid/view/Window$Callback;.onSearchRequested (Landroid/view/SearchEvent;)Z
11-17 21:11:33.017 D/dalvikvm(13761): VFY: replacing opcode 0x72 at 0x0002
11-17 21:11:33.017 I/dalvikvm(13761): Could not find method android.view.Window$Callback.onWindowStartingActionMode, referenced from method android.support.v7.internal.view.WindowCallbackWrapper.onWindowStartingActionMode
11-17 21:11:33.017 W/dalvikvm(13761): VFY: unable to resolve interface method 19967: Landroid/view/Window$Callback;.onWindowStartingActionMode (Landroid/view/ActionMode$Callback;I)Landroid/view/ActionMode;
11-17 21:11:33.017 D/dalvikvm(13761): VFY: replacing opcode 0x72 at 0x0002
11-17 21:11:33.057 D/PhoneStatusBar( 2607): setTransGradationMode=false, mTransparentMode=false, mSemiTransparentMode=false, mMultiWindowMode=false
11-17 21:11:33.082 I/dalvikvm(13761): Could not find method android.content.res.TypedArray.getChangingConfigurations, referenced from method android.support.v7.internal.widget.TintTypedArray.getChangingConfigurations
11-17 21:11:33.082 W/dalvikvm(13761): VFY: unable to resolve virtual method 639: Landroid/content/res/TypedArray;.getChangingConfigurations ()I
11-17 21:11:33.082 D/dalvikvm(13761): VFY: replacing opcode 0x6e at 0x0002
11-17 21:11:33.082 I/dalvikvm(13761): Could not find method android.content.res.TypedArray.getType, referenced from method android.support.v7.internal.widget.TintTypedArray.getType
11-17 21:11:33.082 W/dalvikvm(13761): VFY: unable to resolve virtual method 661: Landroid/content/res/TypedArray;.getType (I)I
11-17 21:11:33.082 D/dalvikvm(13761): VFY: replacing opcode 0x6e at 0x0002
11-17 21:11:33.152 I/dalvikvm(13761): Could not find method android.content.res.Resources.getDrawable, referenced from method android.support.v7.internal.widget.ResourcesWrapper.getDrawable
11-17 21:11:33.152 W/dalvikvm(13761): VFY: unable to resolve virtual method 602: Landroid/content/res/Resources;.getDrawable (ILandroid/content/res/Resources$Theme;)Landroid/graphics/drawable/Drawable;
11-17 21:11:33.152 D/dalvikvm(13761): VFY: replacing opcode 0x6e at 0x0002
11-17 21:11:33.152 I/dalvikvm(13761): Could not find method android.content.res.Resources.getDrawableForDensity, referenced from method android.support.v7.internal.widget.ResourcesWrapper.getDrawableForDensity
11-17 21:11:33.152 W/dalvikvm(13761): VFY: unable to resolve virtual method 604: Landroid/content/res/Resources;.getDrawableForDensity (IILandroid/content/res/Resources$Theme;)Landroid/graphics/drawable/Drawable;
11-17 21:11:33.152 D/dalvikvm(13761): VFY: replacing opcode 0x6e at 0x0002
11-17 21:11:33.222 D/KeyguardUpdateMonitor( 2607): sendKeyguardVisibilityChanged(true)
11-17 21:11:33.222 D/KeyguardUpdateMonitor( 2607): handleKeyguardVisibilityChanged(1)
11-17 21:11:33.232 I/SQLiteSecureOpenHelper( 3588): getWritableDatabase(pwd)
11-17 21:11:33.232 I/SQLiteSecureOpenHelper( 3588): getDatabaseLocked(b,b,pwd)...
11-17 21:11:33.252 D/KeyguardUpdateMonitor( 2607): sendKeyguardVisibilityChanged(true)
11-17 21:11:33.252 D/KeyguardUpdateMonitor( 2607): handleKeyguardVisibilityChanged(1)
11-17 21:11:33.257 D/KeyguardUpdateMonitor( 2607): sendKeyguardVisibilityChanged(true)
11-17 21:11:33.257 D/KeyguardUpdateMonitor( 2607): handleKeyguardVisibilityChanged(1)
11-17 21:11:33.282 I/dalvikvm(13761): Could not find method gps.fhv.at.gps_hawk.activities.CaptureActivity.requestPermissions, referenced from method gps.fhv.at.gps_hawk.activities.CaptureActivity.onCreate
11-17 21:11:33.282 W/dalvikvm(13761): VFY: unable to resolve virtual method 55098: Lgps/fhv/at/gps_hawk/activities/CaptureActivity;.requestPermissions ([Ljava/lang/String;I)V
11-17 21:11:33.282 D/dalvikvm(13761): VFY: replacing opcode 0x6e at 0x0034
11-17 21:11:33.287 D/PhoneStatusBar( 2607): setTransGradationMode=false, mTransparentMode=false, mSemiTransparentMode=false, mMultiWindowMode=false
11-17 21:11:33.322 I/zzy     (13761): Making Creator dynamically
11-17 21:11:33.382 I/dalvikvm(13761): Could not find method android.content.pm.PackageManager.getPackageInstaller, referenced from method com.google.android.gms.common.ma.a
11-17 21:11:33.382 W/dalvikvm(13761): VFY: unable to resolve virtual method 484: Landroid/content/pm/PackageManager;.getPackageInstaller ()Landroid/content/pm/PackageInstaller;
11-17 21:11:33.382 D/dalvikvm(13761): VFY: replacing opcode 0x6e at 0x000d
11-17 21:11:33.387 I/dalvikvm(13761): Could not find method android.app.Notification$Builder.setLocalOnly, referenced from method com.google.android.gms.common.ma.b
11-17 21:11:33.387 W/dalvikvm(13761): VFY: unable to resolve virtual method 148: Landroid/app/Notification$Builder;.setLocalOnly (Z)Landroid/app/Notification$Builder;
11-17 21:11:33.387 D/dalvikvm(13761): VFY: replacing opcode 0x6e at 0x0220
11-17 21:11:33.402 D/ChimeraCfgMgr(13761): Loading module com.google.android.gms.maps from APK /data/data/com.google.android.gms/app_chimera/chimera-module-root/module-d93aca1818df11c4cd5bccf493ad94e2b544d57a/MapsModule.apk
11-17 21:11:33.402 D/ChimeraModuleLdr(13761): Loading module APK /data/data/com.google.android.gms/app_chimera/chimera-module-root/module-d93aca1818df11c4cd5bccf493ad94e2b544d57a/MapsModule.apk
11-17 21:11:33.417 D/ChimeraFileApk(13761): Primary ABI of requesting process is armeabi-v7a
11-17 21:11:33.417 D/ChimeraFileApk(13761): Classloading successful. Optimized code found.
11-17 21:11:33.427 D/dalvikvm(13761): DexOpt: couldn't find static field Landroid/os/Build;.SUPPORTED_ABIS
11-17 21:11:33.427 W/dalvikvm(13761): VFY: unable to resolve static field 134 (SUPPORTED_ABIS) in Landroid/os/Build;
11-17 21:11:33.427 D/dalvikvm(13761): VFY: replacing opcode 0x62 at 0x0008
11-17 21:11:33.487 I/Google Maps Android API(13761): Google Play services client version: 8115000
11-17 21:11:33.497 I/Google Maps Android API(13761): Google Play services package version: 8301036
11-17 21:11:33.512 I/dalvikvm(13761): Could not find method android.content.pm.PackageManager.getPackageInstaller, referenced from method com.google.android.gms.common.lt.a
11-17 21:11:33.512 W/dalvikvm(13761): VFY: unable to resolve virtual method 133: Landroid/content/pm/PackageManager;.getPackageInstaller ()Landroid/content/pm/PackageInstaller;
11-17 21:11:33.512 D/dalvikvm(13761): VFY: replacing opcode 0x6e at 0x000e
11-17 21:11:33.582 D/KeyguardUpdateMonitor( 2607): sendKeyguardVisibilityChanged(true)
11-17 21:11:33.582 D/KeyguardUpdateMonitor( 2607): handleKeyguardVisibilityChanged(1)
11-17 21:11:33.617 I/e       (13761): Token loaded from file. Expires in: 64782489 ms.
11-17 21:11:33.622 I/e       (13761): Scheduling next attempt in 64482 seconds.
11-17 21:11:33.712 D/AbsListView(13761): Get MotionRecognitionManager
11-17 21:11:33.777 E/cutils  ( 1912): Failed to mkdirat(/storage/extSdCard/Android): Read-only file system
11-17 21:11:33.777 W/ContextImpl(13761): Failed to ensure directory: /storage/extSdCard/Android/data/gps.fhv.at.gps_hawk/cache
11-17 21:11:33.892 D/AbsListView(13761): Get MotionRecognitionManager
11-17 21:11:33.907 I/Google Maps Android API(13761): Google Play services package version: 8301036
11-17 21:11:33.942 D/AbsListView(13761): Get MotionRecognitionManager
11-17 21:11:33.962 D/PhoneStatusBar( 2607): setSemiTransparentMode=false, mTransparentMode=false, mSemiTransparentMode=false, mMultiWindowMode=false
11-17 21:11:33.977 I/System.out(13761): Thread-3064(HTTPLog):isShipBuild true
11-17 21:11:33.977 I/System.out(13761): Thread-3064(HTTPLog):SmartBonding Enabling is false, SHIP_BUILD is true, log to file is false, DBG is false
11-17 21:11:33.977 I/System.out(13761): Thread-3044(HTTPLog):isShipBuild true
11-17 21:11:33.977 I/System.out(13761): Thread-3044(HTTPLog):SmartBonding Enabling is false, SHIP_BUILD is true, log to file is false, DBG is false
11-17 21:11:34.017 I/SurfaceFlinger( 1921): id=997 createSurf (1x1),1 flag=404, DaptureActi
11-17 21:11:34.017 D/KeyguardUpdateMonitor( 2607): sendKeyguardVisibilityChanged(true)
11-17 21:11:34.017 D/KeyguardUpdateMonitor( 2607): handleKeyguardVisibilityChanged(1)
11-17 21:11:34.037 D/KeyguardUpdateMonitor( 2607): sendKeyguardVisibilityChanged(true)
11-17 21:11:34.037 D/KeyguardUpdateMonitor( 2607): handleKeyguardVisibilityChanged(1)
11-17 21:11:34.037 D/PointerIcon( 2419): setMouseIconStyle1 pointerType: 1001iconType:101 flag:0
11-17 21:11:34.037 D/PointerIcon( 2419): setMouseCustomIcon IconType is same.101
11-17 21:11:34.037 D/PointerIcon( 2419): setHoveringSpenIconStyle1 pointerType: 10001iconType:1 flag:0
11-17 21:11:34.037 D/PointerIcon( 2419): setHoveringSpenCustomIcon IconType is same.1
11-17 21:11:34.052 D/libEGL  (13761): loaded /system/lib/egl/libEGL_mali.so
11-17 21:11:34.057 D/libEGL  (13761): loaded /system/lib/egl/libGLESv1_CM_mali.so
11-17 21:11:34.062 D/libEGL  (13761): loaded /system/lib/egl/libGLESv2_mali.so
11-17 21:11:34.067 I/Mali    (13761): Mali API Version : 401
11-17 21:11:34.067 I/Mali    (13761): Mali REVISION: Linux-r4p0-00rel0  BUILD_DATE: 2014-07-08 17:50:42 
11-17 21:11:34.072 I/HWUI    (13761): EGLImpl-HWUI Protected EGL context created
11-17 21:11:34.087 D/OpenGLRenderer(13761): Enabling debug mode 0
11-17 21:11:34.122 D/KeyguardUpdateMonitor( 2607): sendKeyguardVisibilityChanged(true)
11-17 21:11:34.122 D/KeyguardUpdateMonitor( 2607): handleKeyguardVisibilityChanged(1)
11-17 21:11:34.172 D/KeyguardUpdateMonitor( 2607): sendKeyguardVisibilityChanged(true)
11-17 21:11:34.172 D/KeyguardUpdateMonitor( 2607): handleKeyguardVisibilityChanged(1)
11-17 21:11:34.192 D/KeyguardUpdateMonitor( 2607): sendKeyguardVisibilityChanged(true)
11-17 21:11:34.192 D/KeyguardUpdateMonitor( 2607): handleKeyguardVisibilityChanged(1)
11-17 21:11:34.217 D/KeyguardUpdateMonitor( 2607): sendKeyguardVisibilityChanged(true)
11-17 21:11:34.217 D/KeyguardUpdateMonitor( 2607): handleKeyguardVisibilityChanged(1)
11-17 21:11:34.302 D/KeyguardUpdateMonitor( 2607): sendKeyguardVisibilityChanged(true)
11-17 21:11:34.322 D/KeyguardUpdateMonitor( 2607): handleKeyguardVisibilityChanged(1)
11-17 21:11:34.322 D/LocationManagerService( 2419): request 43c76bb8 gps Request[ACCURACY_FINE gps requested=+5s0ms fastest=+5s0ms] from com.google.android.gms(10012)
11-17 21:11:34.322 D/LocationManagerService( 2419): provider request: gps ProviderRequest[ON interval=+5s0ms]
11-17 21:11:34.327 I/SensorManagerA( 2750): getReportingMode :: sensor.mType = 1
11-17 21:11:34.332 D/GpsLocationProvider( 2419): setRequest ProviderRequest[ON interval=+5s0ms]
11-17 21:11:34.332 I/Sensors ( 2419): HAL: batch Dry Run is complete
11-17 21:11:34.332 D/GpsLocationProvider( 2419): startNavigating, singleShot is false
11-17 21:11:34.332 D/GpsLocationProvider_ex( 2419): getSKAFEnable : false
11-17 21:11:34.332 D/GpsLocationProvider( 2419): setting position_mode to MS_BASED
11-17 21:11:34.332 I/Sensors ( 2419): HAL:resetDataRates mEnabled=4
11-17 21:11:34.332 D/gpsd    ( 1937): WakeLock(Acquire,GPSD)
11-17 21:11:34.337 D/gpsd    ( 1937): WakeLock(Release,GPSD)
11-17 21:11:34.337 D/gpsd    ( 1937): WakeLock(Acquire,GPSD)
11-17 21:11:34.337 D/gpsd    ( 1937): WakeLock(Release,GPSD)
11-17 21:11:34.347 V/GpsLocationProvider( 2419): reportStatus status: 3
11-17 21:11:34.347 D/SensorManager( 2750): registerListener :: 2, MPL Accelerometer, 20000, 0,  
11-17 21:11:34.347 V/GpsLocationProvider( 2419): reportStatus status: 1
11-17 21:11:34.352 I/SensorManagerA( 2750): getReportingMode :: sensor.mType = 11
11-17 21:11:34.352 I/Sensors ( 2419): HAL: batch Dry Run is complete
11-17 21:11:34.357 D/gpsd    ( 1937): WakeLock(Acquire,GPSD)
11-17 21:11:34.357 I/Sensors ( 2419): HAL:resetDataRates mEnabled=4
11-17 21:11:34.362 D/gpsd    ( 1937): WakeLock(Acquire,SUPL)
11-17 21:11:34.387 D/Sensors ( 2419): Magnetic enable: mEnabled 0, handle 3, en 1
11-17 21:11:34.397 D/NotificationService( 2419): Sending broadcast with sbn as extra = StatusBarNotification(pkg=com.android.systemui user=UserHandle{-1} id=252119 tag=null score=10: Notification(pri=1 icon=7f020117 contentView=com.android.systemui/0x1090080 vibrate=null sound=null defaults=0x0 flags=0x2 when=1447791094371 ledARGB=0x0 contentIntent=Y deleteIntent=N contentTitle=16 contentText=N originalPackageName=N tickerText=N kind=[null]))
11-17 21:11:34.402 D/RCPManagerService( 2419): NotificationReceiver onReceive()
11-17 21:11:34.402 D/RCPManagerService( 2419):  NotificationReceiver sbn.getPackageName() com.android.systemui sbn.getUser().getIdentifier() -1
11-17 21:11:34.407 D/RCPManagerService( 2419): getPolicy: Policy checking block entered for Notifications; for user/persona = -1 ; Policy = knox-sanitize-data ; token = 4294967298419
