11-17 20:43:23.607 I/SELinux (12391):  
11-17 20:43:23.612 I/SELinux (12391): selinux_android_seapp_context_reload: seapp_contexts file is loaded from /data/security/spota/seapp_contexts
11-17 20:43:23.612 E/SELinux (12391): [DEBUG] seapp_context_lookup: seinfoCategory = platform
11-17 20:43:23.612 E/dalvikvm(12391): >>>>> Normal User
11-17 20:43:23.612 E/dalvikvm(12391): >>>>> com.samsung.android.scloud.sync [ userId:0 | appId:10064 ]
11-17 20:43:23.617 E/SELinux (12391): [DEBUG] seapp_context_lookup: seinfoCategory = platform
11-17 20:43:23.647 D/TimaKeyStoreProvider(12391): in addTimaSignatureService
11-17 20:43:23.657 I/GCoreUlr( 2750): DispatchingService.onDestroy()
11-17 20:43:23.657 I/GCoreUlr( 2750): Stopping handler for UlrDispSvcFast
11-17 20:43:23.657 I/GCoreUlr( 2750): Stopping handler for UlrDispSvcSlow
11-17 20:43:23.657 D/TimaKeyStoreProvider(12391): Cannot add TimaSignature Service, License check Failed
11-17 20:43:23.662 D/ActivityThread(12391): Added TimaKesytore provider
11-17 20:43:23.697 I/GCoreUlr( 2750): Unbound from all location providers
11-17 20:43:23.712 I/SensorManagerA( 2750): getReportingMode :: sensor.mType = 17
11-17 20:43:23.717 I/BleScanCompatLib( 2750): Scan : No clients left, canceling alarm.
11-17 20:43:23.717 I/GCoreUlr( 2750): GMS BLE scans disabled.
11-17 20:43:23.727 D/SensorManager( 2750): cancelTrigger ::  
11-17 20:43:23.802 D/dalvikvm(12391): GC_CONCURRENT freed 2998K, 32% free 9634K/14104K, paused 9ms+3ms, total 43ms
11-17 20:43:23.802 D/dalvikvm(12391): WAIT_FOR_CONCURRENT_GC blocked 34ms
11-17 20:43:23.907 I/SyncAdapter-SBrowser-Proxy(12391): onPerformSync - started.
11-17 20:43:23.922 W/ContextImpl(12391): Implicit intents with startService are not safe: Intent { act=com.sec.android.sCloudSync.SBrowser } android.content.ContextWrapper.bindService:529 com.samsung.android.scloud.proxy.sbrowser.SyncAdapter.onPerformSync:106 android.content.AbstractThreadedSyncAdapter$SyncThread.run:259 
11-17 20:43:23.947 I/SyncAdapter-SBrowser-Proxy(12391): onServiceConnected : Binded.
11-17 20:43:23.952 I/VerificationLog(20406): Calling SBrowserContentProviderUtility - begin
11-17 20:43:23.952 I/VerificationLog(20406): Calling SBrowserContentProviderUtility - BitmapFactory.decodeResource- begin
11-17 20:43:23.962 I/VerificationLog(20406): Calling SBrowserContentProviderUtility - BitmapFactory.decodeResource- End
11-17 20:43:23.962 D/SBrowserContentProviderUtility(20406): userSerialNumber = 0
11-17 20:43:23.962 I/VerificationLog(20406): Calling SBrowserContentProviderUtility - End
11-17 20:43:23.972 I/SBROWSER-SYNC(12391): SyncKey is sync_internet_data SyncValue is 1
11-17 20:43:23.972 I/SBROWSER-SYNC(12391): SyncKey is sync_bookmarks SyncValue is 1
11-17 20:43:23.972 I/SBROWSER-SYNC(12391): SyncKey is sync_open_pages SyncValue is 1
11-17 20:43:23.972 I/SBROWSER-SYNC(12391): SyncKey is sync_saved_pages SyncValue is 0
11-17 20:43:23.972 I/SBrowserTabSyncAdapter(12391): PERFORM SYNC : 5.2.4
11-17 20:43:23.977 I/VerificationLog(20406): Calling SBrowserContentProviderUtility - begin
11-17 20:43:23.977 I/VerificationLog(20406): Calling SBrowserContentProviderUtility - BitmapFactory.decodeResource- begin
11-17 20:43:23.977 I/VerificationLog(20406): Calling SBrowserContentProviderUtility - BitmapFactory.decodeResource- End
11-17 20:43:23.977 D/SBrowserContentProviderUtility(20406): userSerialNumber = 0
11-17 20:43:23.982 I/VerificationLog(20406): Calling SBrowserContentProviderUtility - End
11-17 20:43:23.987 I/SBrowserTabSyncAdapter(12391): LastSyncTime : 1447396067828
11-17 20:43:23.987 I/SBrowserTabSyncAdapter(12391): SYNC REQUEST FROM PROVIDER..
11-17 20:43:23.992 I/VerificationLog(20406): Calling SBrowserContentProviderUtility - begin
11-17 20:43:23.992 I/VerificationLog(20406): Calling SBrowserContentProviderUtility - BitmapFactory.decodeResource- begin
11-17 20:43:23.997 I/VerificationLog(20406): Calling SBrowserContentProviderUtility - BitmapFactory.decodeResource- End
11-17 20:43:23.997 D/SBrowserContentProviderUtility(20406): userSerialNumber = 0
11-17 20:43:23.997 I/VerificationLog(20406): Calling SBrowserContentProviderUtility - End
11-17 20:43:24.002 I/SBrowserTabSyncAdapter(12391): Sync Object count : 23
11-17 20:43:24.027 I/SELinux (12407): Function: selinux_android_load_priority [0], There is no sepolicy file.
11-17 20:43:24.027 I/SELinux (12407):  
11-17 20:43:24.082 I/SELinux (12407): Function: selinux_android_load_priority , spota verifySig and checkHash pass. priority version is VE=SEPF_SM-G800F_4.4.2_0046
11-17 20:43:24.082 I/SELinux (12407):  
11-17 20:43:24.082 I/SELinux (12407):  
11-17 20:43:24.082 I/SELinux (12407): selinux_android_seapp_context_reload: seapp_contexts file is loaded from /data/security/spota/seapp_contexts
11-17 20:43:24.087 E/SELinux (12407): [DEBUG] seapp_context_lookup: seinfoCategory = platform
11-17 20:43:24.087 E/dalvikvm(12407): >>>>> Normal User
11-17 20:43:24.087 E/dalvikvm(12407): >>>>> com.samsung.android.scloud.auth [ userId:0 | appId:10063 ]
11-17 20:43:24.092 E/SELinux (12407): [DEBUG] seapp_context_lookup: seinfoCategory = platform
11-17 20:43:24.112 D/TimaKeyStoreProvider(12407): in addTimaSignatureService
11-17 20:43:24.117 D/TimaKeyStoreProvider(12407): Cannot add TimaSignature Service, License check Failed
11-17 20:43:24.122 D/ActivityThread(12407): Added TimaKesytore provider
11-17 20:43:24.212 D/dalvikvm(12407): GC_CONCURRENT freed 3002K, 32% free 9629K/14104K, paused 4ms+2ms, total 31ms
11-17 20:43:24.212 D/dalvikvm(12407): WAIT_FOR_CONCURRENT_GC blocked 21ms
11-17 20:43:24.237 I/RelayProvider(12407): getAuthInformation CTID : ST33996629
11-17 20:43:24.242 I/RelayProvider(12407): DATA RELAY VERSION : 3.05.000
11-17 20:43:24.242 I/RelayProvider(12407): prepareAuthInformation - Start : ST33996629, Thread : 3010-Binder_1
11-17 20:43:24.247 W/ContextImpl(12407): Implicit intents with startService are not safe: Intent { act=com.msc.action.samsungaccount.REQUEST_SERVICE } android.content.ContextWrapper.bindService:529 com.samsung.android.scloud.auth.task.TokenTask.bindToSA:145 com.samsung.android.scloud.auth.task.TokenTask.prepare:99 
11-17 20:43:24.267 I/SA      (22410): [RS] OnCreate Service
11-17 20:43:24.272 I/SA      (22410): [RS] OnBind
11-17 20:43:24.272 I/TokenTask(12407): =======SUCCESS BIND TO SAMSUNG ACCOUNT==========
11-17 20:43:24.277 I/TokenTask(12407): =======REGISTER_CALLBACK TO SAMSUNG_ACCOUNT=======
11-17 20:43:24.277 I/SA      (22410): [AB] registerCallback Package Name = scloud.auth.
11-17 20:43:24.277 I/SA      (22410): [CBM] CallbackManager
11-17 20:43:24.277 I/SA      (22410): [CBM] getInstance
11-17 20:43:24.277 I/SA      (22410): [CBM] registerCallback
11-17 20:43:24.277 I/SA      (22410): [CBM] checkRegisterCallbackCondition
11-17 20:43:24.277 I/SA      (22410): [CBM] getRegisterationCodeIfAlreadyRegisterd
11-17 20:43:24.282 I/SA      (22410): [CBM] Success registerCallback
11-17 20:43:24.282 I/SA      (22410): [AB] return registrationCode :Y29tLnNhbXN1bmcuYW5kcm9pZC5zY2xvdWQuYXV0aDE=
11-17 20:43:24.282 I/TokenTask(12407): =======REQUEST ACCESS TOKEN=======
11-17 20:43:24.282 I/SA      (22410): [AB] requestAccesstoken 
11-17 20:43:24.282 I/SA      (22410): [AB] checkRequestCondition 
11-17 20:43:24.282 I/SA      (22410): [CBM] getInstance
11-17 20:43:24.282 I/SA      (22410): [CBM] getCallbackInfo
11-17 20:43:24.282 I/SA      (22410): [AB] Package Name = scloud.auth.
11-17 20:43:24.282 I/SA      (22410): [CBM] getInstance
11-17 20:43:24.287 I/SA      (22410): [CBM] getCallbackInfo
11-17 20:43:24.287 I/SA      (22410): [CBM] setCurrentRequestType :1
11-17 20:43:24.287 I/SA      (22410): [AB] retrun requestAccesstoken 
11-17 20:43:24.287 I/SA      (22410): [APR] isAvailableRunningProcess start
11-17 20:43:24.292 I/SA      (22410): [SCU] == networkStateCheck == true
11-17 20:43:24.292 I/SA      (22410): [SCU] isHaveSA() - true
11-17 20:43:24.292 I/SA      (22410): [DBM] Is Checking both Data V01 and V02 : false
11-17 20:43:24.292 I/SA      (22410): [DBMV2] getUserAuthToken
11-17 20:43:24.292 I/SA      (22410): [DBMV2] getDataV02ForItems
11-17 20:43:24.297 I/SA      (22410): [SSP] query invoked
11-17 20:43:24.302 I/SA      (22410): [AESC] decrypt START
11-17 20:43:24.302 I/SA      (22410): [AESC] decrypt END
11-17 20:43:24.302 I/SA      (22410): [DBM] V02 Data valid : true
11-17 20:43:24.302 I/SA      (22410): [SCHU] runCheckSignature : 19
11-17 20:43:24.302 I/SA      (22410): [SCHU] getSignatureCache
11-17 20:43:24.337 I/SA      (22410): [SCHU] Use cached signature
11-17 20:43:24.337 I/SA      (22410): [SCHU] checkCacheSignatureValidation
11-17 20:43:24.462 I/SA      (22410): [SRH] checkSignatureValidation - true, scloud.auth.
11-17 20:43:24.462 I/SA      (22410): [SCHU] success to check signature with cache data 
11-17 20:43:24.462 I/SA      (22410): [APR] isAvailableRunningProcess end - true
11-17 20:43:24.462 I/SA      (22410): [ATR] runProcess - start
11-17 20:43:24.462 I/SA      (22410): [SLFUCHKMGR] startSelfUpgradeCheck called
11-17 20:43:24.462 I/SA      (22410): [WLM] acquirePartialWakeLock
11-17 20:43:24.477 I/SA      (22410): [SLFUCHKMGR] status is STOP
11-17 20:43:24.477 I/SA      (22410): [SLFUCHKMGR] requestSelfUpgradeURL START
11-17 20:43:24.477 I/SA      (22410): [TPM] isNoProxy(default) : true
11-17 20:43:24.482 I/SA      (22410): [SLFUCHKMGR] requestSelfUpgradeEx START
11-17 20:43:24.487 I/SA      (22410): [TPM] getModelProperty : null
11-17 20:43:24.487 I/SA      (22410): [SLFUCHKMGR] getCurrentNetworkType START
11-17 20:43:24.492 I/SA      (22410): [SLFUCHKMGR] getCurrentNetworkType result : 1
11-17 20:43:24.492 I/SA      (22410): [SLFUCHKMGR] getCurrentNetworkType END
11-17 20:43:24.492 I/SA      (22410): [TPMU]  strSIMState 	:SIM_STATE_READY
11-17 20:43:24.497 I/SA      (22410): [TPMU] getMcc : 232
11-17 20:43:24.497 I/SA      (22410): [TPM] getCSCProperty : null
11-17 20:43:24.507 I/SA      (22410): [SLFUCHKMGR] requestSelfUpgradeEx END
11-17 20:43:24.507 I/SA      (22410): [RC New] Execute method=[POST] start
11-17 20:43:24.612 I/System.out(22410): Thread-2970(ApacheHTTPLog):Reading from variable values from setDefaultValuesToVariables
11-17 20:43:24.622 I/System.out(22410): Thread-2970(ApacheHTTPLog):isShipBuild true
11-17 20:43:24.622 I/System.out(22410): Thread-2970(ApacheHTTPLog):SmartBonding Enabling is false, SHIP_BUILD is true, log to file is false, DBG is false
11-17 20:43:25.417 E/SPPClientService( 5066): [b] __PingReply__
11-17 20:43:27.912 V/ClClient( 3872): V	2015-11-17T20:43:27.916+0100	[ci=k1DMXn01HP]	ACQueueManager   	ClClient       	SEND(20579)	GetMoreForFolderRequest_274(accountID:1, folderID:22, forceFolderExpansion:false)
11-17 20:43:27.922 W/ClClient( 3872): W	2015-11-17T20:43:27.923+0100	[ci=k1DMXn01HP]	ACQueueManager   	ClClient       	DISCARD(20579)   STOPPED
11-17 20:43:27.922 E/ACQueueManager( 3872): E	2015-11-17T20:43:27.924+0100	[ci=k1DMXn01HP]	ACQueueManager   	ACQueueManager 	Error on trying to begin sync on folder Kalender : OFFLINE
11-17 20:43:28.472 D/ClClient( 3872): D	2015-11-17T20:43:28.476+0100	[ci=k1DMXn01HP]	pool-5-thread-1  	ClClient       	Not sending keepalive.  Current connection state=STOPPED
11-17 20:43:28.677 D/dalvikvm(22410): GC_CONCURRENT freed 2467K, 28% free 10237K/14144K, paused 11ms+4ms, total 56ms
11-17 20:43:31.037 I/SA      (22410): [RC New] [od] api execute + 6526
11-17 20:43:31.042 I/SA      (22410): [RC New] executeRequest [od] httpResponse : HTTP/1.1 200 OK
11-17 20:43:31.042 I/System.out(22410): Thread-2970 calls detatch()
11-17 20:43:31.042 I/SA      (22410): [SLFUCHKMGR] onRequestSuccess START
11-17 20:43:31.042 I/SA      (22410): [SLFUCHKMGR] selfUpgradefromXML START
11-17 20:43:31.047 I/SA      (22410): [SLFUCHKMGR] getUpdateVersionIndex START
11-17 20:43:31.047 I/SA      (22410): [SLFUCHKMGR] getUpdateVersionIndex END
11-17 20:43:31.047 I/SA      (22410): [SLFUCHKMGR] upgrade : 1
11-17 20:43:31.047 I/SA      (22410): [SLFUCHKMGR] Next Version : 210075
11-17 20:43:31.047 I/SA      (22410): [SLFUCHKMGR] ContentSize : 17859592
11-17 20:43:31.047 I/SA      (22410): [SLFUCHKMGR] selfUpgradefromXML END
11-17 20:43:31.052 I/SA      (22410): [SLFUCHKMGR] processResponse START
11-17 20:43:31.052 I/SA      (22410): [WLM] acquirePartialWakeLock
11-17 20:43:31.052 I/SA      (22410): [SLFUCHKMGR] Upgrade is necessary
11-17 20:43:31.052 I/SA      (22410): [SLFUCHKMGR] showNotification START
11-17 20:43:31.057 I/SA      (22410): [SS] kitkat noti requested!
11-17 20:43:31.077 I/SA      (22410): [SLFUCHKMGR] showNotification END
11-17 20:43:31.082 I/SA      (22410): [SLFUCHKMGR] processResponse END
11-17 20:43:31.082 I/SA      (22410): [SLFUCHKMGR] onRequestSuccess END
11-17 20:43:31.082 I/SA      (22410): [RC New] executeRequest [od] end. 6571
11-17 20:43:31.082 I/SA      (22410): [RC New] Execute end
11-17 20:43:31.082 I/SA      (22410): [SLFUCHKMGR] requestSelfUpgradeURL END
11-17 20:43:31.082 I/SA      (22410): [ATR] NEED_SELF_UPGRADE
11-17 20:43:31.082 I/SA      (22410): [APR] setErrorResult
11-17 20:43:31.082 I/SA      (22410): [ATR] runProcess - end
11-17 20:43:31.082 I/SA      (22410): [CBM] getInstance
11-17 20:43:31.082 I/SA      (22410): [CBM] getCallbackInfo
11-17 20:43:31.082 I/SA      (22410): [CBM] setCurrentRequestType :0
11-17 20:43:31.082 I/SA      (22410): [APR] isSamsungAccountSingnedin
11-17 20:43:31.087 I/SA      (22410): [SCU] isHaveSA() - true
11-17 20:43:31.087 I/SA      (22410): [APR] onProcessFinished Called! PackageName = scloud.auth.
11-17 20:43:31.087 I/SA      (22410): [ATR] onProcessFinished
11-17 20:43:31.087 I/SA      (22410): [APR] handleDrawalAccount
11-17 20:43:31.087 I/SA      (22410): [ATR] handleProcessFailResult start
11-17 20:43:31.087 I/SA      (22410): [ATR] Process Failed Error_code SAC_0203 Error_message The upgrade process must be completed if you want to use Samsung account
11-17 20:43:31.097 I/SA      (22410): [ATR] handleProcessFailResult finish
11-17 20:43:31.097 I/TokenTask(12407): =======RECEIVED ACCESSTOKEN FAIL, RCODE: 203
11-17 20:43:31.097 I/SA      (22410): [AB] unregistCallback 
11-17 20:43:31.097 I/SA      (22410): [CBM] getInstance
11-17 20:43:31.097 I/SA      (22410): [CBM] unRegisterCallback
11-17 20:43:31.097 I/SA      (22410): [CBM] checkUnregisterCallbackCondition
11-17 20:43:31.097 I/SA      (22410): [CBM] getCallbackInfo
11-17 20:43:31.097 I/SA      (22410): [CBM] Package Name = scloud.auth.
11-17 20:43:31.097 I/TokenTask(12407): =======UNREGISTER CALLBACK SUCCESS=======
11-17 20:43:31.097 I/TokenTask(12407): =======UNBIND SERVICE TO SA=======
11-17 20:43:31.107 I/SA      (22410): [RS] OnDestroy Service
11-17 20:43:31.107 I/RelayProvider(12407): getAuthInformation Finished : ST33996629
11-17 20:43:31.107 I/RelayProvider(12407): status : 203
11-17 20:43:31.117 I/AuthManager(12391): getAuthInformation : STATUS = 203
11-17 20:43:31.117 I/SBrowserTabSyncAdapter(12391): Sync Exception: code =  3
11-17 20:43:31.117 I/SBrowserTabSyncAdapter(12391): No Auth Info.. Can not call cloud-end
11-17 20:43:31.117 I/SBrowserTabSyncAdapter(12391): PERFORM SYNC : END
11-17 20:43:31.117 I/BrowserSyncAdapter(12391): PERFORM SYNC : 5.2.4
11-17 20:43:31.122 I/VerificationLog(20406): Calling SBrowserContentProviderUtility - begin
11-17 20:43:31.122 I/VerificationLog(20406): Calling SBrowserContentProviderUtility - BitmapFactory.decodeResource- begin
11-17 20:43:31.127 I/VerificationLog(20406): Calling SBrowserContentProviderUtility - BitmapFactory.decodeResource- End
11-17 20:43:31.127 D/SBrowserContentProviderUtility(20406): userSerialNumber = 0
11-17 20:43:31.127 I/VerificationLog(20406): Calling SBrowserContentProviderUtility - End
11-17 20:43:31.132 I/BrowserSyncAdapter(12391): LastSyncTime : null
11-17 20:43:31.132 I/BrowserSyncAdapter(12391): FIRST SYNC REQUEST..
11-17 20:43:31.137 I/RelayProvider(12407): getAuthInformation CTID : BR46891807
11-17 20:43:31.137 I/RelayProvider(12407): DATA RELAY VERSION : 3.05.000
11-17 20:43:31.137 I/RelayProvider(12407): prepareAuthInformation - Start : BR46891807, Thread : 3010-Binder_1
11-17 20:43:31.142 W/ContextImpl(12407): Implicit intents with startService are not safe: Intent { act=com.msc.action.samsungaccount.REQUEST_SERVICE } android.content.ContextWrapper.bindService:529 com.samsung.android.scloud.auth.task.TokenTask.bindToSA:145 com.samsung.android.scloud.auth.task.TokenTask.prepare:99 
11-17 20:43:31.147 I/SA      (22410): [RS] OnCreate Service
11-17 20:43:31.147 I/SA      (22410): [RS] OnBind
11-17 20:43:31.152 I/TokenTask(12407): =======SUCCESS BIND TO SAMSUNG ACCOUNT==========
11-17 20:43:31.152 I/TokenTask(12407): =======REGISTER_CALLBACK TO SAMSUNG_ACCOUNT=======
11-17 20:43:31.157 I/SA      (22410): [AB] registerCallback Package Name = scloud.auth.
11-17 20:43:31.157 I/SA      (22410): [CBM] getInstance
11-17 20:43:31.157 I/SA      (22410): [CBM] registerCallback
11-17 20:43:31.157 I/SA      (22410): [CBM] checkRegisterCallbackCondition
11-17 20:43:31.157 I/SA      (22410): [CBM] getRegisterationCodeIfAlreadyRegisterd
11-17 20:43:31.157 I/SA      (22410): [CBM] Success registerCallback
11-17 20:43:31.157 I/SA      (22410): [AB] return registrationCode :Y29tLnNhbXN1bmcuYW5kcm9pZC5zY2xvdWQuYXV0aDI=
11-17 20:43:31.157 I/TokenTask(12407): =======REQUEST ACCESS TOKEN=======
11-17 20:43:31.157 I/SA      (22410): [AB] requestAccesstoken 
11-17 20:43:31.157 I/SA      (22410): [AB] checkRequestCondition 
11-17 20:43:31.157 I/SA      (22410): [CBM] getInstance
11-17 20:43:31.157 I/SA      (22410): [CBM] getCallbackInfo
11-17 20:43:31.157 I/SA      (22410): [AB] Package Name = scloud.auth.
11-17 20:43:31.157 I/SA      (22410): [CBM] getInstance
11-17 20:43:31.157 I/SA      (22410): [CBM] getCallbackInfo
11-17 20:43:31.157 I/SA      (22410): [CBM] setCurrentRequestType :1
11-17 20:43:31.157 I/SA      (22410): [AB] retrun requestAccesstoken 
11-17 20:43:31.157 I/SA      (22410): [APR] isAvailableRunningProcess start
11-17 20:43:31.162 I/SA      (22410): [SCU] == networkStateCheck == true
11-17 20:43:31.162 I/SA      (22410): [SCU] isHaveSA() - true
11-17 20:43:31.162 I/SA      (22410): [DBM] Is Checking both Data V01 and V02 : false
11-17 20:43:31.162 I/SA      (22410): [DBMV2] getUserAuthToken
11-17 20:43:31.162 I/SA      (22410): [DBMV2] getDataV02ForItems
11-17 20:43:31.162 I/SA      (22410): [SSP] query invoked
11-17 20:43:31.167 I/SA      (22410): [AESC] decrypt START
11-17 20:43:31.167 I/SA      (22410): [AESC] decrypt END
11-17 20:43:31.172 I/SA      (22410): [DBM] V02 Data valid : true
11-17 20:43:31.172 I/SA      (22410): [SCHU] runCheckSignature : 19
11-17 20:43:31.172 I/SA      (22410): [SCHU] getSignatureCache
11-17 20:43:31.192 I/SA      (22410): [SCHU] Use cached signature
11-17 20:43:31.192 I/SA      (22410): [SCHU] checkCacheSignatureValidation
11-17 20:43:31.242 I/SA      (22410): [SRH] checkSignatureValidation - true, scloud.auth.
11-17 20:43:31.242 I/SA      (22410): [SCHU] success to check signature with cache data 
11-17 20:43:31.242 I/SA      (22410): [APR] isAvailableRunningProcess end - true
11-17 20:43:31.242 I/SA      (22410): [ATR] runProcess - start
11-17 20:43:31.247 I/SA      (22410): [SLFUCHKMGR] startSelfUpgradeCheck called
11-17 20:43:31.247 I/SA      (22410): [WLM] acquirePartialWakeLock
11-17 20:43:31.247 I/SA      (22410): [SLFUCHKMGR] status is FINISH
11-17 20:43:31.247 I/SA      (22410): [SLFUCHKMGR] FINISH - update is necessary
11-17 20:43:31.247 I/SA      (22410): [SLFUCHKMGR] processResponse START
11-17 20:43:31.247 I/SA      (22410): [WLM] acquirePartialWakeLock
11-17 20:43:31.247 I/SA      (22410): [SLFUCHKMGR] Upgrade is necessary
11-17 20:43:31.247 I/SA      (22410): [SLFUCHKMGR] showNotification START
11-17 20:43:31.247 I/SA      (22410): [SS] kitkat noti requested!
11-17 20:43:31.252 I/SA      (22410): [SLFUCHKMGR] showNotification END
11-17 20:43:31.252 I/SA      (22410): [SLFUCHKMGR] processResponse END
11-17 20:43:31.252 I/SA      (22410): [ATR] NEED_SELF_UPGRADE
11-17 20:43:31.252 I/SA      (22410): [APR] setErrorResult
11-17 20:43:31.252 I/SA      (22410): [ATR] runProcess - end
11-17 20:43:31.252 I/SA      (22410): [CBM] getInstance
11-17 20:43:31.252 I/SA      (22410): [CBM] getCallbackInfo
11-17 20:43:31.252 I/SA      (22410): [CBM] setCurrentRequestType :0
11-17 20:43:31.252 I/SA      (22410): [APR] isSamsungAccountSingnedin
11-17 20:43:31.257 I/SA      (22410): [SCU] isHaveSA() - true
11-17 20:43:31.257 I/SA      (22410): [APR] onProcessFinished Called! PackageName = scloud.auth.
11-17 20:43:31.257 I/SA      (22410): [ATR] onProcessFinished
11-17 20:43:31.257 I/SA      (22410): [APR] handleDrawalAccount
11-17 20:43:31.257 I/SA      (22410): [ATR] handleProcessFailResult start
11-17 20:43:31.257 I/SA      (22410): [ATR] Process Failed Error_code SAC_0203 Error_message The upgrade process must be completed if you want to use Samsung account
11-17 20:43:31.262 I/SA      (22410): [ATR] handleProcessFailResult finish
11-17 20:43:31.262 I/TokenTask(12407): =======RECEIVED ACCESSTOKEN FAIL, RCODE: 203
11-17 20:43:31.262 I/SA      (22410): [AB] unregistCallback 
11-17 20:43:31.262 I/SA      (22410): [CBM] getInstance
11-17 20:43:31.262 I/SA      (22410): [CBM] unRegisterCallback
11-17 20:43:31.262 I/SA      (22410): [CBM] checkUnregisterCallbackCondition
11-17 20:43:31.262 I/SA      (22410): [CBM] getCallbackInfo
11-17 20:43:31.262 I/SA      (22410): [CBM] Package Name = scloud.auth.
11-17 20:43:31.262 I/TokenTask(12407): =======UNREGISTER CALLBACK SUCCESS=======
11-17 20:43:31.262 I/TokenTask(12407): =======UNBIND SERVICE TO SA=======
11-17 20:43:31.267 I/SA      (22410): [RS] OnDestroy Service
11-17 20:43:31.272 I/RelayProvider(12407): getAuthInformation Finished : BR46891807
11-17 20:43:31.272 I/RelayProvider(12407): status : 203
11-17 20:43:31.272 I/AuthManager(12391): getAuthInformation : STATUS = 203
11-17 20:43:31.272 I/BrowserSyncAdapter(12391): Sync Exception: code =  3
11-17 20:43:31.272 I/BrowserSyncAdapter(12391): No Auth Info.. Can not call cloud-end
11-17 20:43:31.272 I/BrowserSyncAdapter(12391): PERFORM SYNC : END
11-17 20:43:31.277 I/SBROWSER-SYNC(12391): SYNC SERVICE END
11-17 20:43:31.277 I/SyncAdapter-SBrowser-Proxy(12391): onPerformSync - finished.
11-17 20:43:31.292 D/SyncManager( 2419): failed sync operation 
11-17 20:43:31.297 D/SyncManager( 2419): retrying sync operation as a two-way sync because an upload-only sync encountered an error: tme5092@gmail.com u0 (com.osp.app.signin), com.sec.android.app.sbrowser, LOCAL, latestRunTime 365850666, reason: 10138
11-17 20:43:31.312 I/MainActivityController:SBrowserSync(20406): initSyncObserver : SBROWSER_SYNC_COMPLETED : timeStamp : 1447789411317
11-17 20:43:31.327 I/SBrowserBookmarkSyncController:SBrowserSync(20406): receiving SBROWSER_SYNC_COMPLETED 
11-17 20:43:31.327 I/VerificationLog(20406): Calling SBrowserContentProviderUtility - begin
11-17 20:43:31.327 I/VerificationLog(20406): Calling SBrowserContentProviderUtility - BitmapFactory.decodeResource- begin
11-17 20:43:31.327 I/MainActivityController:SBrowserSync(20406): Initial checked
11-17 20:43:31.327 I/VerificationLog(20406): Calling SBrowserContentProviderUtility - begin
11-17 20:43:31.327 I/VerificationLog(20406): Calling SBrowserContentProviderUtility - BitmapFactory.decodeResource- begin
11-17 20:43:31.332 I/VerificationLog(20406): Calling SBrowserContentProviderUtility - BitmapFactory.decodeResource- End
11-17 20:43:31.337 I/VerificationLog(20406): Calling SBrowserContentProviderUtility - BitmapFactory.decodeResource- End
11-17 20:43:31.337 D/SBrowserContentProviderUtility(20406): userSerialNumber = 0
11-17 20:43:31.337 I/VerificationLog(20406): Calling SBrowserContentProviderUtility - End
11-17 20:43:31.337 D/SBrowserContentProviderUtility(20406): userSerialNumber = 0
11-17 20:43:31.337 I/VerificationLog(20406): Calling SBrowserContentProviderUtility - End
11-17 20:43:31.372 I/VerificationLog(20406): Calling SBrowserContentProviderUtility - begin
11-17 20:43:31.372 I/VerificationLog(20406): Calling SBrowserContentProviderUtility - BitmapFactory.decodeResource- begin
11-17 20:43:31.377 I/VerificationLog(20406): Calling SBrowserContentProviderUtility - BitmapFactory.decodeResource- End
11-17 20:43:31.377 D/SBrowserContentProviderUtility(20406): userSerialNumber = 0
11-17 20:43:31.377 I/VerificationLog(20406): Calling SBrowserContentProviderUtility - End
11-17 20:43:31.387 I/SBrowserContentProviderUtility:SBrowserSync(20406): getDownSyncCount : syncKey sync_bookmarks: downSyncCount: 0
11-17 20:43:31.387 I/SBrowserBookmarkSyncController:SBrowserSync(20406): updateDBOnSyncCompletion : downSyncCount : 0
11-17 20:43:31.387 I/SBrowserBookmarkSyncController:SBrowserSync(20406): updateDBOnSyncCompletion onPostExecute::: downSyncCount0
11-17 20:43:31.397 I/SBrowserContentProviderUtility:SBrowserSync(20406): updateAllInternetSyncDb updatedRows : 1
11-17 20:43:41.472 D/AlarmManagerService( 2419): Kernel timezone updated to -60 minutes west of GMT
11-17 20:43:41.492 D/PopupuiReceiver( 3648): onReceive() getAction : android.intent.action.NETWORK_SET_TIMEZONE
11-17 20:43:41.492 D/PopupuiReceiver( 3648): NETWORK_SET_TIME prevMCCvalue : -111
11-17 20:43:41.492 D/PopupuiReceiver( 3648): gsm.operator.numeric : 232
11-17 20:43:41.497 D/PopupuiReceiver( 3648): MCC init : mccstrcmp
11-17 20:43:41.502 D/Mms/DownloadManager( 5632): Service state changed: Bundle[mParcelledData.dataSize=780]
11-17 20:43:41.502 D/Mms/DownloadManager( 5632): roaming ------> false
11-17 20:43:41.502 D/Mms/DownloadManager( 5632): mAutoDownload ------> true
11-17 20:43:41.537 D/PhoneApp( 2770): PhoneUtilsExt.getEmergencyMode():0 serviceState:0 isAirplanemodeEnabledDuringEmergencyMode :false
11-17 20:43:41.537 D/PhoneApp( 2770): mReceiver: ACTION_ANY_DATA_CONNECTION_STATE_CHANGED
11-17 20:43:41.537 D/FileWriteThread( 2770): FileWriteThread : threadType = 2
11-17 20:43:41.542 D/NotificationMgr( 2770): hideDataDisconnectedRoaming()...
11-17 20:43:41.542 I/BootupListener( 2770): mPendingNetworkManualSelection : false
11-17 20:43:41.552 D/StatusChecker( 3679): onReceive : android.intent.action.SERVICE_STATE
11-17 20:43:41.552 D/StatusChecker( 3679): Service state changed : 0
11-17 20:43:41.992 I/SELinux (12534): Function: selinux_android_load_priority [0], There is no sepolicy file.
11-17 20:43:41.992 I/SELinux (12534):  
11-17 20:43:42.052 D/dalvikvm( 1922): GC_EXPLICIT freed 44K, 14% free 9566K/11080K, paused 5ms+5ms, total 54ms
11-17 20:43:42.062 I/SELinux (12534): Function: selinux_android_load_priority , spota verifySig and checkHash pass. priority version is VE=SEPF_SM-G800F_4.4.2_0046
11-17 20:43:42.062 I/SELinux (12534):  
11-17 20:43:42.062 I/SELinux (12534):  
11-17 20:43:42.062 I/SELinux (12534): selinux_android_seapp_context_reload: seapp_contexts file is loaded from /data/security/spota/seapp_contexts
11-17 20:43:42.067 E/SELinux (12534): [DEBUG] seapp_context_lookup: seinfoCategory = default
11-17 20:43:42.067 E/dalvikvm(12534): >>>>> Normal User
11-17 20:43:42.067 E/dalvikvm(12534): >>>>> com.noknok.android.framework.service [ userId:0 | appId:10027 ]
11-17 20:43:42.067 E/SELinux (12534): [DEBUG] seapp_context_lookup: seinfoCategory = default
11-17 20:43:42.092 D/dalvikvm( 1922): GC_EXPLICIT freed <1K, 14% free 9566K/11080K, paused 3ms+5ms, total 40ms
11-17 20:43:42.097 D/TimaKeyStoreProvider(12534): in addTimaSignatureService
11-17 20:43:42.107 D/TimaKeyStoreProvider(12534): Cannot add TimaSignature Service, License check Failed
11-17 20:43:42.112 D/ActivityThread(12534): Added TimaKesytore provider
11-17 20:43:42.132 D/dalvikvm( 1922): GC_EXPLICIT freed <1K, 14% free 9566K/11080K, paused 3ms+5ms, total 38ms
11-17 20:43:42.207 D/dalvikvm(12534): GC_CONCURRENT freed 3006K, 32% free 9623K/14100K, paused 3ms+2ms, total 32ms
11-17 20:43:42.207 D/dalvikvm(12534): WAIT_FOR_CONCURRENT_GC blocked 29ms
11-17 20:43:42.267 W/MessageQueue(20406): Handler (com.fido.android.framework.agent.MFACSDK$1$1) {4441b7d0} sending message to a Handler on a dead thread
11-17 20:43:42.267 W/MessageQueue(20406): java.lang.RuntimeException: Handler (com.fido.android.framework.agent.MFACSDK$1$1) {4441b7d0} sending message to a Handler on a dead thread
11-17 20:43:42.267 W/MessageQueue(20406): 	at android.os.MessageQueue.enqueueMessage(MessageQueue.java:320)
11-17 20:43:42.267 W/MessageQueue(20406): 	at android.os.Handler.enqueueMessage(Handler.java:626)
11-17 20:43:42.267 W/MessageQueue(20406): 	at android.os.Handler.sendMessageAtTime(Handler.java:595)
11-17 20:43:42.267 W/MessageQueue(20406): 	at android.os.Handler.sendMessageDelayed(Handler.java:566)
11-17 20:43:42.267 W/MessageQueue(20406): 	at android.os.Handler.sendEmptyMessageDelayed(Handler.java:530)
11-17 20:43:42.267 W/MessageQueue(20406): 	at android.os.Handler.sendEmptyMessage(Handler.java:515)
11-17 20:43:42.267 W/MessageQueue(20406): 	at com.fido.android.framework.agent.Fido$Connection$1.onServiceConnected(Fido.java:178)
11-17 20:43:42.267 W/MessageQueue(20406): 	at android.app.LoadedApk$ServiceDispatcher.doConnected(LoadedApk.java:1114)
11-17 20:43:42.267 W/MessageQueue(20406): 	at android.app.LoadedApk$ServiceDispatcher$RunConnection.run(LoadedApk.java:1131)
11-17 20:43:42.267 W/MessageQueue(20406): 	at android.os.Handler.handleCallback(Handler.java:733)
11-17 20:43:42.267 W/MessageQueue(20406): 	at android.os.Handler.dispatchMessage(Handler.java:95)
11-17 20:43:42.267 W/MessageQueue(20406): 	at android.os.Looper.loop(Looper.java:146)
11-17 20:43:42.267 W/MessageQueue(20406): 	at android.app.ActivityThread.main(ActivityThread.java:5694)
11-17 20:43:42.267 W/MessageQueue(20406): 	at java.lang.reflect.Method.invokeNative(Native Method)
11-17 20:43:42.267 W/MessageQueue(20406): 	at java.lang.reflect.Method.invoke(Method.java:515)
11-17 20:43:42.267 W/MessageQueue(20406): 	at com.android.internal.os.ZygoteInit$MethodAndArgsCaller.run(ZygoteInit.java:1291)
11-17 20:43:42.267 W/MessageQueue(20406): 	at com.android.internal.os.ZygoteInit.main(ZygoteInit.java:1107)
11-17 20:43:42.267 W/MessageQueue(20406): 	at dalvik.system.NativeStart.main(Native Method)
11-17 20:43:42.367 D/FingerprintManager(12534): ownName: null
11-17 20:43:42.497 D/FingerprintManager(12534): ownName: null
11-17 20:43:42.497 D/FingerprintManager(12534): ownName: null
11-17 20:43:42.567 D/FingerprintManager(12534): ownName: null
11-17 20:43:42.587 I/FPMS_FingerprintManagerService( 2649): registerClient: called.
11-17 20:43:42.587 I/FPMS_FingerprintManagerService( 2649): registerClient: client=Proxy@42a7f290 as token=BinderProxy@42a7f230 from pid=12534
11-17 20:43:42.587 V/ClClient( 3872): V	2015-11-17T20:43:42.592+0100	[ci=k1DMXn01HP]	ACQueueManager   	ClClient       	SEND(20580)	GetMoreForFolderRequest_274(accountID:1, folderID:22, forceFolderExpansion:false)
11-17 20:43:42.587 I/FingerprintManager(12534): processFIDO
11-17 20:43:42.587 W/ClClient( 3872): W	2015-11-17T20:43:42.593+0100	[ci=k1DMXn01HP]	ACQueueManager   	ClClient       	DISCARD(20580)   STOPPED
11-17 20:43:42.592 I/PersonaManagerService( 2419): getParentId() for 0
11-17 20:43:42.592 E/ACQueueManager( 3872): E	2015-11-17T20:43:42.594+0100	[ci=k1DMXn01HP]	ACQueueManager   	ACQueueManager 	Error on trying to begin sync on folder Kalender : OFFLINE
11-17 20:43:42.592 I/vfmjni  ( 2649): vcsFPJni.cpp 581
11-17 20:43:42.592 I/vfmjni  ( 2649): vcsClientInterface.cpp 59
11-17 20:43:42.592 I/vfmjni  ( 2649): vcsClientInterface.cpp 289
11-17 20:43:42.592 I/vfmjni  ( 2649): vcsClientInterface.cpp 63
11-17 20:43:42.592 I/ValidityLIB( 2649): APIHandlerClient.cpp 976 4
11-17 20:43:42.592 I/ValidityLIB( 2649): APIHandlerClient.cpp 1079 4
11-17 20:43:42.592 I/ValidityLIB( 2649): APIHandlerClient.cpp 1343 4
11-17 20:43:42.592 I/ValidityLIB( 2649): APIHandlerClient.cpp 1348 4
11-17 20:43:42.592 I/ValidityLIB( 2649): APIHandlerClient.cpp 1352 4
11-17 20:43:42.592 I/ValidityLIB( 2649): APIHandlerClient.cpp 1426 4
11-17 20:43:42.592 I/ValidityLIB( 1962): InputThread.cpp 153 4
11-17 20:43:42.592 I/ValidityLIB( 1962): InputThread.cpp 156 4
11-17 20:43:42.592 I/ValidityLIB( 1962): InputThread.cpp 177 4
11-17 20:43:42.592 I/ValidityLIB( 1962): vcsServer.cpp 347 4
11-17 20:43:42.592 I/ValidityLIB( 1962): APIHandlerServer.cpp 306 4
11-17 20:43:42.592 I/ValidityLIB( 1962): InputThread.cpp 145 4
11-17 20:43:42.592 I/ValidityLIB( 1962): InputThread.cpp 151 4
11-17 20:43:42.592 I/ValidityLIB( 1962): APIHandlerServer.cpp 369 4
11-17 20:43:42.592 I/ValidityLIB( 1962): APIHandlerServer.cpp 411 4
11-17 20:43:42.592 I/ValidityLIB( 1962): vcsServer.cpp 874 4
11-17 20:43:42.592 I/ValidityLIB( 1962): vfmEx.c 4318 4
11-17 20:43:42.592 I/ValidityLIB( 1962): vfmEx.c 4323 4
11-17 20:43:42.592 I/ValidityLIB( 1962): APIHandlerVfm.cpp 1127 4
11-17 20:43:42.592 I/ValidityLIB( 1962): vfmEx.c 4511 4
11-17 20:43:42.592 I/ValidityLIB( 1962): vfmEx.c 4635 4
11-17 20:43:42.592 I/ValidityLIB( 1962): APIHandlerVfm.cpp 899 4
11-17 20:43:42.592 I/ValidityLIB( 1962): vcsServer.cpp 300 4
11-17 20:43:42.592 I/ValidityLIB( 1962): ClientApp.cpp 177 4
11-17 20:43:42.592 I/ValidityLIB( 1962): ClientApp.cpp 199 4
11-17 20:43:42.592 I/ValidityLIB( 1962): ClientApp.cpp 227 4
11-17 20:43:42.592 I/ValidityLIB( 1962): TimerThread.cpp 119 4
11-17 20:43:42.592 I/ValidityLIB( 1962): TimerThread.cpp 162 4
11-17 20:43:42.592 I/ValidityLIB( 1962): APIHandlerServer.cpp 580 4
11-17 20:43:42.592 I/ValidityLIB( 1962): APIHandlerServer.cpp 382 4
11-17 20:43:42.592 I/ValidityLIB( 2649): APIHandlerClient.cpp 1356 4
11-17 20:43:42.592 I/ValidityLIB( 2649): APIHandlerClient.cpp 1486 4
11-17 20:43:42.592 I/ValidityLIB( 2649): APIHandlerClient.cpp 1489 4
11-17 20:43:42.592 I/ValidityLIB( 2649): APIHandlerClient.cpp 1494 4
11-17 20:43:42.592 I/ValidityLIB( 2649): APIHandlerClient.cpp 1366 4
11-17 20:43:42.592 I/ValidityLIB( 2649): APIHandlerClient.cpp 997 4
11-17 20:43:42.592 I/vfmjni  ( 2649): vcsFPJni.cpp 593
11-17 20:43:42.597 I/FPMS_ValidityFingerprintProxyFactory( 2649): getSensorStatus FINISH (4ms) RESULT: 0
11-17 20:43:42.597 I/vfmjni  ( 2649): vcsFPJni.cpp 862
11-17 20:43:42.597 I/vfmjni  ( 2649): vcsClientInterface.cpp 59
11-17 20:43:42.597 I/vfmjni  ( 2649): vcsClientInterface.cpp 289
11-17 20:43:42.597 I/vfmjni  ( 2649): vcsClientInterface.cpp 63
11-17 20:43:42.597 I/ValidityLIB( 2649): APIHandlerClient.cpp 1159 4
11-17 20:43:42.597 I/ValidityLIB( 2649): APIHandlerClient.cpp 1343 4
11-17 20:43:42.597 I/ValidityLIB( 2649): APIHandlerClient.cpp 1348 4
11-17 20:43:42.597 I/ValidityLIB( 2649): APIHandlerClient.cpp 1352 4
11-17 20:43:42.597 I/ValidityLIB( 2649): APIHandlerClient.cpp 1426 4
11-17 20:43:42.597 I/ValidityLIB( 1962): InputThread.cpp 153 4
11-17 20:43:42.597 I/ValidityLIB( 1962): InputThread.cpp 156 4
11-17 20:43:42.597 I/ValidityLIB( 1962): InputThread.cpp 177 4
11-17 20:43:42.597 I/ValidityLIB( 1962): vcsServer.cpp 347 4
11-17 20:43:42.597 I/ValidityLIB( 1962): APIHandlerServer.cpp 306 4
11-17 20:43:42.597 I/ValidityLIB( 1962): InputThread.cpp 145 4
11-17 20:43:42.597 I/ValidityLIB( 1962): InputThread.cpp 151 4
11-17 20:43:42.597 I/ValidityLIB( 1962): APIHandlerServer.cpp 369 4
11-17 20:43:42.597 I/ValidityLIB( 1962): APIHandlerServer.cpp 411 4
11-17 20:43:42.597 I/ValidityLIB( 1962): vcsServer.cpp 874 4
11-17 20:43:42.597 I/ValidityLIB( 1962): vfmEx.c 4318 4
11-17 20:43:42.597 I/ValidityLIB( 1962): vfmEx.c 4323 4
11-17 20:43:42.597 I/ValidityLIB( 1962): APIHandlerVfm.cpp 1127 4
11-17 20:43:42.597 I/ValidityLIB( 1962): vfmEx.c 5463 4
11-17 20:43:42.597 I/ValidityLIB( 1962): vfmEx.c 5219 4
11-17 20:43:42.597 I/tlcFpAsm( 1962): TZDeviceOpen Success;31
11-17 20:43:42.597 I/tlcFpAsm( 1962): TZSessionOpen() called;45
11-17 20:43:42.597 I/tlcFpAsm( 1962): Allocating WSM for TCI;74
11-17 20:43:42.597 I/tlcFpAsm( 1962): Opening the session;92
11-17 20:43:42.597 I/ValidityLIB( 2649): APIHandlerClient.cpp 1356 4
11-17 20:43:42.597 I/ValidityLIB( 2649): APIHandlerClient.cpp 1486 4
11-17 20:43:42.637 I/tlcFpAsm( 1962): TZSessionOpen() succeeded;102
11-17 20:43:42.637 I/ValidityLIB( 1962): vfmEx.c 4338 4
11-17 20:43:42.637 I/ValidityLIB( 1962): palDevConfig.c 436 3
11-17 20:43:42.642 I/ValidityLIB( 1962): palDevConfig.c 440 3
11-17 20:43:42.642 I/ValidityLIB( 1962): palDevConfig.c 388 3
11-17 20:43:42.647 I/tlcFingerPrint( 1962): vfmTZSessionOpen;217
11-17 20:43:42.647 I/tlc_communication( 1962): tlc_open() called;85
11-17 20:43:42.647 I/tlc_communication( 1962): Allocating WSM for TCI;102
11-17 20:43:42.647 I/tlc_communication( 1962): Opening the session;119
11-17 20:43:42.692 I/ValidityLIB( 1962): TimerThread.cpp 210 4
11-17 20:43:42.692 I/ValidityLIB( 1962): vcsServer.cpp 947 4
11-17 20:43:42.692 I/ValidityLIB( 1962): vcsServer.cpp 997 4
11-17 20:43:42.692 I/ValidityLIB( 1962): TimerThread.cpp 140 4
11-17 20:43:42.692 I/ValidityLIB( 1962): TimerThread.cpp 162 4
11-17 20:43:42.692 I/ValidityLIB( 1962): vcsServer.cpp 1003 4
11-17 20:43:42.692 I/ValidityLIB( 1962): vfmEx.c 4219 4
11-17 20:43:42.722 I/tlc_communication( 1962): tlc_open() successed;136
11-17 20:43:42.722 I/tlcFingerPrint( 1962): Check TCI buffer;233
11-17 20:43:42.727 I/tlcFingerPrint( 1962): Call FP cmd 0x18;454
11-17 20:43:42.727 I/tlc_communication( 1962): Send Trustlet TCI Message;207
11-17 20:43:42.727 I/tlc_communication( 1962): mcNotify is completed;216
11-17 20:43:42.727 I/tlc_communication( 1962): mcWaitNotification is completed;225
11-17 20:43:42.727 I/tlcFingerPrint( 1962): vfmGetMode SPI Mode : 0;495
11-17 20:43:42.727 I/tlcFingerPrint( 1962): Check the Trustlet return code is completed;511
11-17 20:43:42.727 I/tlcFingerPrint( 1962): vfmTZSessionOpen Success;347
11-17 20:43:42.732 I/ValidityLIB( 1962): storageSqliteSS.c 296 4
11-17 20:43:42.732 I/ValidityLIB( 1962): storageSqliteSS.c 1034 4
11-17 20:43:42.737 I/ValidityLIB( 1962): storageSqliteSS.c 1068 4
11-17 20:43:42.737 I/ValidityLIB( 1962): vfmExDatabase.c 52 3
11-17 20:43:42.737 I/ValidityLIB( 1962): vfmExDatabase.c 126 4
11-17 20:43:42.737 I/tlcFingerPrint( 1962): Call FP cmd 0x2;681
11-17 20:43:42.737 I/tlc_communication( 1962): Send Trustlet TCI Message;207
11-17 20:43:42.737 I/tlc_communication( 1962): mcNotify is completed;216
11-17 20:43:42.737 I/tlc_communication( 1962): mcWaitNotification is completed;225
11-17 20:43:42.737 I/tlcFingerPrint( 1962): Check the Trustlet return code is completed;739
11-17 20:43:42.737 I/ValidityLIB( 1962): vfmEx.c 4132 4
11-17 20:43:42.737 I/tlcFingerPrint( 1962): Call FP cmd 0x4;755
11-17 20:43:42.737 I/tlc_communication( 1962): Send Trustlet TCI Message;207
11-17 20:43:42.742 I/tlc_communication( 1962): mcNotify is completed;216
11-17 20:43:42.767 I/tlc_communication( 1962): mcWaitNotification is completed;225
11-17 20:43:42.772 I/tlcFingerPrint( 1962): Check the Trustlet return code is completed;813
11-17 20:43:42.772 I/ValidityLIB( 1962): vfmEx.c 4170 4
11-17 20:43:42.772 I/tlcFingerPrint( 1962): Call FP cmd 0x5;831
11-17 20:43:42.772 I/tlcFingerPrint( 1962): calResults is null;865
11-17 20:43:42.772 I/tlc_communication( 1962): Send Trustlet TCI Message;207
11-17 20:43:42.772 I/tlc_communication( 1962): mcNotify is completed;216
11-17 20:43:42.772 I/tlc_communication( 1962): mcWaitNotification is completed;225
11-17 20:43:42.772 I/tlcFingerPrint( 1962): Check the Trustlet return code is completed;906
11-17 20:43:42.772 I/ValidityLIB( 1962): vfmEx.c 4402 4
11-17 20:43:42.777 I/ValidityLIB( 1962): vfmEx.c 5400 4
11-17 20:43:42.777 I/tlcFpAsm( 1962): Enter processFIDO;150
11-17 20:43:42.777 I/tlcFpAsm( 1962): Send Trustlet TCI Message;114
11-17 20:43:42.777 I/tlcFpAsm( 1962): mcNotify is completed;123
11-17 20:43:42.777 I/tlcFpAsm( 1962): mcWaitNotification is completed;132
11-17 20:43:42.777 I/tlcFpAsm( 1962): Trustlet response is completed;196
11-17 20:43:42.777 I/tlcFpAsm( 1962): Check the Trustlet return code is completed;205
11-17 20:43:42.777 I/ValidityLIB( 1962): palDevConfig.c 447 3
11-17 20:43:42.782 I/ValidityLIB( 1962): palDevConfig.c 453 3
11-17 20:43:42.782 I/tlcFingerPrint( 1962): Call FP cmd 0x3;622
11-17 20:43:42.782 I/tlc_communication( 1962): Send Trustlet TCI Message;207
11-17 20:43:42.782 I/tlc_communication( 1962): mcNotify is completed;216
11-17 20:43:42.782 I/ValidityLIB( 1962): vfmEx.c 5408 4
11-17 20:43:42.782 I/tlcFpAsm( 1962): TZSessionClose() called;216
11-17 20:43:42.782 I/tlcFpAsm( 1962): Closing the session;221
11-17 20:43:42.782 I/tlc_communication( 1962): mcWaitNotification is completed;225
11-17 20:43:42.782 I/tlcFingerPrint( 1962): Check the Trustlet return code is completed;654
11-17 20:43:42.782 I/tlcFingerPrint( 1962): vfmTZSessionClose;355
11-17 20:43:42.782 I/tlcFpAsm( 1962): Free WSM;228
11-17 20:43:42.782 I/tlcFpAsm( 1962): TZSessionClose() succeeded;252
11-17 20:43:42.782 I/tlcFpAsm( 1962): TZDeviceClose Success;37
11-17 20:43:42.782 I/ValidityLIB( 1962): vfmEx.c 5446 4
11-17 20:43:42.782 I/ValidityLIB( 1962): vfmEx.c 5549 4
11-17 20:43:42.782 I/ValidityLIB( 1962): vcsServer.cpp 300 4
11-17 20:43:42.782 I/ValidityLIB( 1962): ClientApp.cpp 177 4
11-17 20:43:42.782 I/ValidityLIB( 1962): ClientApp.cpp 199 4
11-17 20:43:42.782 I/ValidityLIB( 1962): ClientApp.cpp 227 4
11-17 20:43:42.782 I/ValidityLIB( 2649): APIHandlerClient.cpp 1489 4
11-17 20:43:42.782 I/ValidityLIB( 2649): APIHandlerClient.cpp 1494 4
11-17 20:43:42.787 I/ValidityLIB( 2649): APIHandlerClient.cpp 1366 4
11-17 20:43:42.787 I/ValidityLIB( 2649): APIHandlerClient.cpp 1188 4
11-17 20:43:42.787 I/ValidityLIB( 2649): APIHandlerClient.cpp 1199 4
11-17 20:43:42.787 I/ValidityLIB( 2649): APIHandlerClient.cpp 1222 4
11-17 20:43:42.787 I/ValidityLIB( 2649): APIHandlerClient.cpp 1254 4
11-17 20:43:42.787 I/ValidityLIB( 2649): APIHandlerClient.cpp 1256 4
11-17 20:43:42.787 I/ValidityLIB( 2649): APIHandlerClient.cpp 1263 4
11-17 20:43:42.787 I/vfmjni  ( 2649): vcsFPJni.cpp 898
11-17 20:43:42.787 I/FPMS_ValidityFingerprintProxyFactory( 2649): processFIDO FINISH (189ms) RESULT: 0
11-17 20:43:42.787 I/ValidityLIB( 1962): TimerThread.cpp 119 4
11-17 20:43:42.787 I/ValidityLIB( 1962): TimerThread.cpp 162 4
11-17 20:43:42.787 I/ValidityLIB( 1962): APIHandlerServer.cpp 580 4
11-17 20:43:42.787 I/FPMS_FingerprintManagerService( 2649): unregisterClient: called.
11-17 20:43:42.787 I/ValidityLIB( 1962): APIHandlerServer.cpp 382 4
11-17 20:43:42.787 I/tlc_communication( 1962): tlc_close() called;149
11-17 20:43:42.787 I/tlc_communication( 1962): Closing the session;153
11-17 20:43:42.792 I/tlc_communication( 1962): Free WSM;168
11-17 20:43:42.792 I/tlc_communication( 1962): tlc_close() successed;195
11-17 20:43:42.792 I/tlcFingerPrint( 1962): vfmTZSessionClose Success;440
11-17 20:43:42.792 I/ValidityLIB( 1962): vfmEx.c 4302 4
11-17 20:43:42.792 I/ValidityLIB( 1962): APIHandlerVfm.cpp 1133 4
11-17 20:43:42.892 I/ValidityLIB( 1962): TimerThread.cpp 210 4
11-17 20:43:42.892 I/ValidityLIB( 1962): vcsServer.cpp 947 4
11-17 20:43:42.892 I/ValidityLIB( 1962): vcsServer.cpp 997 4
11-17 20:43:42.892 I/ValidityLIB( 1962): TimerThread.cpp 140 4
11-17 20:43:42.892 I/ValidityLIB( 1962): TimerThread.cpp 162 4
11-17 20:43:54.427 I/SensorManagerA( 2750): getReportingMode :: sensor.mType = 1
11-17 20:43:54.427 I/Sensors ( 2419): HAL: batch Dry Run is complete
11-17 20:43:54.432 I/Sensors ( 2419): HAL:resetDataRates mEnabled=4
11-17 20:43:54.442 D/SensorManager( 2750): registerListener :: 2, MPL Accelerometer, 20000, 0,  
11-17 20:43:57.317 V/ClClient( 3872): V	2015-11-17T20:43:57.321+0100	[ci=k1DMXn01HP]	ACQueueManager   	ClClient       	SEND(20581)	GetMoreForFolderRequest_274(accountID:1, folderID:22, forceFolderExpansion:false)
11-17 20:43:57.322 W/ClClient( 3872): W	2015-11-17T20:43:57.325+0100	[ci=k1DMXn01HP]	ACQueueManager   	ClClient       	DISCARD(20581)   STOPPED
11-17 20:43:57.322 E/ACQueueManager( 3872): E	2015-11-17T20:43:57.326+0100	[ci=k1DMXn01HP]	ACQueueManager   	ACQueueManager 	Error on trying to begin sync on folder Kalender : OFFLINE
11-17 20:43:57.817 D/ClClient( 3872): D	2015-11-17T20:43:57.820+0100	[ci=k1DMXn01HP]	pool-5-thread-1  	ClClient       	Not sending keepalive.  Current connection state=STOPPED
11-17 20:43:57.902 V/MPL-storeload( 2419): inv_get_mpl state size = 6040
11-17 20:43:57.902 V/MPL-storeload( 2419): calData from inv_save_mpl_states, size=2
11-17 20:43:57.902 V/MPL-storeload( 2419): cal data size to write = 6040
11-17 20:43:57.907 V/MPL-storeload( 2419): Bytes written = 6040
11-17 20:43:57.907 D/SensorManager( 2750): unregisterListener ::   
11-17 20:44:03.372 D/KeyguardUpdateMonitor( 2607): received broadcast android.intent.action.TIME_TICK
11-17 20:44:03.372 D/KeyguardUpdateMonitor( 2607): handleTimeUpdate
11-17 20:44:03.397 I/SensorManagerA( 2750): getReportingMode :: sensor.mType = 1
11-17 20:44:03.402 I/Sensors ( 2419): HAL: batch Dry Run is complete
11-17 20:44:03.407 I/Sensors ( 2419): HAL:resetDataRates mEnabled=4
11-17 20:44:03.417 D/SensorManager( 2750): registerListener :: 2, MPL Accelerometer, 20000, 0,  
11-17 20:44:06.877 V/MPL-storeload( 2419): inv_get_mpl state size = 6040
11-17 20:44:06.882 V/MPL-storeload( 2419): calData from inv_save_mpl_states, size=2
11-17 20:44:06.882 V/MPL-storeload( 2419): cal data size to write = 6040
11-17 20:44:06.882 V/MPL-storeload( 2419): Bytes written = 6040
11-17 20:44:06.882 D/SensorManager( 2750): unregisterListener ::   
11-17 20:44:11.472 D/AlarmManagerService( 2419): Kernel timezone updated to -60 minutes west of GMT
11-17 20:44:11.472 V/ClClient( 3872): V	2015-11-17T20:44:11.478+0100	[ci=k1DMXn01HP]	ACQueueManager   	ClClient       	SEND(20582)	GetMoreForFolderRequest_274(accountID:1, folderID:22, forceFolderExpansion:false)
11-17 20:44:11.477 W/ClClient( 3872): W	2015-11-17T20:44:11.480+0100	[ci=k1DMXn01HP]	ACQueueManager   	ClClient       	DISCARD(20582)   STOPPED
11-17 20:44:11.477 E/ACQueueManager( 3872): E	2015-11-17T20:44:11.482+0100	[ci=k1DMXn01HP]	ACQueueManager   	ACQueueManager 	Error on trying to begin sync on folder Kalender : OFFLINE
11-17 20:44:11.482 D/PopupuiReceiver( 3648): onReceive() getAction : android.intent.action.NETWORK_SET_TIMEZONE
11-17 20:44:11.482 D/PopupuiReceiver( 3648): NETWORK_SET_TIME prevMCCvalue : -111
11-17 20:44:11.482 D/PopupuiReceiver( 3648): gsm.operator.numeric : 232
11-17 20:44:11.502 D/PopupuiReceiver( 3648): MCC init : mccstrcmp
11-17 20:44:11.502 D/Mms/DownloadManager( 5632): Service state changed: Bundle[mParcelledData.dataSize=780]
11-17 20:44:11.507 D/Mms/DownloadManager( 5632): roaming ------> false
11-17 20:44:11.507 D/Mms/DownloadManager( 5632): mAutoDownload ------> true
11-17 20:44:11.537 D/PhoneApp( 2770): PhoneUtilsExt.getEmergencyMode():0 serviceState:0 isAirplanemodeEnabledDuringEmergencyMode :false
11-17 20:44:11.542 D/PhoneApp( 2770): mReceiver: ACTION_ANY_DATA_CONNECTION_STATE_CHANGED
11-17 20:44:11.542 D/FileWriteThread( 2770): FileWriteThread : threadType = 2
11-17 20:44:11.542 D/NotificationMgr( 2770): hideDataDisconnectedRoaming()...
11-17 20:44:11.547 I/BootupListener( 2770): mPendingNetworkManualSelection : false
11-17 20:44:11.557 D/StatusChecker( 3679): onReceive : android.intent.action.SERVICE_STATE
11-17 20:44:11.557 D/StatusChecker( 3679): Service state changed : 0
11-17 20:44:25.462 I/MainActivityController:SBrowserSync(20406): initSyncObserver : SBROWSER_SYNC_STARTED 
11-17 20:44:25.477 I/SyncAdapter-SBrowser-Proxy(12391): onPerformSync - started.
11-17 20:44:25.477 W/ContextImpl(12391): Implicit intents with startService are not safe: Intent { act=com.sec.android.sCloudSync.SBrowser } android.content.ContextWrapper.bindService:529 com.samsung.android.scloud.proxy.sbrowser.SyncAdapter.onPerformSync:106 android.content.AbstractThreadedSyncAdapter$SyncThread.run:259 
11-17 20:44:25.497 I/SyncAdapter-SBrowser-Proxy(12391): onServiceConnected : Binded.
11-17 20:44:25.497 I/VerificationLog(20406): Calling SBrowserContentProviderUtility - begin
11-17 20:44:25.497 I/VerificationLog(20406): Calling SBrowserContentProviderUtility - BitmapFactory.decodeResource- begin
11-17 20:44:25.502 I/VerificationLog(20406): Calling SBrowserContentProviderUtility - BitmapFactory.decodeResource- End
11-17 20:44:25.502 D/SBrowserContentProviderUtility(20406): userSerialNumber = 0
11-17 20:44:25.502 I/VerificationLog(20406): Calling SBrowserContentProviderUtility - End
11-17 20:44:25.507 I/SBROWSER-SYNC(12391): SyncKey is sync_internet_data SyncValue is 1
11-17 20:44:25.507 I/SBROWSER-SYNC(12391): SyncKey is sync_bookmarks SyncValue is 1
11-17 20:44:25.507 I/SBROWSER-SYNC(12391): SyncKey is sync_open_pages SyncValue is 1
11-17 20:44:25.507 I/SBROWSER-SYNC(12391): SyncKey is sync_saved_pages SyncValue is 0
11-17 20:44:25.512 I/SBrowserTabSyncAdapter(12391): PERFORM SYNC : 5.2.4
11-17 20:44:25.512 I/VerificationLog(20406): Calling SBrowserContentProviderUtility - begin
11-17 20:44:25.512 I/VerificationLog(20406): Calling SBrowserContentProviderUtility - BitmapFactory.decodeResource- begin
11-17 20:44:25.517 I/VerificationLog(20406): Calling SBrowserContentProviderUtility - BitmapFactory.decodeResource- End
11-17 20:44:25.517 D/SBrowserContentProviderUtility(20406): userSerialNumber = 0
11-17 20:44:25.517 I/VerificationLog(20406): Calling SBrowserContentProviderUtility - End
11-17 20:44:25.522 I/SBrowserTabSyncAdapter(12391): LastSyncTime : 1447396067828
11-17 20:44:25.522 I/SBrowserTabSyncAdapter(12391): MANUAL SYNC REQUEST..
11-17 20:44:25.527 I/RelayProvider(12407): getAuthInformation CTID : ST66673099
