11-17 20:29:30.312 I/DEBUG   ( 1920):     7c77f08c 00000000 00000000 00000000 00000000  
11-17 20:29:30.312 I/DEBUG   ( 1920):     7c77f09c 00000000 00000000 00000000 00000000  
11-17 20:29:30.312 I/DEBUG   ( 1920):     7c77f0ac 00000000 00000000 00000000 00000000  
11-17 20:29:30.312 I/DEBUG   ( 1920):     7c77f0bc 00000000 00000000 00000000 00000000  
11-17 20:29:30.312 I/DEBUG   ( 1920):     7c77f0cc 00000000 00000000 00000000 00000000  
11-17 20:29:30.312 I/DEBUG   ( 1920):     7c77f0dc 00000000 00000000 00000000 00000000  
11-17 20:29:30.317 I/DEBUG   ( 1920):     7c77f0ec 00000000 00000000 00000000 00000000  
11-17 20:29:30.317 I/DEBUG   ( 1920):     7c77f0fc 00000000 00000000 00000000 00000000  
11-17 20:29:30.317 I/DEBUG   ( 1920):     7c77f10c 00000000 00000000 00000000 00000000  
11-17 20:29:30.317 I/DEBUG   ( 1920):     7c77f11c 00000000 00000000 00000000 00000000  
11-17 20:29:30.317 I/DEBUG   ( 1920):     7c77f12c 00000000 00000000 00000000 00000000  
11-17 20:29:30.317 I/DEBUG   ( 1920): 
11-17 20:29:30.317 I/DEBUG   ( 1920): memory near sp:
11-17 20:29:30.317 I/DEBUG   ( 1920):     7aebf9a8 4006c3e6 7aebf9bc 4006ff7d 4003d80b  
11-17 20:29:30.317 I/DEBUG   ( 1920):     7aebf9b8 4006c3e6 7d835448 4006ff7d 00000000  
11-17 20:29:30.317 I/DEBUG   ( 1920):     7aebf9c8 40076000 7d835450 7aebfa54 7c77f05e  
11-17 20:29:30.317 I/DEBUG   ( 1920):     7aebf9d8 7d842c70 40039d49 40b9d5f8 40aef3af  
11-17 20:29:30.317 I/DEBUG   ( 1920):     7aebf9e8 7d5c99a8 40c94b0d 00000075 00000080  
11-17 20:29:30.317 I/DEBUG   ( 1920):     7aebf9f8 00000000 7c77f05f 7aebfa4c 7c77f05b  
11-17 20:29:30.317 I/DEBUG   ( 1920):     7aebfa08 40c9d389 40c9d389 00001130 00000100  
11-17 20:29:30.317 I/DEBUG   ( 1920):     7aebfa18 40b91ad0 7d5c99a8 00000053 40ca1fe4  
11-17 20:29:30.317 I/DEBUG   ( 1920):     7aebfa28 7c77f04f 7c77f00c 00001130 00001181  
11-17 20:29:30.317 I/DEBUG   ( 1920):     7aebfa38 00001130 40c80b41 7aebfa54 7aebfa50  
11-17 20:29:30.317 I/DEBUG   ( 1920):     7aebfa48 7d5c99a8 7c77f052 00000001 7d5c99a8  
11-17 20:29:30.317 I/DEBUG   ( 1920):     7aebfa58 7d5c99a8 00001120 00001131 00001111  
11-17 20:29:30.317 I/DEBUG   ( 1920):     7aebfa68 73dd9929 40c83637 00000000 73ddaf67  
11-17 20:29:30.317 I/DEBUG   ( 1920):     7aebfa78 ffffffff 564b8019 78e32a20 7d5c99a8  
11-17 20:29:30.317 I/DEBUG   ( 1920):     7aebfa88 78e32a20 7b8887f0 80800005 00000000  
11-17 20:29:30.317 I/DEBUG   ( 1920):     7aebfa98 7fd00009 ffffffff 00000000 40c8efd3  
11-17 20:29:30.317 I/DEBUG   ( 1920): 
11-17 20:29:30.317 I/DEBUG   ( 1920): code around pc:
11-17 20:29:30.317 I/DEBUG   ( 1920):     4003d7ec 6a014478 62021e4a f7fdb95a e008fd41  
11-17 20:29:30.322 I/DEBUG   ( 1920):     4003d7fc 4a2b482a 447a4478 f0014621 4a13f9af  
11-17 20:29:30.322 I/DEBUG   ( 1920):     4003d80c 49286014 f8d14479 079a31bc f501d51c  
11-17 20:29:30.322 I/DEBUG   ( 1920):     4003d81c e8bd70e0 f02c40f8 4823ba0d f7fd4478  
11-17 20:29:30.322 I/DEBUG   ( 1920):     4003d82c 4822fd15 e7fa4478 42b7688f ae10f43f  
11-17 20:29:30.322 I/DEBUG   ( 1920):     4003d83c 481fe611 e7f24478 4478481e 6888e7ef  
11-17 20:29:30.322 I/DEBUG   ( 1920):     4003d84c f43f4298 e606aed4 bf00bdf8 deadbaad  
11-17 20:29:30.322 I/DEBUG   ( 1920):     4003d85c 0003ce06 0003cdf8 0003cd5c 00032b13  
11-17 20:29:30.322 I/DEBUG   ( 1920):     4003d86c 0003ccd4 0003ccc2 0003cc4a 0003cc28  
11-17 20:29:30.322 I/DEBUG   ( 1920):     4003d87c 0003cbc8 0003cbb6 0003cb50 0003cb38  
11-17 20:29:30.322 I/DEBUG   ( 1920):     4003d88c 0003cb26 0003cad0 0003caa8 0003ca1c  
11-17 20:29:30.322 I/DEBUG   ( 1920):     4003d89c 0003c9c8 0003c9ae 0003c990 0002ebe2  
11-17 20:29:30.322 I/DEBUG   ( 1920):     4003d8ac 00032777 0003c96c 00032751 00032749  
11-17 20:29:30.322 I/DEBUG   ( 1920):     4003d8bc 00032739 00032733 b168b538 0300ea41  
11-17 20:29:30.322 I/DEBUG   ( 1920):     4003d8cc 04150c1a f401fb00 fbb4b13d 4288f0f0  
11-17 20:29:30.322 I/DEBUG   ( 1920):     4003d8dc f04fbf18 e00034ff 46204604 fb16f7fe  
11-17 20:29:30.322 I/DEBUG   ( 1920): 
11-17 20:29:30.322 I/DEBUG   ( 1920): code around lr:
11-17 20:29:30.327 I/DEBUG   ( 1920):     4003d7e8 482e61a3 6a014478 62021e4a f7fdb95a  
11-17 20:29:30.327 I/DEBUG   ( 1920):     4003d7f8 e008fd41 4a2b482a 447a4478 f0014621  
11-17 20:29:30.327 I/DEBUG   ( 1920):     4003d808 4a13f9af 49286014 f8d14479 079a31bc  
11-17 20:29:30.327 I/DEBUG   ( 1920):     4003d818 f501d51c e8bd70e0 f02c40f8 4823ba0d  
11-17 20:29:30.327 I/DEBUG   ( 1920):     4003d828 f7fd4478 4822fd15 e7fa4478 42b7688f  
11-17 20:29:30.327 I/DEBUG   ( 1920):     4003d838 ae10f43f 481fe611 e7f24478 4478481e  
11-17 20:29:30.327 I/DEBUG   ( 1920):     4003d848 6888e7ef f43f4298 e606aed4 bf00bdf8  
11-17 20:29:30.327 I/DEBUG   ( 1920):     4003d858 deadbaad 0003ce06 0003cdf8 0003cd5c  
11-17 20:29:30.327 I/DEBUG   ( 1920):     4003d868 00032b13 0003ccd4 0003ccc2 0003cc4a  
11-17 20:29:30.327 I/DEBUG   ( 1920):     4003d878 0003cc28 0003cbc8 0003cbb6 0003cb50  
11-17 20:29:30.327 I/DEBUG   ( 1920):     4003d888 0003cb38 0003cb26 0003cad0 0003caa8  
11-17 20:29:30.327 I/DEBUG   ( 1920):     4003d898 0003ca1c 0003c9c8 0003c9ae 0003c990  
11-17 20:29:30.327 I/DEBUG   ( 1920):     4003d8a8 0002ebe2 00032777 0003c96c 00032751  
11-17 20:29:30.327 I/DEBUG   ( 1920):     4003d8b8 00032749 00032739 00032733 b168b538  
11-17 20:29:30.327 I/DEBUG   ( 1920):     4003d8c8 0300ea41 04150c1a f401fb00 fbb4b13d  
11-17 20:29:30.327 I/DEBUG   ( 1920):     4003d8d8 4288f0f0 f04fbf18 e00034ff 46204604  
11-17 20:29:30.327 I/DEBUG   ( 1920): 
11-17 20:29:30.327 I/DEBUG   ( 1920): memory map around fault addr deadbaad:
11-17 20:29:30.327 I/DEBUG   ( 1920):     be872000-be893000 rw- [stack]
11-17 20:29:30.327 I/DEBUG   ( 1920):     (no map for address)
11-17 20:29:30.327 I/DEBUG   ( 1920):     ffff0000-ffff1000 r-x [vectors]
11-17 20:29:30.882 I/GoogleURLConnFactory( 2872): Using platform SSLCertificateSocketFactory
11-17 20:29:31.087 I/DEBUG   ( 1920): !@dumpstate -k -t -z -d -o /data/log/dumpstate_app_native -m 19200
11-17 20:29:31.127 I/dumpstate( 9122): begin
11-17 20:29:31.267 D/KeyguardUpdateMonitor( 2607): sendKeyguardVisibilityChanged(true)
11-17 20:29:31.267 D/KeyguardUpdateMonitor( 2607): handleKeyguardVisibilityChanged(1)
11-17 20:29:31.282 D/PointerIcon( 2419): setMouseIconStyle1 pointerType: 1001iconType:101 flag:0
11-17 20:29:31.282 D/PointerIcon( 2419): setMouseCustomIcon IconType is same.101
11-17 20:29:31.282 D/PointerIcon( 2419): setHoveringSpenIconStyle1 pointerType: 10001iconType:1 flag:0
11-17 20:29:31.282 D/PointerIcon( 2419): setHoveringSpenCustomIcon IconType is same.1
11-17 20:29:31.372 D/CrashAnrDetector( 2419): Build: samsung/kminiltexx/kminilte:4.4.2/KOT49H/G800FXXU1ANL1:user/release-keys
11-17 20:29:31.372 D/CrashAnrDetector( 2419): Hardware: universal3470
11-17 20:29:31.372 D/CrashAnrDetector( 2419): Revision: 6
11-17 20:29:31.372 D/CrashAnrDetector( 2419): Bootloader: G800FXXU1ANL1
11-17 20:29:31.372 D/CrashAnrDetector( 2419): Radio: unknown
11-17 20:29:31.372 D/CrashAnrDetector( 2419): Kernel: Linux version 3.4.39-1998311 (dpi@SWDD5703) (gcc version 4.6.x-google 20120106 (prerelease) (GCC) ) #1 SMP PREEMPT Mon Dec 1 15:40:23 KST 2014
11-17 20:29:31.372 D/CrashAnrDetector( 2419): 
11-17 20:29:31.372 D/CrashAnrDetector( 2419): *** *** *** *** *** *** *** *** *** *** *** *** *** *** *** ***
11-17 20:29:31.372 D/CrashAnrDetector( 2419): Build fingerprint: 'samsung/kminiltexx/kminilte:4.4.2/KOT49H/G800FXXU1ANL1:user/release-keys'
11-17 20:29:31.372 D/CrashAnrDetector( 2419): Revision: '6'
11-17 20:29:31.372 D/CrashAnrDetector( 2419): pid: 19200, tid: 19231, name: Thread-2866  >>> gps.fhv.at.gps_hawk <<<
11-17 20:29:31.372 D/CrashAnrDetector( 2419): signal 11 (SIGSEGV), code 1 (SEGV_MAPERR), fault addr deadbaad
11-17 20:29:31.372 D/CrashAnrDetector( 2419): Abort message: 'invalid address or address of corrupt block 0x7d835448 passed to dlfree'
11-17 20:29:31.372 D/CrashAnrDetector( 2419):     r0 00000000  r1 4006c3e6  r2 deadbaad  r3 4006ff7d
11-17 20:29:31.372 D/CrashAnrDetector( 2419):     r4 7d835448  r5 4007a180  r6 41bf8000  r7 7d835450
11-17 20:29:31.372 D/CrashAnrDetector( 2419):     r8 00000001  r9 7c77f05d  sl 00000001  fp 7c77f05f
11-17 20:29:31.372 D/CrashAnrDetector( 2419):     ip 00000001  sp 7aebf9c8  lr 4003d80b  pc 4003d80c  cpsr 600f0030
11-17 20:29:31.372 D/CrashAnrDetector( 2419):     d0  2064657373617064  d1  6f2073736572646c
11-17 20:29:31.372 D/CrashAnrDetector( 2419):     d2  707572726f632066  d3  206b636f6c622072
11-17 20:29:31.372 D/CrashAnrDetector( 2419):     d4  2fab7de19f313d55  d5  8516bb1b194c0a25
11-17 20:29:31.372 D/CrashAnrDetector( 2419):     d6  5755dca15926487a  d7  09c0689f1d27d380
11-17 20:29:31.372 D/CrashAnrDetector( 2419):     d8  0000000000000000  d9  0000000000000000
11-17 20:29:31.372 D/CrashAnrDetector( 2419):     d10 0000000000000000  d11 0000000000000000
11-17 20:29:31.372 D/CrashAnrDetector( 2419):     d12 0000000000000000  d13 0000000000000000
11-17 20:29:31.372 D/CrashAnrDetector( 2419):     d14 0000000000000000  d15 0000000000000000
11-17 20:29:31.372 D/CrashAnrDetector( 2419):     d16 4040000000000000  d17 4040000000000000
11-17 20:29:31.372 D/CrashAnrDetector( 2419):     d18 0000000000001185  d19 401f2e5d00000000
11-17 20:29:31.372 D/CrashAnrDetector( 2419):     d20 4001a34800000000  d21 0000000000000000
11-17 20:29:31.372 D/CrashAnrDetector( 2419):     d22 ffffffffffffffff  d23 0000000000000007
11-17 20:29:31.372 D/CrashAnrDetector( 2419):     d24 ffffffffffffffff  d25 ffffffffffffffff
11-17 20:29:31.372 D/CrashAnrDetector( 2419):     d26 0000000000ffffff  d27 0000000000000002
11-17 20:29:31.372 D/CrashAnrDetector( 2419):     d28 0000000000000000  d29 0000000000000401
11-17 20:29:31.372 D/CrashAnrDetector( 2419):     d30 0000000000000001  d31 000000000500000e
11-17 20:29:31.372 D/CrashAnrDetector( 2419):     scr 60000010
11-17 20:29:31.372 D/CrashAnrDetector( 2419): 
11-17 20:29:31.372 D/CrashAnrDetector( 2419): backtrace:
11-17 20:29:31.372 D/CrashAnrDetector( 2419):     #00  pc 0001180c  /system/lib/libc.so (dlfree+1191)
11-17 20:29:31.372 D/CrashAnrDetector( 2419):     #01  pc 0000dd47  /system/lib/libc.so (free+10)
11-17 20:29:31.372 D/CrashAnrDetector( 2419):     #02  pc 000823ad  /system/lib/libcrypto.so (CRYPTO_free+24)
11-17 20:29:31.372 D/CrashAnrDetector( 2419):     #03  pc 0002ab09  /system/lib/libssl.so (ssl_parse_serverhello_tlsext+244)
11-17 20:29:31.372 D/CrashAnrDetector( 2419):     #04  pc 00016b3d  /system/lib/libssl.so (ssl3_get_server_hello+924)
11-17 20:29:31.372 D/CrashAnrDetector( 2419):     #05  pc 00019633  /system/lib/libssl.so (ssl3_connect+642)
11-17 20:29:31.372 D/CrashAnrDetector( 2419):     #06  pc 00024fd1  /system/lib/libssl.so (SSL_do_handshake+72)
11-17 20:29:31.372 D/CrashAnrDetector( 2419):     #07  pc 0000c5f9  /system/lib/libjavacrypto.so
11-17 20:29:31.372 D/CrashAnrDetector( 2419):     #08  pc 0001eacc  /system/lib/libdvm.so (dvmPlatformInvoke+112)
11-17 20:29:31.372 D/CrashAnrDetector( 2419):     #09  pc 0004efab  /system/lib/libdvm.so (dvmCallJNIMethod(unsigned int const*, JValue*, Method const*, Thread*)+398)
11-17 20:29:31.372 D/CrashAnrDetector( 2419):     #10  pc 00027ee0  /system/lib/libdvm.so
11-17 20:29:31.372 D/CrashAnrDetector( 2419):     #11  pc 0002ee88  /system/lib/libdvm.so (dvmMterpStd(Thread*)+76)
11-17 20:29:31.372 D/CrashAnrDetector( 2419):     #12  pc 0002c534  /system/lib/libdvm.so (dvmInterpret(Thread*, Method const*, JValue*)+184)
11-17 20:29:31.372 D/CrashAnrDetector( 2419):     #13  pc 000613b3  /system/lib/libdvm.so (dvmCallMethodV(Thread*, Method const*, Object*, bool, JValue*, std::__va_list)+338)
11-17 20:29:31.372 D/CrashAnrDetector( 2419):     #14  pc 000613d7  /system/lib/libdvm.so (dvmCallMethod(Thread*, Method const*, Object*, JValue*, ...)+20)
11-17 20:29:31.372 D/CrashAnrDetector( 2419):     #15  pc 000560bb  /system/lib/libdvm.so
11-17 20:29:31.372 D/CrashAnrDetector( 2419):     #16  pc 0000d280  /system/lib/libc.so (__thread_entry+72)
11-17 20:29:31.372 D/CrashAnrDetector( 2419):     #17  pc 0000d41c  /system/lib/libc.so (pthread_create+240)
11-17 20:29:31.372 D/CrashAnrDetector( 2419): 
11-17 20:29:31.372 D/CrashAnrDetector( 2419): stack:
11-17 20:29:31.372 D/CrashAnrDetector( 2419):          7aebf988  73dd9715  /system/lib/libjavacrypto.so
11-17 20:29:31.372 D/CrashAnrDetector( 2419):          7aebf98c  7e08a3d0  
11-17 20:29:31.372 D/CrashAnrDetector( 2419):          7aebf990  73dd9715  /system/lib/libjavacrypto.so
11-17 20:29:31.372 D/CrashAnrDetector( 2419):          7aebf994  002973ea  
11-17 20:29:31.372 D/CrashAnrDetector( 2419):          7aebf998  7d835448  
11-17 20:29:31.372 D/CrashAnrDetector( 2419):          7aebf99c  4007a180  
11-17 20:29:31.372 D/CrashAnrDetector( 2419):          7aebf9a0  41bf8000  
11-17 20:29:31.372 D/CrashAnrDetector( 2419):          7aebf9a4  4003eb79  /system/lib/libc.so
11-17 20:29:31.372 D/CrashAnrDetector( 2419):          7aebf9a8  4006c3e6  /system/lib/libc.so
11-17 20:29:31.372 D/CrashAnrDetector( 2419):          7aebf9ac  7aebf9bc  [stack:19231]
11-17 20:29:31.372 D/CrashAnrDetector( 2419):          7aebf9b0  4006ff7d  /system/lib/libc.so
11-17 20:29:31.372 D/CrashAnrDetector( 2419):          7aebf9b4  4003d80b  /system/lib/libc.so (dlfree+1190)
11-17 20:29:31.372 D/CrashAnrDetector( 2419):          7aebf9b8  4006c3e6  /system/lib/libc.so
11-17 20:29:31.372 D/CrashAnrDetector( 2419):          7aebf9bc  7d835448  
11-17 20:29:31.372 D/CrashAnrDetector( 2419):          7aebf9c0  4006ff7d  /system/lib/libc.so
11-17 20:29:31.372 D/CrashAnrDetector( 2419):          7aebf9c4  00000000  
11-17 20:29:31.372 D/CrashAnrDetector( 2419):     #00  7aebf9c8  40076000  /system/lib/libc.so
11-17 20:29:31.372 D/CrashAnrDetector( 2419):          7aebf9cc  7d835450  
11-17 20:29:31.372 D/CrashAnrDetector( 2419):          7aebf9d0  7aebfa54  [stack:19231]
11-17 20:29:31.372 D/CrashAnrDetector( 2419):          7aebf9d4  7c77f05e  
11-17 20:29:31.372 D/CrashAnrDetector( 2419):          7aebf9d8  7d842c70  
11-17 20:29:31.372 D/CrashAnrDetector( 2419):          7aebf9dc  40039d49  /system/lib/libc.so (free+12)
11-17 20:29:31.372 D/CrashAnrDetector( 2419):     #01  7aebf9e0  40b9d5f8  
11-17 20:29:31.372 D/CrashAnrDetector( 2419):          7aebf9e4  40aef3af  /system/lib/libcrypto.so (CRYPTO_free+26)
11-17 20:29:31.372 D/CrashAnrDetector( 2419): processName:gps.fhv.at.gps_hawk
11-17 20:29:31.372 D/CrashAnrDetector( 2419): broadcastEvent : gps.fhv.at.gps_hawk SYSTEM_TOMBSTONE
11-17 20:29:31.502 D/GetConfigurationSnapshotOperation( 2872): no corresponding serverToken: com.google.android.gms.playlog.uploader, 1, 
11-17 20:29:31.572 D/dalvikvm( 2872): GC_CONCURRENT freed 2095K, 26% free 12110K/16272K, paused 9ms+5ms, total 66ms
11-17 20:29:31.577 I/PhenotypeFlagCommitter( 2872): Experiment Configs successfully retrieved for com.google.android.gms.playlog.uploader
11-17 20:29:31.577 I/GoogleURLConnFactory( 2872): Using platform SSLCertificateSocketFactory
11-17 20:29:31.892 V/ClClient( 3872): V	2015-11-17T20:29:31.894+0100	[ci=k1DMXn01HP]	ACQueueManager   	ClClient       	SEND(20517)	GetMoreForFolderRequest_274(accountID:1, folderID:22, forceFolderExpansion:false)
11-17 20:29:31.892 W/ClClient( 3872): W	2015-11-17T20:29:31.896+0100	[ci=k1DMXn01HP]	ACQueueManager   	ClClient       	DISCARD(20517)   STOPPED
11-17 20:29:31.892 E/ACQueueManager( 3872): E	2015-11-17T20:29:31.897+0100	[ci=k1DMXn01HP]	ACQueueManager   	ACQueueManager 	Error on trying to begin sync on folder Kalender : OFFLINE
11-17 20:29:32.032 W/PhenotypeConfigurator( 2872): Server returned 404
11-17 20:29:32.252 D/GetCommittedConfigurationOperation( 2872): no corresponding serverToken: com.google.android.gms.playlog.uploader
11-17 20:29:32.827 D/dalvikvm( 2872): GC_CONCURRENT freed 1288K, 22% free 12774K/16272K, paused 5ms+12ms, total 67ms
11-17 20:29:33.352 D/GetCommittedConfigurationOperation( 2872): no corresponding serverToken: com.google.android.gms.playlog.uploader
11-17 20:29:33.777 I/TLC_TIMA_PKM_measure_kernel( 2419): TIMA: response_id = 3
11-17 20:29:33.777 I/TLC_TIMA_PKM_measure_kernel( 2419): TIMA: response ret = 0, result_ondemand = MSG=Kernel Verification Success;
11-17 20:29:33.842 D/GetCommittedConfigurationOperation( 2872): no corresponding serverToken: com.google.android.gms.playlog.uploader
11-17 20:29:34.287 D/GetCommittedConfigurationOperation( 2872): no corresponding serverToken: com.google.android.gms.playlog.uploader
11-17 20:29:34.762 D/GetCommittedConfigurationOperation( 2872): no corresponding serverToken: com.google.android.gms.playlog.uploader
11-17 20:29:34.902 V/GLSActivity( 2872): AuthDelegateWrapperCreated with selected intent: Intent { cmp=com.google.android.gms/.auth.DefaultAuthDelegateService }
11-17 20:29:34.902 V/GLSActivity( 2872): AuthDelegateWrapperCreated with selected intent: Intent { cmp=com.google.android.gms/.auth.DefaultAuthDelegateService }
11-17 20:29:34.977 D/dalvikvm( 2872): GC_CONCURRENT freed 2323K, 24% free 12391K/16272K, paused 5ms+5ms, total 61ms
11-17 20:29:35.822 D/GetCommittedConfigurationOperation( 2872): no corresponding serverToken: com.google.android.gms.playlog.uploader
11-17 20:29:36.927 V/ClClient( 3872): V	2015-11-17T20:29:36.930+0100	[ci=k1DMXn01HP]	ACQueueManager   	ClClient       	SEND(20518)	GetMoreForFolderRequest_274(accountID:1, folderID:22, forceFolderExpansion:false)
11-17 20:29:36.927 W/ClClient( 3872): W	2015-11-17T20:29:36.932+0100	[ci=k1DMXn01HP]	ACQueueManager   	ClClient       	DISCARD(20518)   STOPPED
11-17 20:29:36.927 E/ACQueueManager( 3872): E	2015-11-17T20:29:36.932+0100	[ci=k1DMXn01HP]	ACQueueManager   	ACQueueManager 	Error on trying to begin sync on folder Kalender : OFFLINE
11-17 20:29:40.037 D/ClClient( 3872): D	2015-11-17T20:29:40.042+0100	[ci=k1DMXn01HP]	pool-5-thread-1  	ClClient       	Not sending keepalive.  Current connection state=STOPPED
11-17 20:29:41.297 I/SurfaceFlinger( 1921): id=977 Removed EimLayer (15/28)
11-17 20:29:41.297 I/SurfaceFlinger( 1921): id=976 Removed EimLayer (14/27)
11-17 20:29:41.297 I/SurfaceFlinger( 1921): id=977 Removed EimLayer (-2/27)
11-17 20:29:41.307 D/KeyguardUpdateMonitor( 2607): sendKeyguardVisibilityChanged(true)
11-17 20:29:41.307 D/KeyguardUpdateMonitor( 2607): handleKeyguardVisibilityChanged(1)
11-17 20:29:41.317 D/KeyguardUpdateMonitor( 2607): sendKeyguardVisibilityChanged(true)
11-17 20:29:41.317 D/KeyguardUpdateMonitor( 2607): handleKeyguardVisibilityChanged(1)
11-17 20:29:41.332 D/KeyguardUpdateMonitor( 2607): sendKeyguardVisibilityChanged(true)
11-17 20:29:41.332 D/KeyguardUpdateMonitor( 2607): handleKeyguardVisibilityChanged(1)
11-17 20:29:41.377 D/KeyguardUpdateMonitor( 2607): sendKeyguardVisibilityChanged(true)
11-17 20:29:41.377 D/KeyguardUpdateMonitor( 2607): handleKeyguardVisibilityChanged(1)
11-17 20:29:41.382 D/Launcher( 2796): onRestart, Launcher: 1137866840
11-17 20:29:41.382 D/Launcher( 2796): onStart, Launcher: 1137866840
11-17 20:29:41.382 D/Launcher.HomeView( 2796): onStart
11-17 20:29:41.392 D/Launcher( 2796): onResume, Launcher: 1137866840
11-17 20:29:41.392 D/PhoneStatusBar( 2607): setSemiTransparentMode=false, mTransparentMode=false, mSemiTransparentMode=false, mMultiWindowMode=false
11-17 20:29:41.397 D/Launcher.HomeView( 2796): onResume
11-17 20:29:41.397 D/PhoneStatusBar( 2607): setTransGradationMode=false, mTransparentMode=false, mSemiTransparentMode=false, mMultiWindowMode=false
11-17 20:29:41.397 D/PhoneStatusBar( 2607): setSemiTransparentMode=false, mTransparentMode=false, mSemiTransparentMode=false, mMultiWindowMode=false
11-17 20:29:41.402 D/MenuAppsGridFragment( 2796): onResume
11-17 20:29:41.407 D/Launcher.HomeView( 2796): onPause
11-17 20:29:41.407 D/PhoneStatusBar( 2607): setTransGradationMode=false, mTransparentMode=false, mSemiTransparentMode=false, mMultiWindowMode=false
11-17 20:29:41.427 D/Mms/UIEventReceiver( 5632): ui event
11-17 20:29:41.437 I/SurfaceFlinger( 1921): id=991 createSurf (720x1280),1 flag=4, Mauncher
11-17 20:29:41.437 D/KeyguardUpdateMonitor( 2607): sendKeyguardVisibilityChanged(true)
11-17 20:29:41.437 D/KeyguardUpdateMonitor( 2607): handleKeyguardVisibilityChanged(1)
11-17 20:29:41.442 D/KeyguardUpdateMonitor( 2607): sendKeyguardVisibilityChanged(true)
11-17 20:29:41.442 D/KeyguardUpdateMonitor( 2607): handleKeyguardVisibilityChanged(1)
11-17 20:29:41.447 D/PointerIcon( 2419): setMouseIconStyle1 pointerType: 1001iconType:101 flag:0
11-17 20:29:41.447 D/PointerIcon( 2419): setMouseCustomIcon IconType is same.101
11-17 20:29:41.447 D/PointerIcon( 2419): setHoveringSpenIconStyle1 pointerType: 10001iconType:1 flag:0
11-17 20:29:41.447 D/PointerIcon( 2419): setHoveringSpenCustomIcon IconType is same.1
11-17 20:29:41.467 D/Launcher.HomeView( 2796): onStop
11-17 20:29:41.472 D/PhoneStatusBar( 2607): setTransGradationMode=false, mTransparentMode=false, mSemiTransparentMode=false, mMultiWindowMode=false
11-17 20:29:41.472 D/PhoneStatusBar( 2607): setSemiTransparentMode=false, mTransparentMode=false, mSemiTransparentMode=false, mMultiWindowMode=false
11-17 20:29:41.512 I/SELinux ( 9187): Function: selinux_android_load_priority [0], There is no sepolicy file.
11-17 20:29:41.512 I/SELinux ( 9187):  
11-17 20:29:41.527 W/IInputConnectionWrapper( 2796): showStatusIcon on inactive InputConnection
11-17 20:29:41.527 D/KeyguardUpdateMonitor( 2607): sendKeyguardVisibilityChanged(true)
11-17 20:29:41.527 D/KeyguardUpdateMonitor( 2607): handleKeyguardVisibilityChanged(1)
11-17 20:29:41.532 D/KeyguardUpdateMonitor( 2607): sendKeyguardVisibilityChanged(true)
11-17 20:29:41.537 D/KeyguardUpdateMonitor( 2607): handleKeyguardVisibilityChanged(1)
11-17 20:29:41.552 I/SELinux ( 9187): Function: selinux_android_load_priority , spota verifySig and checkHash pass. priority version is VE=SEPF_SM-G800F_4.4.2_0046
11-17 20:29:41.552 I/SELinux ( 9187):  
11-17 20:29:41.552 I/SELinux ( 9187):  
11-17 20:29:41.552 I/SELinux ( 9187): selinux_android_seapp_context_reload: seapp_contexts file is loaded from /data/security/spota/seapp_contexts
11-17 20:29:41.552 E/SELinux ( 9187): [DEBUG] seapp_context_lookup: seinfoCategory = platform
11-17 20:29:41.552 E/dalvikvm( 9187): >>>>> Normal User
11-17 20:29:41.552 E/dalvikvm( 9187): >>>>> com.sec.android.widgetapp.activeapplicationwidget [ userId:0 | appId:10153 ]
11-17 20:29:41.552 D/KeyguardUpdateMonitor( 2607): sendKeyguardVisibilityChanged(true)
11-17 20:29:41.552 D/KeyguardUpdateMonitor( 2607): handleKeyguardVisibilityChanged(1)
11-17 20:29:41.552 E/SELinux ( 9187): [DEBUG] seapp_context_lookup: seinfoCategory = platform
11-17 20:29:41.567 D/TimaKeyStoreProvider( 9187): in addTimaSignatureService
11-17 20:29:41.577 D/TimaKeyStoreProvider( 9187): Cannot add TimaSignature Service, License check Failed
11-17 20:29:41.577 D/ActivityThread( 9187): Added TimaKesytore provider
11-17 20:29:41.632 D/dalvikvm( 9187): GC_CONCURRENT freed 3011K, 32% free 9623K/14100K, paused 2ms+1ms, total 19ms
11-17 20:29:41.632 D/dalvikvm( 9187): WAIT_FOR_CONCURRENT_GC blocked 17ms
11-17 20:29:41.642 V/TaskCloserActivity( 9187): TaskCloserActivity enter()
11-17 20:29:41.957 V/ClClient( 3872): V	2015-11-17T20:29:41.961+0100	[ci=k1DMXn01HP]	ACQueueManager   	ClClient       	SEND(20519)	GetMoreForFolderRequest_274(accountID:1, folderID:22, forceFolderExpansion:false)
11-17 20:29:41.957 W/ClClient( 3872): W	2015-11-17T20:29:41.962+0100	[ci=k1DMXn01HP]	ACQueueManager   	ClClient       	DISCARD(20519)   STOPPED
11-17 20:29:41.957 E/ACQueueManager( 3872): E	2015-11-17T20:29:41.963+0100	[ci=k1DMXn01HP]	ACQueueManager   	ACQueueManager 	Error on trying to begin sync on folder Kalender : OFFLINE
11-17 20:29:46.997 V/ClClient( 3872): V	2015-11-17T20:29:46.999+0100	[ci=k1DMXn01HP]	ACQueueManager   	ClClient       	SEND(20520)	GetMoreForFolderRequest_274(accountID:1, folderID:22, forceFolderExpansion:false)
11-17 20:29:46.997 W/ClClient( 3872): W	2015-11-17T20:29:47.001+0100	[ci=k1DMXn01HP]	ACQueueManager   	ClClient       	DISCARD(20520)   STOPPED
11-17 20:29:46.997 E/ACQueueManager( 3872): E	2015-11-17T20:29:47.002+0100	[ci=k1DMXn01HP]	ACQueueManager   	ACQueueManager 	Error on trying to begin sync on folder Kalender : OFFLINE
11-17 20:29:50.037 D/ClClient( 3872): D	2015-11-17T20:29:50.042+0100	[ci=k1DMXn01HP]	pool-5-thread-1  	ClClient       	Not sending keepalive.  Current connection state=STOPPED
11-17 20:29:50.707 D/AlarmManagerService( 2419): Kernel timezone updated to -60 minutes west of GMT
11-17 20:29:50.717 D/PopupuiReceiver( 3648): onReceive() getAction : android.intent.action.NETWORK_SET_TIMEZONE
11-17 20:29:50.717 D/PopupuiReceiver( 3648): NETWORK_SET_TIME prevMCCvalue : -111
11-17 20:29:50.717 D/PopupuiReceiver( 3648): gsm.operator.numeric : 232
11-17 20:29:50.722 D/PopupuiReceiver( 3648): MCC init : mccstrcmp
11-17 20:29:50.732 D/Mms/DownloadManager( 5632): Service state changed: Bundle[mParcelledData.dataSize=780]
11-17 20:29:50.737 D/Mms/DownloadManager( 5632): roaming ------> false
11-17 20:29:50.737 D/Mms/DownloadManager( 5632): mAutoDownload ------> true
11-17 20:29:50.752 D/PhoneApp( 2770): PhoneUtilsExt.getEmergencyMode():0 serviceState:0 isAirplanemodeEnabledDuringEmergencyMode :false
11-17 20:29:50.762 D/PhoneApp( 2770): mReceiver: ACTION_ANY_DATA_CONNECTION_STATE_CHANGED
11-17 20:29:50.762 D/FileWriteThread( 2770): FileWriteThread : threadType = 2
11-17 20:29:50.762 D/NotificationMgr( 2770): hideDataDisconnectedRoaming()...
11-17 20:29:50.772 I/BootupListener( 2770): mPendingNetworkManualSelection : false
11-17 20:29:50.782 D/StatusChecker( 3679): onReceive : android.intent.action.SERVICE_STATE
11-17 20:29:50.782 D/StatusChecker( 3679): Service state changed : 0
11-17 20:29:52.042 V/ClClient( 3872): V	2015-11-17T20:29:52.045+0100	[ci=k1DMXn01HP]	ACQueueManager   	ClClient       	SEND(20521)	GetMoreForFolderRequest_274(accountID:1, folderID:22, forceFolderExpansion:false)
11-17 20:29:52.042 W/ClClient( 3872): W	2015-11-17T20:29:52.048+0100	[ci=k1DMXn01HP]	ACQueueManager   	ClClient       	DISCARD(20521)   STOPPED
11-17 20:29:52.047 E/ACQueueManager( 3872): E	2015-11-17T20:29:52.049+0100	[ci=k1DMXn01HP]	ACQueueManager   	ACQueueManager 	Error on trying to begin sync on folder Kalender : OFFLINE
11-17 20:29:55.377 D/KeyguardUpdateMonitor( 2607): received broadcast android.intent.action.BATTERY_CHANGED
11-17 20:29:55.382 D/KeyguardUpdateMonitor( 2607): handleBatteryUpdate
11-17 20:29:57.087 V/ClClient( 3872): V	2015-11-17T20:29:57.092+0100	[ci=k1DMXn01HP]	ACQueueManager   	ClClient       	SEND(20522)	GetMoreForFolderRequest_274(accountID:1, folderID:22, forceFolderExpansion:false)
11-17 20:29:57.092 W/ClClient( 3872): W	2015-11-17T20:29:57.093+0100	[ci=k1DMXn01HP]	ACQueueManager   	ClClient       	DISCARD(20522)   STOPPED
11-17 20:29:57.092 E/ACQueueManager( 3872): E	2015-11-17T20:29:57.095+0100	[ci=k1DMXn01HP]	ACQueueManager   	ACQueueManager 	Error on trying to begin sync on folder Kalender : OFFLINE
11-17 20:30:00.032 D/KeyguardUpdateMonitor( 2607): received broadcast android.intent.action.TIME_TICK
11-17 20:30:00.032 D/KeyguardUpdateMonitor( 2607): handleTimeUpdate
11-17 20:30:00.047 D/ClClient( 3872): D	2015-11-17T20:30:00.049+0100	[ci=k1DMXn01HP]	pool-5-thread-1  	ClClient       	Not sending keepalive.  Current connection state=STOPPED
11-17 20:30:02.182 V/ClClient( 3872): V	2015-11-17T20:30:02.185+0100	[ci=k1DMXn01HP]	ACQueueManager   	ClClient       	SEND(20523)	GetMoreForFolderRequest_274(accountID:1, folderID:22, forceFolderExpansion:false)
11-17 20:30:02.187 W/ClClient( 3872): W	2015-11-17T20:30:02.190+0100	[ci=k1DMXn01HP]	ACQueueManager   	ClClient       	DISCARD(20523)   STOPPED
11-17 20:30:02.222 E/ACQueueManager( 3872): E	2015-11-17T20:30:02.224+0100	[ci=k1DMXn01HP]	ACQueueManager   	ACQueueManager 	Error on trying to begin sync on folder Kalender : OFFLINE
11-17 20:30:06.212 E/JavaBinder( 2419): !!! FAILED BINDER TRANSACTION !!!
11-17 20:30:06.217 W/GpsLocationProvider( 2419): RemoteException in reportSvInfo
11-17 20:30:07.177 E/JavaBinder( 2419): !!! FAILED BINDER TRANSACTION !!!
11-17 20:30:07.177 W/GpsLocationProvider( 2419): RemoteException in reportNmea
11-17 20:30:07.232 V/ClClient( 3872): V	2015-11-17T20:30:07.235+0100	[ci=k1DMXn01HP]	ACQueueManager   	ClClient       	SEND(20524)	GetMoreForFolderRequest_274(accountID:1, folderID:22, forceFolderExpansion:false)
11-17 20:30:07.232 W/ClClient( 3872): W	2015-11-17T20:30:07.236+0100	[ci=k1DMXn01HP]	ACQueueManager   	ClClient       	DISCARD(20524)   STOPPED
11-17 20:30:07.232 E/ACQueueManager( 3872): E	2015-11-17T20:30:07.237+0100	[ci=k1DMXn01HP]	ACQueueManager   	ACQueueManager 	Error on trying to begin sync on folder Kalender : OFFLINE
11-17 20:30:08.277 I/GCoreUlr( 2750): Successfully inserted 1 locations
11-17 20:30:08.277 I/GCoreUlr( 2750): Not calling LocationReporter, hasMoved: false, elapsed millis: 402997, request: Stationary(3600000)
11-17 20:30:08.452 D/AlarmManagerService( 2419): Kernel timezone updated to -60 minutes west of GMT
11-17 20:30:08.472 D/PopupuiReceiver( 3648): onReceive() getAction : android.intent.action.NETWORK_SET_TIMEZONE
11-17 20:30:08.472 D/PopupuiReceiver( 3648): NETWORK_SET_TIME prevMCCvalue : -111
11-17 20:30:08.472 D/PopupuiReceiver( 3648): gsm.operator.numeric : 232
11-17 20:30:08.482 D/Mms/DownloadManager( 5632): Service state changed: Bundle[mParcelledData.dataSize=780]
11-17 20:30:08.482 D/PopupuiReceiver( 3648): MCC init : mccstrcmp
11-17 20:30:08.487 D/Mms/DownloadManager( 5632): roaming ------> false
11-17 20:30:08.487 D/Mms/DownloadManager( 5632): mAutoDownload ------> true
11-17 20:30:08.512 D/PhoneApp( 2770): PhoneUtilsExt.getEmergencyMode():0 serviceState:0 isAirplanemodeEnabledDuringEmergencyMode :false
11-17 20:30:08.517 D/PhoneApp( 2770): mReceiver: ACTION_ANY_DATA_CONNECTION_STATE_CHANGED
11-17 20:30:08.517 D/FileWriteThread( 2770): FileWriteThread : threadType = 2
11-17 20:30:08.517 D/NotificationMgr( 2770): hideDataDisconnectedRoaming()...
11-17 20:30:08.527 I/BootupListener( 2770): mPendingNetworkManualSelection : false
11-17 20:30:08.532 D/StatusChecker( 3679): onReceive : android.intent.action.SERVICE_STATE
11-17 20:30:08.537 D/StatusChecker( 3679): Service state changed : 0
11-17 20:30:09.182 E/JavaBinder( 2419): !!! FAILED BINDER TRANSACTION !!!
11-17 20:30:09.187 I/LocationManagerService( 2419): remove 438389f8 by gps.fhv.at.gps_hawk
11-17 20:30:09.187 D/LocationManagerService( 2419): provider request: gps ProviderRequest[OFF]
11-17 20:30:09.197 D/GpsLocationProvider( 2419): setRequest ProviderRequest[OFF]
11-17 20:30:09.197 D/GpsLocationProvider( 2419): stopNavigating
11-17 20:30:09.197 V/GpsLocationProvider( 2419): reportStatus status: 2
11-17 20:30:09.202 V/GpsLocationProvider( 2419): reportStatus status: 4
11-17 20:30:09.202 V/GpsLocationProvider( 2419): reportStatus status: 2
11-17 20:30:09.202 D/GpsLocationProvider_ex( 2419): getSKAFEnable : false
11-17 20:30:09.207 D/NotificationService( 2419): cancelNotificationLocked
11-17 20:30:09.212 D/NotificationService( 2419):  hasClearableItems
11-17 20:30:09.212 D/NotificationService( 2419): Num of hasClearableItems : 4
11-17 20:30:09.222 D/RCPManagerService( 2419): NotificationReceiver onReceive()
11-17 20:30:09.222 D/RCPManagerService( 2419):  NotificationReceiver sbn.getPackageName() com.android.systemui sbn.getUser().getIdentifier() -1
11-17 20:30:09.222 D/RCPManagerService( 2419): getPolicy: Policy checking block entered for Notifications; for user/persona = -1 ; Policy = knox-sanitize-data ; token = 4294967298419
11-17 20:30:09.227 D/RCPManagerService( 2419): getPolicy: policy value returned = false
11-17 20:30:09.227 D/RCPManagerService( 2419): going to get the app label for pkg == com.android.systemui
11-17 20:30:09.227 D/RCPManagerService( 2419): app label == com.android.systemui
11-17 20:30:09.227 D/RCPManagerService( 2419):  NotificationReceiver ACTION_CANCEL_NOTIFICATION 
11-17 20:30:10.037 D/ClClient( 3872): D	2015-11-17T20:30:10.042+0100	[ci=k1DMXn01HP]	pool-5-thread-1  	ClClient       	Not sending keepalive.  Current connection state=STOPPED
11-17 20:30:12.272 V/ClClient( 3872): V	2015-11-17T20:30:12.274+0100	[ci=k1DMXn01HP]	ACQueueManager   	ClClient       	SEND(20525)	GetMoreForFolderRequest_274(accountID:1, folderID:22, forceFolderExpansion:false)
11-17 20:30:12.272 W/ClClient( 3872): W	2015-11-17T20:30:12.277+0100	[ci=k1DMXn01HP]	ACQueueManager   	ClClient       	DISCARD(20525)   STOPPED
11-17 20:30:12.272 E/ACQueueManager( 3872): E	2015-11-17T20:30:12.278+0100	[ci=k1DMXn01HP]	ACQueueManager   	ACQueueManager 	Error on trying to begin sync on folder Kalender : OFFLINE
11-17 20:30:14.162 I/dumpstate( 9122): waiting for zip started
11-17 20:30:14.167 I/dumpstate( 9122): waiting for zip end
11-17 20:30:14.172 I/dumpstate( 9122): done
11-17 20:30:14.282 W/InputDispatcher( 2419): channel ~ Consumer closed input channel or an error occurred.  events=0x9
11-17 20:30:14.282 E/InputDispatcher( 2419): channel ~ Channel is unrecoverably broken and will be disposed!
11-17 20:30:14.297 D/Zygote  ( 1922): Process 19200 terminated by signal (11)
11-17 20:30:14.392 D/GpsLocationProvider( 2419): GPS status listener died
11-17 20:30:14.392 W/InputDispatcher( 2419): Attempted to unregister already unregistered input channel
11-17 20:30:14.392 D/GpsLocationProvider( 2419): GPS status listener died
11-17 20:30:14.402 I/SurfaceFlinger( 1921): id=978 Removed DaptureActi (22/27)
11-17 20:30:14.407 D/KeyguardUpdateMonitor( 2607): sendKeyguardVisibilityChanged(true)
11-17 20:30:14.407 D/KeyguardUpdateMonitor( 2607): handleKeyguardVisibilityChanged(1)
11-17 20:30:14.407 V/MPL-storeload( 2419): inv_get_mpl state size = 6040
11-17 20:30:14.407 V/MPL-storeload( 2419): calData from inv_save_mpl_states, size=2
11-17 20:30:14.407 V/MPL-storeload( 2419): cal data size to write = 6040
11-17 20:30:14.407 V/MPL-storeload( 2419): Bytes written = 6040
11-17 20:30:14.422 I/SurfaceFlinger( 1921): id=978 Removed DaptureActi (-2/27)
11-17 20:30:15.427 I/SELinux ( 9711): Function: selinux_android_load_priority [0], There is no sepolicy file.
11-17 20:30:15.427 I/SELinux ( 9711):  
11-17 20:30:15.492 I/SELinux ( 9711): Function: selinux_android_load_priority , spota verifySig and checkHash pass. priority version is VE=SEPF_SM-G800F_4.4.2_0046
11-17 20:30:15.492 I/SELinux ( 9711):  
11-17 20:30:15.492 I/SELinux ( 9711):  
11-17 20:30:15.497 I/SELinux ( 9711): selinux_android_seapp_context_reload: seapp_contexts file is loaded from /data/security/spota/seapp_contexts
11-17 20:30:15.502 E/SELinux ( 9711): [DEBUG] seapp_context_lookup: seinfoCategory = default
11-17 20:30:15.507 E/dalvikvm( 9711): >>>>> Normal User
11-17 20:30:15.507 E/dalvikvm( 9711): >>>>> gps.fhv.at.gps_hawk [ userId:0 | appId:10180 ]
11-17 20:30:15.512 E/SELinux ( 9711): [DEBUG] seapp_context_lookup: seinfoCategory = default
11-17 20:30:15.512 D/dalvikvm( 9711): Late-enabling CheckJNI
11-17 20:30:15.552 D/TimaKeyStoreProvider( 9711): in addTimaSignatureService
11-17 20:30:15.562 D/TimaKeyStoreProvider( 9711): Cannot add TimaSignature Service, License check Failed
11-17 20:30:15.562 D/ActivityThread( 9711): Added TimaKesytore provider
11-17 20:30:15.657 D/dalvikvm( 9711): GC_CONCURRENT freed 2990K, 32% free 9641K/14100K, paused 4ms+2ms, total 28ms
11-17 20:30:15.657 D/dalvikvm( 9711): WAIT_FOR_CONCURRENT_GC blocked 17ms
11-17 20:30:15.737 I/dalvikvm( 9711): Could not find method android.app.Notification$Builder.setLocalOnly, referenced from method com.google.android.gms.common.GooglePlayServicesUtil.zza
11-17 20:30:15.737 W/dalvikvm( 9711): VFY: unable to resolve virtual method 261: Landroid/app/Notification$Builder;.setLocalOnly (Z)Landroid/app/Notification$Builder;
11-17 20:30:15.737 D/dalvikvm( 9711): VFY: replacing opcode 0x6e at 0x00c8
11-17 20:30:15.752 I/dalvikvm( 9711): Could not find method android.content.pm.PackageManager.getPackageInstaller, referenced from method com.google.android.gms.common.GooglePlayServicesUtil.zzj
11-17 20:30:15.752 W/dalvikvm( 9711): VFY: unable to resolve virtual method 561: Landroid/content/pm/PackageManager;.getPackageInstaller ()Landroid/content/pm/PackageInstaller;
11-17 20:30:15.752 D/dalvikvm( 9711): VFY: replacing opcode 0x6e at 0x000b
11-17 20:30:15.827 I/GMPM    ( 9711): App measurement is starting up
11-17 20:30:15.832 E/GMPM    ( 9711): getGoogleAppId failed with status: 10
11-17 20:30:15.837 E/GMPM    ( 9711): Uploading is not possible. App measurement disabled
11-17 20:30:15.862 I/gps.fhv.at.gps_hawk( 9711): Started application
11-17 20:30:15.872 V/gps.fhv.at.gps_hawk( 9711): LocationService - OnStartCommand
11-17 20:30:15.912 D/AndroidRuntime( 9711): Shutting down VM
11-17 20:30:15.912 W/dalvikvm( 9711): threadid=1: thread exiting with uncaught exception (group=0x41f55c08)
11-17 20:30:15.942 W/System.err( 9711): java.lang.RuntimeException: Unable to start service gps.fhv.at.gps_hawk.services.LocationService@42aa1750 with null: java.lang.NullPointerException
11-17 20:30:15.942 W/System.err( 9711): 	at android.app.ActivityThread.handleServiceArgs(ActivityThread.java:3044)
11-17 20:30:15.942 W/System.err( 9711): 	at android.app.ActivityThread.access$2200(ActivityThread.java:172)
11-17 20:30:15.947 W/System.err( 9711): 	at android.app.ActivityThread$H.handleMessage(ActivityThread.java:1405)
11-17 20:30:15.947 W/System.err( 9711): 	at android.os.Handler.dispatchMessage(Handler.java:102)
11-17 20:30:15.947 W/System.err( 9711): 	at android.os.Looper.loop(Looper.java:146)
11-17 20:30:15.947 W/System.err( 9711): 	at android.app.ActivityThread.main(ActivityThread.java:5694)
11-17 20:30:15.947 W/System.err( 9711): 	at java.lang.reflect.Method.invokeNative(Native Method)
11-17 20:30:15.947 W/System.err( 9711): 	at java.lang.reflect.Method.invoke(Method.java:515)
11-17 20:30:15.947 W/System.err( 9711): 	at com.android.internal.os.ZygoteInit$MethodAndArgsCaller.run(ZygoteInit.java:1291)
11-17 20:30:15.952 W/System.err( 9711): 	at com.android.internal.os.ZygoteInit.main(ZygoteInit.java:1107)
11-17 20:30:15.957 W/System.err( 9711): 	at dalvik.system.NativeStart.main(Native Method)
11-17 20:30:15.957 W/System.err( 9711): Caused by: java.lang.NullPointerException
11-17 20:30:15.957 W/System.err( 9711): 	at gps.fhv.at.gps_hawk.services.LocationService.onStartCommand(LocationService.java:56)
11-17 20:30:15.957 W/System.err( 9711): 	at android.app.ActivityThread.handleServiceArgs(ActivityThread.java:3027)
11-17 20:30:15.957 W/System.err( 9711): 	... 10 more
11-17 20:30:15.957 E/gps.fhv.at.gps_hawk( 9711): Unable to start service gps.fhv.at.gps_hawk.services.LocationService@42aa1750 with null: java.lang.NullPointerException
11-17 20:30:15.977 I/Process ( 9711): Sending signal. PID: 9711 SIG: 9
11-17 20:30:15.992 D/CrashAnrDetector( 2419): processName: gps.fhv.at.gps_hawk
11-17 20:30:15.992 D/CrashAnrDetector( 2419): broadcastEvent : gps.fhv.at.gps_hawk data_app_crash
11-17 20:30:17.312 V/ClClient( 3872): V	2015-11-17T20:30:17.316+0100	[ci=k1DMXn01HP]	ACQueueManager   	ClClient       	SEND(20526)	GetMoreForFolderRequest_274(accountID:1, folderID:22, forceFolderExpansion:false)
11-17 20:30:17.312 W/ClClient( 3872): W	2015-11-17T20:30:17.318+0100	[ci=k1DMXn01HP]	ACQueueManager   	ClClient       	DISCARD(20526)   STOPPED
11-17 20:30:17.317 E/ACQueueManager( 3872): E	2015-11-17T20:30:17.320+0100	[ci=k1DMXn01HP]	ACQueueManager   	ACQueueManager 	Error on trying to begin sync on folder Kalender : OFFLINE
11-17 20:30:20.037 D/ClClient( 3872): D	2015-11-17T20:30:20.042+0100	[ci=k1DMXn01HP]	pool-5-thread-1  	ClClient       	Not sending keepalive.  Current connection state=STOPPED
11-17 20:30:22.337 V/ClClient( 3872): V	2015-11-17T20:30:22.343+0100	[ci=k1DMXn01HP]	ACQueueManager   	ClClient       	SEND(20527)	GetMoreForFolderRequest_274(accountID:1, folderID:22, forceFolderExpansion:false)
11-17 20:30:22.342 W/ClClient( 3872): W	2015-11-17T20:30:22.346+0100	[ci=k1DMXn01HP]	ACQueueManager   	ClClient       	DISCARD(20527)   STOPPED
11-17 20:30:22.342 E/ACQueueManager( 3872): E	2015-11-17T20:30:22.348+0100	[ci=k1DMXn01HP]	ACQueueManager   	ACQueueManager 	Error on trying to begin sync on folder Kalender : OFFLINE
11-17 20:30:25.117 D/gpsd    ( 1937): WakeLock(Release,GPSD)
11-17 20:30:25.442 D/KeyguardUpdateMonitor( 2607): received broadcast android.intent.action.BATTERY_CHANGED
11-17 20:30:25.442 D/KeyguardUpdateMonitor( 2607): handleBatteryUpdate
11-17 20:30:27.382 V/ClClient( 3872): V	2015-11-17T20:30:27.386+0100	[ci=k1DMXn01HP]	ACQueueManager   	ClClient       	SEND(20528)	GetMoreForFolderRequest_274(accountID:1, folderID:22, forceFolderExpansion:false)
11-17 20:30:27.382 W/ClClient( 3872): W	2015-11-17T20:30:27.388+0100	[ci=k1DMXn01HP]	ACQueueManager   	ClClient       	DISCARD(20528)   STOPPED
11-17 20:30:27.387 E/ACQueueManager( 3872): E	2015-11-17T20:30:27.389+0100	[ci=k1DMXn01HP]	ACQueueManager   	ACQueueManager 	Error on trying to begin sync on folder Kalender : OFFLINE
11-17 20:30:30.042 D/ClClient( 3872): D	2015-11-17T20:30:30.043+0100	[ci=k1DMXn01HP]	pool-5-thread-1  	ClClient       	Not sending keepalive.  Current connection state=STOPPED
11-17 20:30:32.417 V/ClClient( 3872): V	2015-11-17T20:30:32.423+0100	[ci=k1DMXn01HP]	ACQueueManager   	ClClient       	SEND(20529)	GetMoreForFolderRequest_274(accountID:1, folderID:22, forceFolderExpansion:false)
11-17 20:30:32.422 W/ClClient( 3872): W	2015-11-17T20:30:32.426+0100	[ci=k1DMXn01HP]	ACQueueManager   	ClClient       	DISCARD(20529)   STOPPED
11-17 20:30:32.422 E/ACQueueManager( 3872): E	2015-11-17T20:30:32.427+0100	[ci=k1DMXn01HP]	ACQueueManager   	ACQueueManager 	Error on trying to begin sync on folder Kalender : OFFLINE
11-17 20:30:37.462 V/ClClient( 3872): V	2015-11-17T20:30:37.464+0100	[ci=k1DMXn01HP]	ACQueueManager   	ClClient       	SEND(20530)	GetMoreForFolderRequest_274(accountID:1, folderID:22, forceFolderExpansion:false)
11-17 20:30:37.462 W/ClClient( 3872): W	2015-11-17T20:30:37.467+0100	[ci=k1DMXn01HP]	ACQueueManager   	ClClient       	DISCARD(20530)   STOPPED
11-17 20:30:37.462 E/ACQueueManager( 3872): E	2015-11-17T20:30:37.468+0100	[ci=k1DMXn01HP]	ACQueueManager   	ACQueueManager 	Error on trying to begin sync on folder Kalender : OFFLINE
11-17 20:30:40.042 D/ClClient( 3872): D	2015-11-17T20:30:40.043+0100	[ci=k1DMXn01HP]	pool-5-thread-1  	ClClient       	Not sending keepalive.  Current connection state=STOPPED
11-17 20:30:42.502 V/ClClient( 3872): V	2015-11-17T20:30:42.506+0100	[ci=k1DMXn01HP]	ACQueueManager   	ClClient       	SEND(20531)	GetMoreForFolderRequest_274(accountID:1, folderID:22, forceFolderExpansion:false)
11-17 20:30:42.507 W/ClClient( 3872): W	2015-11-17T20:30:42.509+0100	[ci=k1DMXn01HP]	ACQueueManager   	ClClient       	DISCARD(20531)   STOPPED
11-17 20:30:42.522 E/ACQueueManager( 3872): E	2015-11-17T20:30:42.511+0100	[ci=k1DMXn01HP]	ACQueueManager   	ACQueueManager 	Error on trying to begin sync on folder Kalender : OFFLINE
11-17 20:30:42.662 D/dalvikvm( 3872): GC_CONCURRENT freed 2186K, 41% free 16225K/27244K, paused 10ms+15ms, total 151ms
11-17 20:31:19.372 D/KeyguardUpdateMonitor( 2607): received broadcast android.intent.action.TIME_TICK
11-17 20:31:19.377 D/KeyguardUpdateMonitor( 2607): handleTimeUpdate
11-17 20:31:19.462 D/AlarmManagerService( 2419): Kernel timezone updated to -60 minutes west of GMT
11-17 20:31:19.482 D/Mms/DownloadManager( 5632): Service state changed: Bundle[mParcelledData.dataSize=780]
11-17 20:31:19.487 D/PopupuiReceiver( 3648): onReceive() getAction : android.intent.action.NETWORK_SET_TIMEZONE
11-17 20:31:19.492 D/PopupuiReceiver( 3648): NETWORK_SET_TIME prevMCCvalue : -111
11-17 20:31:19.492 D/PopupuiReceiver( 3648): gsm.operator.numeric : 232
11-17 20:31:19.492 D/PhoneApp( 2770): PhoneUtilsExt.getEmergencyMode():0 serviceState:0 isAirplanemodeEnabledDuringEmergencyMode :false
11-17 20:31:19.497 D/Mms/DownloadManager( 5632): roaming ------> false
11-17 20:31:19.497 D/Mms/DownloadManager( 5632): mAutoDownload ------> true
11-17 20:31:19.507 D/PhoneApp( 2770): mReceiver: ACTION_ANY_DATA_CONNECTION_STATE_CHANGED
11-17 20:31:19.507 D/FileWriteThread( 2770): FileWriteThread : threadType = 2
11-17 20:31:19.512 D/NotificationMgr( 2770): hideDataDisconnectedRoaming()...
11-17 20:31:19.522 D/PopupuiReceiver( 3648): MCC init : mccstrcmp
11-17 20:31:19.542 I/BootupListener( 2770): mPendingNetworkManualSelection : false
11-17 20:31:19.552 D/StatusChecker( 3679): onReceive : android.intent.action.SERVICE_STATE
11-17 20:31:19.557 D/StatusChecker( 3679): Service state changed : 0
11-17 20:31:19.737 D/dalvikvm( 2419): GC_CONCURRENT freed 6946K, 22% free 38214K/48620K, paused 10ms+25ms, total 291ms
11-17 20:31:19.737 D/dalvikvm( 2419): WAIT_FOR_CONCURRENT_GC blocked 178ms
11-17 20:31:20.197 V/ClClient( 3872): V	2015-11-17T20:31:20.201+0100	[ci=k1DMXn01HP]	ACQueueManager   	ClClient       	SEND(20532)	GetMoreForFolderRequest_274(accountID:1, folderID:22, forceFolderExpansion:false)
11-17 20:31:20.197 W/ClClient( 3872): W	2015-11-17T20:31:20.203+0100	[ci=k1DMXn01HP]	ACQueueManager   	ClClient       	DISCARD(20532)   STOPPED
11-17 20:31:20.202 E/ACQueueManager( 3872): E	2015-11-17T20:31:20.205+0100	[ci=k1DMXn01HP]	ACQueueManager   	ACQueueManager 	Error on trying to begin sync on folder Kalender : OFFLINE
11-17 20:31:21.812 I/SensorManagerA( 2750): getReportingMode :: sensor.mType = 1
11-17 20:31:21.817 I/Sensors ( 2419): HAL: batch Dry Run is complete
11-17 20:31:21.817 I/Sensors ( 2419): HAL:resetDataRates mEnabled=4
11-17 20:31:21.827 D/SensorManager( 2750): registerListener :: 2, MPL Accelerometer, 20000, 0,  
11-17 20:31:22.677 D/ClClient( 3872): D	2015-11-17T20:31:22.682+0100	[ci=k1DMXn01HP]	pool-5-thread-1  	ClClient       	Not sending keepalive.  Current connection state=STOPPED
11-17 20:31:25.247 V/ClClient( 3872): V	2015-11-17T20:31:25.253+0100	[ci=k1DMXn01HP]	ACQueueManager   	ClClient       	SEND(20533)	GetMoreForFolderRequest_274(accountID:1, folderID:22, forceFolderExpansion:false)
11-17 20:31:25.247 W/ClClient( 3872): W	2015-11-17T20:31:25.254+0100	[ci=k1DMXn01HP]	ACQueueManager   	ClClient       	DISCARD(20533)   STOPPED
11-17 20:31:25.247 E/ACQueueManager( 3872): E	2015-11-17T20:31:25.255+0100	[ci=k1DMXn01HP]	ACQueueManager   	ACQueueManager 	Error on trying to begin sync on folder Kalender : OFFLINE
11-17 20:31:25.282 V/MPL-storeload( 2419): inv_get_mpl state size = 6040
11-17 20:31:25.282 V/MPL-storeload( 2419): calData from inv_save_mpl_states, size=2
11-17 20:31:25.282 V/MPL-storeload( 2419): cal data size to write = 6040
11-17 20:31:25.282 V/MPL-storeload( 2419): Bytes written = 6040
11-17 20:31:25.282 D/SensorManager( 2750): unregisterListener ::   
11-17 20:31:25.367 I/SensorManagerA( 2750): getReportingMode :: sensor.mType = 1
11-17 20:31:25.372 I/Sensors ( 2419): HAL: batch Dry Run is complete
11-17 20:31:25.372 I/Sensors ( 2419): HAL:resetDataRates mEnabled=4
11-17 20:31:25.382 D/SensorManager( 2750): registerListener :: 2, MPL Accelerometer, 20000, 0,  
11-17 20:31:28.842 V/MPL-storeload( 2419): inv_get_mpl state size = 6040
11-17 20:31:28.842 V/MPL-storeload( 2419): calData from inv_save_mpl_states, size=2
11-17 20:31:28.842 V/MPL-storeload( 2419): cal data size to write = 6040
11-17 20:31:28.842 V/MPL-storeload( 2419): Bytes written = 6040
11-17 20:31:28.842 D/SensorManager( 2750): unregisterListener ::   
11-17 20:31:28.887 I/SensorManagerA( 2750): getReportingMode :: sensor.mType = 1
11-17 20:31:28.892 I/Sensors ( 2419): HAL: batch Dry Run is complete
11-17 20:31:28.892 I/Sensors ( 2419): HAL:resetDataRates mEnabled=4
11-17 20:31:28.902 D/SensorManager( 2750): registerListener :: 2, MPL Accelerometer, 20000, 0,  
11-17 20:31:30.282 V/ClClient( 3872): V	2015-11-17T20:31:30.288+0100	[ci=k1DMXn01HP]	ACQueueManager   	ClClient       	SEND(20534)	GetMoreForFolderRequest_274(accountID:1, folderID:22, forceFolderExpansion:false)
11-17 20:31:30.287 W/ClClient( 3872): W	2015-11-17T20:31:30.293+0100	[ci=k1DMXn01HP]	ACQueueManager   	ClClient       	DISCARD(20534)   STOPPED
11-17 20:31:30.332 E/ACQueueManager( 3872): E	2015-11-17T20:31:30.294+0100	[ci=k1DMXn01HP]	ACQueueManager   	ACQueueManager 	Error on trying to begin sync on folder Kalender : OFFLINE
11-17 20:31:32.362 V/MPL-storeload( 2419): inv_get_mpl state size = 6040
11-17 20:31:32.362 V/MPL-storeload( 2419): calData from inv_save_mpl_states, size=2
11-17 20:31:32.362 V/MPL-storeload( 2419): cal data size to write = 6040
11-17 20:31:32.362 V/MPL-storeload( 2419): Bytes written = 6040
11-17 20:31:32.362 D/SensorManager( 2750): unregisterListener ::   
11-17 20:31:32.677 D/ClClient( 3872): D	2015-11-17T20:31:32.682+0100	[ci=k1DMXn01HP]	pool-5-thread-1  	ClClient       	Not sending keepalive.  Current connection state=STOPPED
11-17 20:31:35.387 V/ClClient( 3872): V	2015-11-17T20:31:35.393+0100	[ci=k1DMXn01HP]	ACQueueManager   	ClClient       	SEND(20535)	GetMoreForFolderRequest_274(accountID:1, folderID:22, forceFolderExpansion:false)
11-17 20:31:35.387 W/ClClient( 3872): W	2015-11-17T20:31:35.394+0100	[ci=k1DMXn01HP]	ACQueueManager   	ClClient       	DISCARD(20535)   STOPPED
11-17 20:31:35.392 E/ACQueueManager( 3872): E	2015-11-17T20:31:35.395+0100	[ci=k1DMXn01HP]	ACQueueManager   	ACQueueManager 	Error on trying to begin sync on folder Kalender : OFFLINE
11-17 20:31:40.437 V/ClClient( 3872): V	2015-11-17T20:31:40.443+0100	[ci=k1DMXn01HP]	ACQueueManager   	ClClient       	SEND(20536)	GetMoreForFolderRequest_274(accountID:1, folderID:22, forceFolderExpansion:false)
