11-17 21:11:34.407 D/RCPManagerService( 2419): getPolicy: policy value returned = false
11-17 21:11:34.407 D/RCPManagerService( 2419): going to get the app label for pkg == com.android.systemui
11-17 21:11:34.407 D/RCPManagerService( 2419): app label == com.android.systemui
11-17 21:11:34.412 D/RCPManagerService( 2419): getPolicy: Policy checking block entered for Notifications; for user/persona = -1 ; Policy = knox-export-data ; token = 4294967298419
11-17 21:11:34.412 D/KeyguardUpdateMonitor( 2607): sendKeyguardVisibilityChanged(true)
11-17 21:11:34.412 D/RCPManagerService( 2419): getPolicy: policy value returned = true
11-17 21:11:34.412 D/RCPManagerService( 2419): Calling User is -1
11-17 21:11:34.412 I/SurfaceFlinger( 1921): id=995 Removed hps_hawk (26/28)
11-17 21:11:34.412 D/RCPManagerService( 2419): userid of SBN ==-1
11-17 21:11:34.412 I/SurfaceFlinger( 1921): id=995 Removed hps_hawk (-2/28)
11-17 21:11:34.412 D/ProgressBar( 2607): setProgressDrawable drawableHeight = 12
11-17 21:11:34.417 D/KeyguardUpdateMonitor( 2607): sendKeyguardVisibilityChanged(true)
11-17 21:11:34.417 I/Sensors ( 2419): HAL:resetDataRates mEnabled=132
11-17 21:11:34.477 D/SensorManager( 2750): registerListener :: 7, MPL Rotation Vector, 200000, 0,  
11-17 21:11:34.642 D/gpsd    ( 1937): CALL_SENTRY(main()): GlEngine::OnStart took 252 ms (from 367533765 to 367534017) (logOverhead=0,0,0), start: 21:11:34.396
11-17 21:11:34.647 D/gpsd    ( 1937): CALL_SENTRY(main()): marshal_gps_start took 293 ms (from 367533732 to 367534025) (logOverhead=0,0,0), start: 21:11:34.363
11-17 21:11:34.647 D/gpsd    ( 1937): CALL_SENTRY(main()): ProcessEvent took 293 ms (from 367533732 to 367534025) (logOverhead=0,0,0), start: 21:11:34.363
11-17 21:11:34.702 D/dalvikvm(13761): GC_FOR_ALLOC freed 7392K, 40% free 13334K/22196K, paused 65ms, total 65ms
11-17 21:11:34.822 D/dalvikvm( 2419): GC_EXPLICIT freed 4981K, 22% free 38097K/48620K, paused 13ms+34ms, total 386ms
11-17 21:11:34.827 D/KeyguardUpdateMonitor( 2607): handleKeyguardVisibilityChanged(1)
11-17 21:11:34.827 D/KeyguardUpdateMonitor( 2607): handleKeyguardVisibilityChanged(1)
11-17 21:11:35.242 I/InputReader( 2419): Touch event's action is 0x0 (deviceType=0) [pCnt=1, s=0.2528 ] when=103375178034000
11-17 21:11:35.242 I/InputDispatcher( 2419): Delivering touch to: action: 0x4, toolType: 1
11-17 21:11:35.242 I/InputDispatcher( 2419): Delivering touch to: action: 0x0, toolType: 1
11-17 21:11:35.592 I/InputReader( 2419): Touch event's action is 0x1 (deviceType=0) [pCnt=1, s=] when=103375532064000
11-17 21:11:35.592 I/InputDispatcher( 2419): Delivering touch to: action: 0x1, toolType: 1
11-17 21:11:35.597 V/gps.fhv.at.gps_hawk(13761): Hit vehicle-Button: 2131624073
11-17 21:11:35.602 I/gps.fhv.at.gps_hawk(13761): Vehicle changed: 2
11-17 21:11:36.187 V/ClClient( 3872): V	2015-11-17T21:11:36.191+0100	[ci=k1DMXn01HP]	ACQueueManager   	ClClient       	SEND(20600)	GetMoreForFolderRequest_274(accountID:1, folderID:22, forceFolderExpansion:false)
11-17 21:11:36.187 W/ClClient( 3872): W	2015-11-17T21:11:36.193+0100	[ci=k1DMXn01HP]	ACQueueManager   	ClClient       	DISCARD(20600)   STOPPED
11-17 21:11:36.187 E/ACQueueManager( 3872): E	2015-11-17T21:11:36.195+0100	[ci=k1DMXn01HP]	ACQueueManager   	ACQueueManager 	Error on trying to begin sync on folder Kalender : OFFLINE
11-17 21:11:37.992 D/GpsLocationProvider( 2419): TTFF: 3634
11-17 21:11:38.007 I/Sensors ( 2419): HAL:resetDataRates mEnabled=132
11-17 21:11:38.042 I/InputReader( 2419): Touch event's action is 0x0 (deviceType=0) [pCnt=1, s=0.2529 ] when=103377982317000
11-17 21:11:38.047 I/InputDispatcher( 2419): Delivering touch to: action: 0x4, toolType: 1
11-17 21:11:38.047 I/InputDispatcher( 2419): Delivering touch to: action: 0x0, toolType: 1
11-17 21:11:38.047 D/NotificationService( 2419): Sending broadcast with sbn as extra = StatusBarNotification(pkg=com.android.systemui user=UserHandle{-1} id=252119 tag=null score=10: Notification(pri=1 icon=10808ae contentView=com.android.systemui/0x1090080 vibrate=null sound=null defaults=0x0 flags=0x2 when=1447791098032 ledARGB=0x0 contentIntent=Y deleteIntent=N contentTitle=29 contentText=N originalPackageName=N tickerText=N kind=[null]))
11-17 21:11:38.057 D/RCPManagerService( 2419): NotificationReceiver onReceive()
11-17 21:11:38.057 D/RCPManagerService( 2419):  NotificationReceiver sbn.getPackageName() com.android.systemui sbn.getUser().getIdentifier() -1
11-17 21:11:38.057 D/RCPManagerService( 2419): getPolicy: Policy checking block entered for Notifications; for user/persona = -1 ; Policy = knox-sanitize-data ; token = 4294967298419
11-17 21:11:38.057 D/RCPManagerService( 2419): getPolicy: policy value returned = false
11-17 21:11:38.057 D/RCPManagerService( 2419): going to get the app label for pkg == com.android.systemui
11-17 21:11:38.057 D/RCPManagerService( 2419): app label == com.android.systemui
11-17 21:11:38.057 D/RCPManagerService( 2419): getPolicy: Policy checking block entered for Notifications; for user/persona = -1 ; Policy = knox-export-data ; token = 4294967298419
11-17 21:11:38.062 D/RCPManagerService( 2419): getPolicy: policy value returned = true
11-17 21:11:38.062 D/RCPManagerService( 2419): Calling User is -1
11-17 21:11:38.062 D/RCPManagerService( 2419): userid of SBN ==-1
11-17 21:11:38.067 D/SensorManager( 2750): unregisterListener ::   
11-17 21:11:38.067 V/MPL-storeload( 2419): inv_get_mpl state size = 6040
11-17 21:11:38.067 V/MPL-storeload( 2419): calData from inv_save_mpl_states, size=2
11-17 21:11:38.067 V/MPL-storeload( 2419): cal data size to write = 6040
11-17 21:11:38.072 V/MPL-storeload( 2419): Bytes written = 6040
11-17 21:11:38.072 V/MPL-storeload( 2419): inv_get_mpl state size = 6040
11-17 21:11:38.072 V/MPL-storeload( 2419): calData from inv_save_mpl_states, size=2
11-17 21:11:38.072 V/MPL-storeload( 2419): cal data size to write = 6040
11-17 21:11:38.072 V/MPL-storeload( 2419): Bytes written = 6040
11-17 21:11:38.072 D/Sensors ( 2419): Magnetic enable: mEnabled 1, handle 3, en 0
11-17 21:11:38.102 D/ALPS    ( 2419): save ALPS calibration file.
11-17 21:11:38.102 E/ALPS    ( 2419): Couldn't open ALPS calibration file.
11-17 21:11:38.102 I/Sensors ( 2419): HAL:resetDataRates mEnabled=4
11-17 21:11:38.112 D/SensorManager( 2750): unregisterListener ::   
11-17 21:11:38.237 I/InputReader( 2419): Touch event's action is 0x1 (deviceType=0) [pCnt=1, s=] when=103378177810000
11-17 21:11:38.237 I/InputDispatcher( 2419): Delivering touch to: action: 0x1, toolType: 1
11-17 21:11:38.272 D/gps.fhv.at.gps_hawk(13761): addingWaypoint: true
11-17 21:11:38.277 V/gps.fhv.at.gps_hawk(13761): LocationService - OnStartCommand
11-17 21:11:38.297 D/LocationManagerService( 2419): request 43b5b0c0 gps Request[ACCURACY_FINE gps requested=+5s0ms fastest=+5s0ms] from gps.fhv.at.gps_hawk(10180)
11-17 21:11:38.297 D/LocationManagerService( 2419): provider request: gps ProviderRequest[ON interval=+5s0ms]
11-17 21:11:38.302 D/GpsLocationProvider( 2419): setRequest ProviderRequest[ON interval=+5s0ms]
11-17 21:11:38.312 D/LocationManagerService( 2419): getProviders()=[gps]
11-17 21:11:38.312 D/LocationManagerService( 2419): getBestProvider(Criteria[power=NO_REQ acc=HIGH], false)=gps
11-17 21:11:38.312 V/gps.fhv.at.gps_hawk(13761): GpsWorker started GPS Tracking
11-17 21:11:38.312 D/LocationManagerService( 2419): getLastLocation: Request[ACCURACY_FINE gps requested=0 fastest=0 num=1]
11-17 21:11:38.317 D/ProgressBar( 2607): setProgressDrawable drawableHeight = 12
11-17 21:11:38.317 I/gps.fhv.at.gps_hawk(13761): Location[gps 47,358837,9,696572 acc=48 et=+4d6h5m37s366ms alt=612.8559857542978 vel=1.0643811 bear=226.39638 {Bundle[mParcelledData.dataSize=44]}]
11-17 21:11:38.327 E/SensorService( 2419): Permission Denial : SEC Private Sensor 
11-17 21:11:38.327 E/SensorService( 2419): Permission Denial : SEC Private Sensor 
11-17 21:11:38.342 I/SensorManagerA(13761): getReportingMode :: sensor.mType = 1
11-17 21:11:38.352 I/Sensors ( 2419): HAL: batch Dry Run is complete
11-17 21:11:38.352 D/SensorManager(13761): registerListener :: 2, MPL Accelerometer, 200000, 0,  
11-17 21:11:39.042 I/gps.fhv.at.gps_hawk(13761): onLocationChanged
